<?xml version="1.0" encoding="utf-8"?>
<TestRun id="9c9853fc-d0db-4c7a-9f9c-f65be7733dcf" name="@tagekyc-lab 2026-09-28 13:33:06" xmlns="http://microsoft.com/schemas/VisualStudio/TeamTest/2010">
  <Times creation="2026-09-28T13:33:06.6131582+00:00" queuing="2026-09-28T13:33:06.6131582+00:00" start="2026-09-28T13:33:05.3549015+00:00" finish="2026-09-28T13:33:06.6664083+00:00" />
  <TestSettings name="default" id="12b2da47-1e6e-4e9a-92bf-10b74b7e8418">
    <Deployment runDeploymentRoot="_tagekyc-lab_2026-09-28_13_33_06" />
  </TestSettings>
  <Results>
    <UnitTestResult executionId="84ad812c-334c-435b-908d-f03055bbb07e" testId="f8b90d91-52b8-709d-9bdc-fef8bf3be8d6" testName="TagEkyc.IntegrationTests.ProductionCompositionCorrectionTests.Recipient_package_composition_registers_exact_three_role_factory" computerName="tagekyc-lab" duration="00:00:00.0058430" startTime="2026-09-28T13:33:06.5239254+00:00" endTime="2026-09-28T13:33:06.5239256+00:00" testType="13cdc9d9-ddb5-4fa4-a97d-d965ccfc6d4b" outcome="Passed" testListId="8c84fa94-04c1-424b-9868-57a2d4851a1d" relativeResultsDirectory="84ad812c-334c-435b-908d-f03055bbb07e" />
    <UnitTestResult executionId="ae15b172-0082-4e41-ae09-f7122ad54928" testId="edfa2e98-b249-825a-668d-b637c26ce7a3" testName="TagEkyc.IntegrationTests.ProductionCompositionCorrectionTests.Provisioning_category_scope_boundary_covers_exact_site_credentials(category: OperatorAdmin, scope: &quot;capture.raw-export.site-qualification&quot;, expected: False)" computerName="tagekyc-lab" duration="00:00:00.0000033" startTime="2026-09-28T13:33:06.5181924+00:00" endTime="2026-09-28T13:33:06.5181925+00:00" testType="13cdc9d9-ddb5-4fa4-a97d-d965ccfc6d4b" outcome="Passed" testListId="8c84fa94-04c1-424b-9868-57a2d4851a1d" relativeResultsDirectory="ae15b172-0082-4e41-ae09-f7122ad54928" />
    <UnitTestResult executionId="9b08bdcd-4d24-4a9b-aae7-0508b6914b2a" testId="35da3392-a083-8558-cd39-4059ffb4cc74" testName="TagEkyc.IntegrationTests.ProductionCompositionCorrectionTests.Missing_runtime_owner_configuration_keeps_prepared_graph_lazy" computerName="tagekyc-lab" duration="00:00:00.0007957" startTime="2026-09-28T13:33:06.5653028+00:00" endTime="2026-09-28T13:33:06.5653029+00:00" testType="13cdc9d9-ddb5-4fa4-a97d-d965ccfc6d4b" outcome="Passed" testListId="8c84fa94-04c1-424b-9868-57a2d4851a1d" relativeResultsDirectory="9b08bdcd-4d24-4a9b-aae7-0508b6914b2a" />
    <UnitTestResult executionId="cf526b72-0fe4-41b8-ad78-ff4482d96b9e" testId="9ec261f7-a3fa-5688-e939-437dbbca1555" testName="TagEkyc.IntegrationTests.ProductionCompositionCorrectionTests.Provisioning_category_scope_boundary_covers_exact_site_credentials(category: CaptureAgent, scope: &quot;capture.raw-export.site-qualification&quot;, expected: True)" computerName="tagekyc-lab" duration="00:00:00.0003497" startTime="2026-09-28T13:33:06.5179707+00:00" endTime="2026-09-28T13:33:06.5179709+00:00" testType="13cdc9d9-ddb5-4fa4-a97d-d965ccfc6d4b" outcome="Passed" testListId="8c84fa94-04c1-424b-9868-57a2d4851a1d" relativeResultsDirectory="cf526b72-0fe4-41b8-ad78-ff4482d96b9e" />
    <UnitTestResult executionId="6f2a608f-0ad2-482b-9216-3894f1384316" testId="073b6a96-772e-5d07-4812-3f5caf697552" testName="TagEkyc.IntegrationTests.ProductionCompositionCorrectionTests.Production_api_composition_registers_existing_runtime_owners_without_fixture_fallback" computerName="tagekyc-lab" duration="00:00:00.0266591" startTime="2026-09-28T13:33:06.4277492+00:00" endTime="2026-09-28T13:33:06.4277494+00:00" testType="13cdc9d9-ddb5-4fa4-a97d-d965ccfc6d4b" outcome="Passed" testListId="8c84fa94-04c1-424b-9868-57a2d4851a1d" relativeResultsDirectory="6f2a608f-0ad2-482b-9216-3894f1384316" />
    <UnitTestResult executionId="4b9d1379-a7ce-4d10-b37b-e01126f788d5" testId="06e75008-3fdd-0cde-000e-2194ee7fa912" testName="TagEkyc.IntegrationTests.ProductionCompositionCorrectionTests.Production_recipient_factory_rejects_direct_connection_strings" computerName="tagekyc-lab" duration="00:00:00.0066584" startTime="2026-09-28T13:33:06.4343287+00:00" endTime="2026-09-28T13:33:06.4343288+00:00" testType="13cdc9d9-ddb5-4fa4-a97d-d965ccfc6d4b" outcome="Passed" testListId="8c84fa94-04c1-424b-9868-57a2d4851a1d" relativeResultsDirectory="4b9d1379-a7ce-4d10-b37b-e01126f788d5" />
    <UnitTestResult executionId="4404f234-e5f2-42a2-a85b-2b5ed1b28248" testId="3fb7944c-e11f-6c5b-04f0-e2eaa8386298" testName="TagEkyc.IntegrationTests.ProductionCompositionCorrectionTests.Existing_managed_key_generator_always_round_trips_fixed_length_prefix" computerName="tagekyc-lab" duration="00:00:00.0048963" startTime="2026-09-28T13:33:06.5650374+00:00" endTime="2026-09-28T13:33:06.5650375+00:00" testType="13cdc9d9-ddb5-4fa4-a97d-d965ccfc6d4b" outcome="Passed" testListId="8c84fa94-04c1-424b-9868-57a2d4851a1d" relativeResultsDirectory="4404f234-e5f2-42a2-a85b-2b5ed1b28248" />
    <UnitTestResult executionId="429bd00b-de9a-458b-bbdb-c4f6dfa398ac" testId="9be3131c-6c39-b3f3-de20-3294d43a4f6a" testName="TagEkyc.IntegrationTests.ProductionCompositionCorrectionTests.Production_broker_composition_rejects_direct_connection_string" computerName="tagekyc-lab" duration="00:00:00.0181784" startTime="2026-09-28T13:33:06.4046588+00:00" endTime="2026-09-28T13:33:06.4047489+00:00" testType="13cdc9d9-ddb5-4fa4-a97d-d965ccfc6d4b" outcome="Passed" testListId="8c84fa94-04c1-424b-9868-57a2d4851a1d" relativeResultsDirectory="429bd00b-de9a-458b-bbdb-c4f6dfa398ac" />
    <UnitTestResult executionId="9cf97e2d-7781-405e-a789-83d271d16915" testId="336d1eb1-abec-03c2-ab8a-3eb4bb0f40e9" testName="TagEkyc.IntegrationTests.ProductionCompositionCorrectionTests.Provisioning_category_scope_boundary_covers_exact_site_credentials(category: CaptureAgent, scope: &quot;operator.site-qualification.enroll&quot;, expected: False)" computerName="tagekyc-lab" duration="00:00:00.0000095" startTime="2026-09-28T13:33:06.5180698+00:00" endTime="2026-09-28T13:33:06.5180700+00:00" testType="13cdc9d9-ddb5-4fa4-a97d-d965ccfc6d4b" outcome="Passed" testListId="8c84fa94-04c1-424b-9868-57a2d4851a1d" relativeResultsDirectory="9cf97e2d-7781-405e-a789-83d271d16915" />
    <UnitTestResult executionId="ced48cc0-3a85-4780-a39f-035e90e0fb74" testId="9fbc6d68-bba9-aff3-4a4a-82565a3cd7d9" testName="TagEkyc.IntegrationTests.ProductionCompositionCorrectionTests.Provisioning_category_scope_boundary_covers_exact_site_credentials(category: OperatorAdmin, scope: &quot;operator.site-qualification.enroll&quot;, expected: True)" computerName="tagekyc-lab" duration="00:00:00.0029229" startTime="2026-09-28T13:33:06.5175944+00:00" endTime="2026-09-28T13:33:06.5175946+00:00" testType="13cdc9d9-ddb5-4fa4-a97d-d965ccfc6d4b" outcome="Passed" testListId="8c84fa94-04c1-424b-9868-57a2d4851a1d" relativeResultsDirectory="ced48cc0-3a85-4780-a39f-035e90e0fb74" />
    <UnitTestResult executionId="6011b9f7-d404-422a-8684-b7d57db9ecea" testId="fb7067aa-8e16-6004-46f2-6bec0a14e52e" testName="TagEkyc.IntegrationTests.ProductionCompositionCorrectionTests.Production_runtime_owner_composition_rejects_direct_connection_strings" computerName="tagekyc-lab" duration="00:00:00.0006132" startTime="2026-09-28T13:33:06.5652638+00:00" endTime="2026-09-28T13:33:06.5652639+00:00" testType="13cdc9d9-ddb5-4fa4-a97d-d965ccfc6d4b" outcome="Passed" testListId="8c84fa94-04c1-424b-9868-57a2d4851a1d" relativeResultsDirectory="6011b9f7-d404-422a-8684-b7d57db9ecea" />
    <UnitTestResult executionId="6b9e0a7e-aaa5-469f-839d-6472a679c5db" testId="b2ddc8a9-753b-6a2f-09c5-8b3f7942cfd2" testName="TagEkyc.IntegrationTests.ProductionCompositionCorrectionTests.Broker_composition_registers_existing_claim_services_and_exact_login" computerName="tagekyc-lab" duration="00:00:00.0801611" startTime="2026-09-28T13:33:06.5146785+00:00" endTime="2026-09-28T13:33:06.5146788+00:00" testType="13cdc9d9-ddb5-4fa4-a97d-d965ccfc6d4b" outcome="Passed" testListId="8c84fa94-04c1-424b-9868-57a2d4851a1d" relativeResultsDirectory="6b9e0a7e-aaa5-469f-839d-6472a679c5db" />
  </Results>
  <TestDefinitions>
    <UnitTest name="TagEkyc.IntegrationTests.ProductionCompositionCorrectionTests.Broker_composition_registers_existing_claim_services_and_exact_login" storage="/opt/tagekyc/candidates/production-composition/tests/tagekyc.integrationtests/bin/debug/net8.0/tagekyc.integrationtests.dll" id="b2ddc8a9-753b-6a2f-09c5-8b3f7942cfd2">
      <Execution id="6b9e0a7e-aaa5-469f-839d-6472a679c5db" />
      <TestMethod codeBase="/opt/tagekyc/candidates/production-composition/tests/TagEkyc.IntegrationTests/bin/Debug/net8.0/TagEkyc.IntegrationTests.dll" adapterTypeName="executor://xunit/VsTestRunner2/netcoreapp" className="TagEkyc.IntegrationTests.ProductionCompositionCorrectionTests" name="Broker_composition_registers_existing_claim_services_and_exact_login" />
    </UnitTest>
    <UnitTest name="TagEkyc.IntegrationTests.ProductionCompositionCorrectionTests.Production_recipient_factory_rejects_direct_connection_strings" storage="/opt/tagekyc/candidates/production-composition/tests/tagekyc.integrationtests/bin/debug/net8.0/tagekyc.integrationtests.dll" id="06e75008-3fdd-0cde-000e-2194ee7fa912">
      <Execution id="4b9d1379-a7ce-4d10-b37b-e01126f788d5" />
      <TestMethod codeBase="/opt/tagekyc/candidates/production-composition/tests/TagEkyc.IntegrationTests/bin/Debug/net8.0/TagEkyc.IntegrationTests.dll" adapterTypeName="executor://xunit/VsTestRunner2/netcoreapp" className="TagEkyc.IntegrationTests.ProductionCompositionCorrectionTests" name="Production_recipient_factory_rejects_direct_connection_strings" />
    </UnitTest>
    <UnitTest name="TagEkyc.IntegrationTests.ProductionCompositionCorrectionTests.Production_runtime_owner_composition_rejects_direct_connection_strings" storage="/opt/tagekyc/candidates/production-composition/tests/tagekyc.integrationtests/bin/debug/net8.0/tagekyc.integrationtests.dll" id="fb7067aa-8e16-6004-46f2-6bec0a14e52e">
      <Execution id="6011b9f7-d404-422a-8684-b7d57db9ecea" />
      <TestMethod codeBase="/opt/tagekyc/candidates/production-composition/tests/TagEkyc.IntegrationTests/bin/Debug/net8.0/TagEkyc.IntegrationTests.dll" adapterTypeName="executor://xunit/VsTestRunner2/netcoreapp" className="TagEkyc.IntegrationTests.ProductionCompositionCorrectionTests" name="Production_runtime_owner_composition_rejects_direct_connection_strings" />
    </UnitTest>
    <UnitTest name="TagEkyc.IntegrationTests.ProductionCompositionCorrectionTests.Missing_runtime_owner_configuration_keeps_prepared_graph_lazy" storage="/opt/tagekyc/candidates/production-composition/tests/tagekyc.integrationtests/bin/debug/net8.0/tagekyc.integrationtests.dll" id="35da3392-a083-8558-cd39-4059ffb4cc74">
      <Execution id="9b08bdcd-4d24-4a9b-aae7-0508b6914b2a" />
      <TestMethod codeBase="/opt/tagekyc/candidates/production-composition/tests/TagEkyc.IntegrationTests/bin/Debug/net8.0/TagEkyc.IntegrationTests.dll" adapterTypeName="executor://xunit/VsTestRunner2/netcoreapp" className="TagEkyc.IntegrationTests.ProductionCompositionCorrectionTests" name="Missing_runtime_owner_configuration_keeps_prepared_graph_lazy" />
    </UnitTest>
    <UnitTest name="TagEkyc.IntegrationTests.ProductionCompositionCorrectionTests.Production_broker_composition_rejects_direct_connection_string" storage="/opt/tagekyc/candidates/production-composition/tests/tagekyc.integrationtests/bin/debug/net8.0/tagekyc.integrationtests.dll" id="9be3131c-6c39-b3f3-de20-3294d43a4f6a">
      <Execution id="429bd00b-de9a-458b-bbdb-c4f6dfa398ac" />
      <TestMethod codeBase="/opt/tagekyc/candidates/production-composition/tests/TagEkyc.IntegrationTests/bin/Debug/net8.0/TagEkyc.IntegrationTests.dll" adapterTypeName="executor://xunit/VsTestRunner2/netcoreapp" className="TagEkyc.IntegrationTests.ProductionCompositionCorrectionTests" name="Production_broker_composition_rejects_direct_connection_string" />
    </UnitTest>
    <UnitTest name="TagEkyc.IntegrationTests.ProductionCompositionCorrectionTests.Recipient_package_composition_registers_exact_three_role_factory" storage="/opt/tagekyc/candidates/production-composition/tests/tagekyc.integrationtests/bin/debug/net8.0/tagekyc.integrationtests.dll" id="f8b90d91-52b8-709d-9bdc-fef8bf3be8d6">
      <Execution id="84ad812c-334c-435b-908d-f03055bbb07e" />
      <TestMethod codeBase="/opt/tagekyc/candidates/production-composition/tests/TagEkyc.IntegrationTests/bin/Debug/net8.0/TagEkyc.IntegrationTests.dll" adapterTypeName="executor://xunit/VsTestRunner2/netcoreapp" className="TagEkyc.IntegrationTests.ProductionCompositionCorrectionTests" name="Recipient_package_composition_registers_exact_three_role_factory" />
    </UnitTest>
    <UnitTest name="TagEkyc.IntegrationTests.ProductionCompositionCorrectionTests.Provisioning_category_scope_boundary_covers_exact_site_credentials(category: OperatorAdmin, scope: &quot;capture.raw-export.site-qualification&quot;, expected: False)" storage="/opt/tagekyc/candidates/production-composition/tests/tagekyc.integrationtests/bin/debug/net8.0/tagekyc.integrationtests.dll" id="edfa2e98-b249-825a-668d-b637c26ce7a3">
      <Execution id="ae15b172-0082-4e41-ae09-f7122ad54928" />
      <TestMethod codeBase="/opt/tagekyc/candidates/production-composition/tests/TagEkyc.IntegrationTests/bin/Debug/net8.0/TagEkyc.IntegrationTests.dll" adapterTypeName="executor://xunit/VsTestRunner2/netcoreapp" className="TagEkyc.IntegrationTests.ProductionCompositionCorrectionTests" name="Provisioning_category_scope_boundary_covers_exact_site_credentials" />
    </UnitTest>
    <UnitTest name="TagEkyc.IntegrationTests.ProductionCompositionCorrectionTests.Provisioning_category_scope_boundary_covers_exact_site_credentials(category: CaptureAgent, scope: &quot;operator.site-qualification.enroll&quot;, expected: False)" storage="/opt/tagekyc/candidates/production-composition/tests/tagekyc.integrationtests/bin/debug/net8.0/tagekyc.integrationtests.dll" id="336d1eb1-abec-03c2-ab8a-3eb4bb0f40e9">
      <Execution id="9cf97e2d-7781-405e-a789-83d271d16915" />
      <TestMethod codeBase="/opt/tagekyc/candidates/production-composition/tests/TagEkyc.IntegrationTests/bin/Debug/net8.0/TagEkyc.IntegrationTests.dll" adapterTypeName="executor://xunit/VsTestRunner2/netcoreapp" className="TagEkyc.IntegrationTests.ProductionCompositionCorrectionTests" name="Provisioning_category_scope_boundary_covers_exact_site_credentials" />
    </UnitTest>
    <UnitTest name="TagEkyc.IntegrationTests.ProductionCompositionCorrectionTests.Provisioning_category_scope_boundary_covers_exact_site_credentials(category: OperatorAdmin, scope: &quot;operator.site-qualification.enroll&quot;, expected: True)" storage="/opt/tagekyc/candidates/production-composition/tests/tagekyc.integrationtests/bin/debug/net8.0/tagekyc.integrationtests.dll" id="9fbc6d68-bba9-aff3-4a4a-82565a3cd7d9">
      <Execution id="ced48cc0-3a85-4780-a39f-035e90e0fb74" />
      <TestMethod codeBase="/opt/tagekyc/candidates/production-composition/tests/TagEkyc.IntegrationTests/bin/Debug/net8.0/TagEkyc.IntegrationTests.dll" adapterTypeName="executor://xunit/VsTestRunner2/netcoreapp" className="TagEkyc.IntegrationTests.ProductionCompositionCorrectionTests" name="Provisioning_category_scope_boundary_covers_exact_site_credentials" />
    </UnitTest>
    <UnitTest name="TagEkyc.IntegrationTests.ProductionCompositionCorrectionTests.Production_api_composition_registers_existing_runtime_owners_without_fixture_fallback" storage="/opt/tagekyc/candidates/production-composition/tests/tagekyc.integrationtests/bin/debug/net8.0/tagekyc.integrationtests.dll" id="073b6a96-772e-5d07-4812-3f5caf697552">
      <Execution id="6f2a608f-0ad2-482b-9216-3894f1384316" />
      <TestMethod codeBase="/opt/tagekyc/candidates/production-composition/tests/TagEkyc.IntegrationTests/bin/Debug/net8.0/TagEkyc.IntegrationTests.dll" adapterTypeName="executor://xunit/VsTestRunner2/netcoreapp" className="TagEkyc.IntegrationTests.ProductionCompositionCorrectionTests" name="Production_api_composition_registers_existing_runtime_owners_without_fixture_fallback" />
    </UnitTest>
    <UnitTest name="TagEkyc.IntegrationTests.ProductionCompositionCorrectionTests.Existing_managed_key_generator_always_round_trips_fixed_length_prefix" storage="/opt/tagekyc/candidates/production-composition/tests/tagekyc.integrationtests/bin/debug/net8.0/tagekyc.integrationtests.dll" id="3fb7944c-e11f-6c5b-04f0-e2eaa8386298">
      <Execution id="4404f234-e5f2-42a2-a85b-2b5ed1b28248" />
      <TestMethod codeBase="/opt/tagekyc/candidates/production-composition/tests/TagEkyc.IntegrationTests/bin/Debug/net8.0/TagEkyc.IntegrationTests.dll" adapterTypeName="executor://xunit/VsTestRunner2/netcoreapp" className="TagEkyc.IntegrationTests.ProductionCompositionCorrectionTests" name="Existing_managed_key_generator_always_round_trips_fixed_length_prefix" />
    </UnitTest>
    <UnitTest name="TagEkyc.IntegrationTests.ProductionCompositionCorrectionTests.Provisioning_category_scope_boundary_covers_exact_site_credentials(category: CaptureAgent, scope: &quot;capture.raw-export.site-qualification&quot;, expected: True)" storage="/opt/tagekyc/candidates/production-composition/tests/tagekyc.integrationtests/bin/debug/net8.0/tagekyc.integrationtests.dll" id="9ec261f7-a3fa-5688-e939-437dbbca1555">
      <Execution id="cf526b72-0fe4-41b8-ad78-ff4482d96b9e" />
      <TestMethod codeBase="/opt/tagekyc/candidates/production-composition/tests/TagEkyc.IntegrationTests/bin/Debug/net8.0/TagEkyc.IntegrationTests.dll" adapterTypeName="executor://xunit/VsTestRunner2/netcoreapp" className="TagEkyc.IntegrationTests.ProductionCompositionCorrectionTests" name="Provisioning_category_scope_boundary_covers_exact_site_credentials" />
    </UnitTest>
  </TestDefinitions>
  <TestEntries>
    <TestEntry testId="f8b90d91-52b8-709d-9bdc-fef8bf3be8d6" executionId="84ad812c-334c-435b-908d-f03055bbb07e" testListId="8c84fa94-04c1-424b-9868-57a2d4851a1d" />
    <TestEntry testId="edfa2e98-b249-825a-668d-b637c26ce7a3" executionId="ae15b172-0082-4e41-ae09-f7122ad54928" testListId="8c84fa94-04c1-424b-9868-57a2d4851a1d" />
    <TestEntry testId="35da3392-a083-8558-cd39-4059ffb4cc74" executionId="9b08bdcd-4d24-4a9b-aae7-0508b6914b2a" testListId="8c84fa94-04c1-424b-9868-57a2d4851a1d" />
    <TestEntry testId="9ec261f7-a3fa-5688-e939-437dbbca1555" executionId="cf526b72-0fe4-41b8-ad78-ff4482d96b9e" testListId="8c84fa94-04c1-424b-9868-57a2d4851a1d" />
    <TestEntry testId="073b6a96-772e-5d07-4812-3f5caf697552" executionId="6f2a608f-0ad2-482b-9216-3894f1384316" testListId="8c84fa94-04c1-424b-9868-57a2d4851a1d" />
    <TestEntry testId="06e75008-3fdd-0cde-000e-2194ee7fa912" executionId="4b9d1379-a7ce-4d10-b37b-e01126f788d5" testListId="8c84fa94-04c1-424b-9868-57a2d4851a1d" />
    <TestEntry testId="3fb7944c-e11f-6c5b-04f0-e2eaa8386298" executionId="4404f234-e5f2-42a2-a85b-2b5ed1b28248" testListId="8c84fa94-04c1-424b-9868-57a2d4851a1d" />
    <TestEntry testId="9be3131c-6c39-b3f3-de20-3294d43a4f6a" executionId="429bd00b-de9a-458b-bbdb-c4f6dfa398ac" testListId="8c84fa94-04c1-424b-9868-57a2d4851a1d" />
    <TestEntry testId="336d1eb1-abec-03c2-ab8a-3eb4bb0f40e9" executionId="9cf97e2d-7781-405e-a789-83d271d16915" testListId="8c84fa94-04c1-424b-9868-57a2d4851a1d" />
    <TestEntry testId="9fbc6d68-bba9-aff3-4a4a-82565a3cd7d9" executionId="ced48cc0-3a85-4780-a39f-035e90e0fb74" testListId="8c84fa94-04c1-424b-9868-57a2d4851a1d" />
    <TestEntry testId="fb7067aa-8e16-6004-46f2-6bec0a14e52e" executionId="6011b9f7-d404-422a-8684-b7d57db9ecea" testListId="8c84fa94-04c1-424b-9868-57a2d4851a1d" />
    <TestEntry testId="b2ddc8a9-753b-6a2f-09c5-8b3f7942cfd2" executionId="6b9e0a7e-aaa5-469f-839d-6472a679c5db" testListId="8c84fa94-04c1-424b-9868-57a2d4851a1d" />
  </TestEntries>
  <TestLists>
    <TestList name="Results Not in a List" id="8c84fa94-04c1-424b-9868-57a2d4851a1d" />
    <TestList name="All Loaded Results" id="19431567-8539-422a-85d7-44ee4e166bda" />
  </TestLists>
  <ResultSummary outcome="Completed">
    <Counters total="12" executed="12" passed="12" failed="0" error="0" timeout="0" aborted="0" inconclusive="0" passedButRunAborted="0" notRunnable="0" notExecuted="0" disconnected="0" warning="0" completed="0" inProgress="0" pending="0" />
    <Output>
      <StdOut>[xUnit.net 00:00:00.00] xUnit.net VSTest Adapter v2.5.3.1+6b60a9e56a (64-bit .NET 8.0.31)
[xUnit.net 00:00:00.21]   Discovering: TagEkyc.IntegrationTests
[xUnit.net 00:00:00.48]   Discovered:  TagEkyc.IntegrationTests
[xUnit.net 00:00:00.49]   Starting:    TagEkyc.IntegrationTests
[xUnit.net 00:00:00.73]   Finished:    TagEkyc.IntegrationTests
</StdOut>
    </Output>
  </ResultSummary>
</TestRun>