<?xml version="1.0" encoding="utf-8"?>
<TestRun id="19c6e899-d8b3-421f-89cd-8ccc0ce43e00" name="3AVNN@LEARNPC 2026-09-24 00:22:56" runUser="LEARNPC\3AVNN" xmlns="http://microsoft.com/schemas/VisualStudio/TeamTest/2010">
  <Times creation="2026-09-24T00:22:56.0089497+07:00" queuing="2026-09-24T00:22:56.0089499+07:00" start="2026-09-24T00:22:54.9166596+07:00" finish="2026-09-24T00:23:09.1409078+07:00" />
  <TestSettings name="default" id="adceeeea-5de0-49f3-8255-070b39768137">
    <Deployment runDeploymentRoot="3AVNN_LEARNPC_2026-09-24_00_22_56" />
  </TestSettings>
  <Results>
    <UnitTestResult executionId="8279c834-20a1-4dd1-af8e-80413caf130c" testId="bf83e683-e4e4-a34a-9c97-1f78e5bd0fb4" testName="TagEkyc.IntegrationTests.Tip88C1C6BA1RawIngressBoundaryTests.RawIngressA3Outcome_MapsWithoutReadingBody(outcome: TemporarilyUnavailable, status: 503, code: &quot;RAW_EXPORT_SOURCE_TEMPORARILY_UNAVAILABLE&quot;)" computerName="LEARNPC" duration="00:00:00.0200928" startTime="2026-09-24T00:23:07.9043215+07:00" endTime="2026-09-24T00:23:07.9043217+07:00" testType="13cdc9d9-ddb5-4fa4-a97d-d965ccfc6d4b" outcome="Passed" testListId="8c84fa94-04c1-424b-9868-57a2d4851a1d" relativeResultsDirectory="8279c834-20a1-4dd1-af8e-80413caf130c" />
    <UnitTestResult executionId="4dbcbf91-06d8-49f8-831f-f81bdbb78d21" testId="e7767f57-823d-514b-0a5f-44dd33f241ad" testName="TagEkyc.IntegrationTests.Tip88C1C6BA1RawIngressBoundaryTests.RawIngressA3Outcome_MapsWithoutReadingBody(outcome: AlreadyAvailable, status: 200, code: &quot;RAW_EXPORT_SOURCE_ALREADY_AVAILABLE&quot;)" computerName="LEARNPC" duration="00:00:00.0221474" startTime="2026-09-24T00:23:07.8841321+07:00" endTime="2026-09-24T00:23:07.8841322+07:00" testType="13cdc9d9-ddb5-4fa4-a97d-d965ccfc6d4b" outcome="Passed" testListId="8c84fa94-04c1-424b-9868-57a2d4851a1d" relativeResultsDirectory="4dbcbf91-06d8-49f8-831f-f81bdbb78d21" />
    <UnitTestResult executionId="04abc897-1d36-4452-8bb2-5c8361968a75" testId="b932cc1f-c9d7-96cf-5761-8ae6b5bf0195" testName="TagEkyc.IntegrationTests.Tip88C1C6BA1RawIngressBoundaryTests.RawIngressA3Outcome_MapsWithoutReadingBody(outcome: CapacityUnavailable, status: 503, code: &quot;RAW_EXPORT_SOURCE_CAPACITY_UNAVAILABLE&quot;)" computerName="LEARNPC" duration="00:00:00.0221439" startTime="2026-09-24T00:23:07.7556220+07:00" endTime="2026-09-24T00:23:07.7556222+07:00" testType="13cdc9d9-ddb5-4fa4-a97d-d965ccfc6d4b" outcome="Passed" testListId="8c84fa94-04c1-424b-9868-57a2d4851a1d" relativeResultsDirectory="04abc897-1d36-4452-8bb2-5c8361968a75" />
    <UnitTestResult executionId="009c58bf-180d-4ab0-a6d1-c9d0bc75deb0" testId="35802e9f-7ca2-a42f-92f8-a518c32fe48a" testName="TagEkyc.IntegrationTests.Tip88C1C6BA3ClientServerAcceptanceTests.All21ServerHttpResultsTraverseProductionAgentClient(outcome: SourceRetentionNotAuthorized, expectedStatus: 403, expectedCode: &quot;SOURCE_RETENTION_NOT_AUTHORIZED&quot;)" computerName="LEARNPC" duration="00:00:00.0050529" startTime="2026-09-24T00:22:56.0035472+07:00" endTime="2026-09-24T00:22:56.0035474+07:00" testType="13cdc9d9-ddb5-4fa4-a97d-d965ccfc6d4b" outcome="Passed" testListId="8c84fa94-04c1-424b-9868-57a2d4851a1d" relativeResultsDirectory="009c58bf-180d-4ab0-a6d1-c9d0bc75deb0" />
    <UnitTestResult executionId="c629f508-048d-4c57-bd10-c5c0ca5de4de" testId="47190e25-852f-8a68-be69-fc157e21a4c9" testName="TagEkyc.IntegrationTests.Tip88C1C6BA3ClientServerAcceptanceTests.All21ServerHttpResultsTraverseProductionAgentClient(outcome: BindingInvalid, expectedStatus: 403, expectedCode: &quot;RAW_EXPORT_SOURCE_BINDING_INVALID&quot;)" computerName="LEARNPC" duration="00:00:00.0050020" startTime="2026-09-24T00:22:55.9984102+07:00" endTime="2026-09-24T00:22:55.9984104+07:00" testType="13cdc9d9-ddb5-4fa4-a97d-d965ccfc6d4b" outcome="Passed" testListId="8c84fa94-04c1-424b-9868-57a2d4851a1d" relativeResultsDirectory="c629f508-048d-4c57-bd10-c5c0ca5de4de" />
    <UnitTestResult executionId="fb57a75d-0303-4880-8917-56c78cbfc322" testId="3cecf18e-ba2b-9e1b-6268-ec299f20f05e" testName="TagEkyc.IntegrationTests.Tip88C1C6BA1RawIngressBoundaryTests.RawIngressA3Outcome_MapsWithoutReadingBody(outcome: Available, status: 200, code: &quot;RAW_EXPORT_SOURCE_AVAILABLE&quot;)" computerName="LEARNPC" duration="00:00:00.0213420" startTime="2026-09-24T00:23:07.9871817+07:00" endTime="2026-09-24T00:23:07.9871818+07:00" testType="13cdc9d9-ddb5-4fa4-a97d-d965ccfc6d4b" outcome="Passed" testListId="8c84fa94-04c1-424b-9868-57a2d4851a1d" relativeResultsDirectory="fb57a75d-0303-4880-8917-56c78cbfc322" />
    <UnitTestResult executionId="2dc1ecf7-59c4-4a9c-8a3b-6e0d64cfa494" testId="bfc584f2-6661-7a80-c248-24bf328efa20" testName="TagEkyc.IntegrationTests.Tip88C1C6BA1RawIngressBoundaryTests.RawIngressA3Outcome_MapsWithoutReadingBody(outcome: IdempotencyBusy, status: 409, code: &quot;RAW_EXPORT_SOURCE_IDEMPOTENCY_BUSY&quot;)" computerName="LEARNPC" duration="00:00:00.0226772" startTime="2026-09-24T00:23:07.6676947+07:00" endTime="2026-09-24T00:23:07.6676949+07:00" testType="13cdc9d9-ddb5-4fa4-a97d-d965ccfc6d4b" outcome="Passed" testListId="8c84fa94-04c1-424b-9868-57a2d4851a1d" relativeResultsDirectory="2dc1ecf7-59c4-4a9c-8a3b-6e0d64cfa494" />
    <UnitTestResult executionId="75de2bfb-ef6d-4275-8d31-6a192ed89191" testId="927a5e7e-a692-662a-f776-35473b93485c" testName="TagEkyc.IntegrationTests.Tip88C1C6BA1RawIngressBoundaryTests.RawIngressA3Outcome_MapsWithoutReadingBody(outcome: ReservationBusy, status: 409, code: &quot;RAW_EXPORT_SOURCE_RESERVATION_BUSY&quot;)" computerName="LEARNPC" duration="00:00:00.0228033" startTime="2026-09-24T00:23:08.0100834+07:00" endTime="2026-09-24T00:23:08.0100835+07:00" testType="13cdc9d9-ddb5-4fa4-a97d-d965ccfc6d4b" outcome="Passed" testListId="8c84fa94-04c1-424b-9868-57a2d4851a1d" relativeResultsDirectory="75de2bfb-ef6d-4275-8d31-6a192ed89191" />
    <UnitTestResult executionId="6d3f30a0-41b6-4b08-a2f7-8a4bd6b662ce" testId="2e949a77-4150-cce7-9f54-0a2c3a783469" testName="TagEkyc.IntegrationTests.Tip88C1C6BA1RawIngressBoundaryTests.RawIngressA3Outcome_MapsWithoutReadingBody(outcome: HistoricCommitmentKeyUnavailable, status: 503, code: &quot;RAW_EXPORT_SOURCE_HISTORIC_COMMITMENT_KEY_UNAVAILA&quot;···)" computerName="LEARNPC" duration="00:00:00.0216635" startTime="2026-09-24T00:23:07.6016678+07:00" endTime="2026-09-24T00:23:07.6016679+07:00" testType="13cdc9d9-ddb5-4fa4-a97d-d965ccfc6d4b" outcome="Passed" testListId="8c84fa94-04c1-424b-9868-57a2d4851a1d" relativeResultsDirectory="6d3f30a0-41b6-4b08-a2f7-8a4bd6b662ce" />
    <UnitTestResult executionId="e5fcce5d-bc16-49dd-b499-adda6032259f" testId="1d886a94-aa55-d3df-a751-2b7a437ec0b4" testName="TagEkyc.IntegrationTests.Tip88C1C6BA1RawIngressBoundaryTests.RawIngressA3Outcome_MapsWithoutReadingBody(outcome: ContentCommitmentMismatch, status: 422, code: &quot;CONTENT_COMMITMENT_MISMATCH&quot;)" computerName="LEARNPC" duration="00:00:00.0211657" startTime="2026-09-24T00:23:07.7769104+07:00" endTime="2026-09-24T00:23:07.7769105+07:00" testType="13cdc9d9-ddb5-4fa4-a97d-d965ccfc6d4b" outcome="Passed" testListId="8c84fa94-04c1-424b-9868-57a2d4851a1d" relativeResultsDirectory="e5fcce5d-bc16-49dd-b499-adda6032259f" />
    <UnitTestResult executionId="a171fd5b-e87b-45d6-b2ae-6e9a48e5c8be" testId="970a6224-d4d3-6010-9596-d0fcf8bbb135" testName="TagEkyc.IntegrationTests.Tip88C1C6BA1RawIngressBoundaryTests.RawIngressA3Outcome_MapsWithoutReadingBody(outcome: FingerprintConflict, status: 409, code: &quot;RAW_EXPORT_SOURCE_FINGERPRINT_CONFLICT&quot;)" computerName="LEARNPC" duration="00:00:00.0212411" startTime="2026-09-24T00:23:07.6230303+07:00" endTime="2026-09-24T00:23:07.6230306+07:00" testType="13cdc9d9-ddb5-4fa4-a97d-d965ccfc6d4b" outcome="Passed" testListId="8c84fa94-04c1-424b-9868-57a2d4851a1d" relativeResultsDirectory="a171fd5b-e87b-45d6-b2ae-6e9a48e5c8be" />
    <UnitTestResult executionId="64cdd7b5-2daa-41fe-9d14-308e4e476504" testId="a29a227f-5d8a-5d49-0616-17e7d77788d2" testName="TagEkyc.IntegrationTests.Tip88C1C6BA1RawIngressBoundaryTests.RawIngressA3Outcome_MapsWithoutReadingBody(outcome: RecaptureRequired, status: 409, code: &quot;RECAPTURE_REQUIRED&quot;)" computerName="LEARNPC" duration="00:00:00.0320215" startTime="2026-09-24T00:23:07.8290253+07:00" endTime="2026-09-24T00:23:07.8290255+07:00" testType="13cdc9d9-ddb5-4fa4-a97d-d965ccfc6d4b" outcome="Passed" testListId="8c84fa94-04c1-424b-9868-57a2d4851a1d" relativeResultsDirectory="64cdd7b5-2daa-41fe-9d14-308e4e476504" />
    <UnitTestResult executionId="bb28ade0-99d4-4196-82da-e26abb375933" testId="faae9805-9f5a-17fa-e18c-3b157d1fa808" testName="TagEkyc.IntegrationTests.Tip88C1C6BA3ClientServerAcceptanceTests.All21ServerHttpResultsTraverseProductionAgentClient(outcome: ClaimTokenInvalid, expectedStatus: 403, expectedCode: &quot;RAW_EXPORT_SOURCE_CLAIM_TOKEN_INVALID&quot;)" computerName="LEARNPC" duration="00:00:00.0050443" startTime="2026-09-24T00:22:55.9298497+07:00" endTime="2026-09-24T00:22:55.9298498+07:00" testType="13cdc9d9-ddb5-4fa4-a97d-d965ccfc6d4b" outcome="Passed" testListId="8c84fa94-04c1-424b-9868-57a2d4851a1d" relativeResultsDirectory="bb28ade0-99d4-4196-82da-e26abb375933" />
    <UnitTestResult executionId="c986aa4e-eaa3-4d92-a3a7-febc3594de12" testId="1944480b-a936-77b8-bead-048a78cde4f5" testName="TagEkyc.IntegrationTests.Tip88C1C6BA1RawIngressBoundaryTests.RawIngressA3Outcome_MapsWithoutReadingBody(outcome: CapabilityUnavailable, status: 503, code: &quot;RAW_EXPORT_SOURCE_CAPABILITY_UNAVAILABLE&quot;)" computerName="LEARNPC" duration="00:00:00.1488961" startTime="2026-09-24T00:23:07.5483163+07:00" endTime="2026-09-24T00:23:07.5483164+07:00" testType="13cdc9d9-ddb5-4fa4-a97d-d965ccfc6d4b" outcome="Passed" testListId="8c84fa94-04c1-424b-9868-57a2d4851a1d" relativeResultsDirectory="c986aa4e-eaa3-4d92-a3a7-febc3594de12" />
    <UnitTestResult executionId="f6457749-dc99-4fca-b945-23c8f6c7fe24" testId="66c21ea4-beba-3be2-2449-8c8a6313ec60" testName="TagEkyc.IntegrationTests.Tip88C1C6BA1RawIngressBoundaryTests.RawIngressA3Outcome_MapsWithoutReadingBody(outcome: BindingInvalid, status: 403, code: &quot;RAW_EXPORT_SOURCE_BINDING_INVALID&quot;)" computerName="LEARNPC" duration="00:00:00.0216477" startTime="2026-09-24T00:23:07.6894590+07:00" endTime="2026-09-24T00:23:07.6894592+07:00" testType="13cdc9d9-ddb5-4fa4-a97d-d965ccfc6d4b" outcome="Passed" testListId="8c84fa94-04c1-424b-9868-57a2d4851a1d" relativeResultsDirectory="f6457749-dc99-4fca-b945-23c8f6c7fe24" />
    <UnitTestResult executionId="3f3f4762-0e41-40fd-96ff-7de95e1c457c" testId="be0ba722-ecce-c653-b0bf-02739939176d" testName="TagEkyc.IntegrationTests.Tip88C1C6BA3ClientServerAcceptanceTests.All21ServerHttpResultsTraverseProductionAgentClient(outcome: AlreadyAvailable, expectedStatus: 200, expectedCode: &quot;RAW_EXPORT_SOURCE_ALREADY_AVAILABLE&quot;)" computerName="LEARNPC" duration="00:00:00.0060885" startTime="2026-09-24T00:22:55.9882090+07:00" endTime="2026-09-24T00:22:55.9882091+07:00" testType="13cdc9d9-ddb5-4fa4-a97d-d965ccfc6d4b" outcome="Passed" testListId="8c84fa94-04c1-424b-9868-57a2d4851a1d" relativeResultsDirectory="3f3f4762-0e41-40fd-96ff-7de95e1c457c" />
    <UnitTestResult executionId="c3d60fa9-4f8c-4710-afe1-3180ae4054bd" testId="0fb030b9-2e2b-7184-4190-d333219794c4" testName="TagEkyc.IntegrationTests.Tip88C1C6BA1RawIngressBoundaryTests.RawIngressA3Outcome_MapsWithoutReadingBody(outcome: SourceRetentionNotAuthorized, status: 403, code: &quot;SOURCE_RETENTION_NOT_AUTHORIZED&quot;)" computerName="LEARNPC" duration="00:00:00.0198834" startTime="2026-09-24T00:23:07.7968962+07:00" endTime="2026-09-24T00:23:07.7968964+07:00" testType="13cdc9d9-ddb5-4fa4-a97d-d965ccfc6d4b" outcome="Passed" testListId="8c84fa94-04c1-424b-9868-57a2d4851a1d" relativeResultsDirectory="c3d60fa9-4f8c-4710-afe1-3180ae4054bd" />
    <UnitTestResult executionId="ab8cca96-57ec-4a8a-9fda-777eebdace5f" testId="4514e7f5-bd10-a416-2c56-b38ba487ac54" testName="TagEkyc.IntegrationTests.Tip88C1C6BA1RawIngressBoundaryTests.RawIngressA3Outcome_MapsWithoutReadingBody(outcome: EvaluationInProgress, status: 409, code: &quot;RAW_EXPORT_SOURCE_CLAIM_EVALUATION_IN_PROGRESS&quot;)" computerName="LEARNPC" duration="00:00:00.0204486" startTime="2026-09-24T00:23:07.9454831+07:00" endTime="2026-09-24T00:23:07.9454833+07:00" testType="13cdc9d9-ddb5-4fa4-a97d-d965ccfc6d4b" outcome="Passed" testListId="8c84fa94-04c1-424b-9868-57a2d4851a1d" relativeResultsDirectory="ab8cca96-57ec-4a8a-9fda-777eebdace5f" />
    <UnitTestResult executionId="d463bb1a-cea2-4bff-a1bc-f0b9c5477947" testId="e73a6476-9c00-0e7c-c644-5349e589047b" testName="TagEkyc.IntegrationTests.Tip88C1C6BA3ClientServerAcceptanceTests.All21ServerHttpResultsTraverseProductionAgentClient(outcome: ArtifactSizeLimitExceeded, expectedStatus: 413, expectedCode: &quot;RAW_EXPORT_SOURCE_ARTIFACT_SIZE_LIMIT_EXCEEDED&quot;)" computerName="LEARNPC" duration="00:00:00.0050333" startTime="2026-09-24T00:22:55.9933265+07:00" endTime="2026-09-24T00:22:55.9933267+07:00" testType="13cdc9d9-ddb5-4fa4-a97d-d965ccfc6d4b" outcome="Passed" testListId="8c84fa94-04c1-424b-9868-57a2d4851a1d" relativeResultsDirectory="d463bb1a-cea2-4bff-a1bc-f0b9c5477947" />
    <UnitTestResult executionId="05fc7dc8-a101-4c5d-a0a5-51e53808c59e" testId="603596fc-6979-0a1d-def4-296a8e86e67b" testName="TagEkyc.IntegrationTests.Tip88C1C6BA3ClientServerAcceptanceTests.All21ServerHttpResultsTraverseProductionAgentClient(outcome: ResumePending, expectedStatus: 202, expectedCode: &quot;RAW_EXPORT_SOURCE_RESUME_PENDING&quot;)" computerName="LEARNPC" duration="00:00:00.0067447" startTime="2026-09-24T00:22:55.9860586+07:00" endTime="2026-09-24T00:22:55.9860587+07:00" testType="13cdc9d9-ddb5-4fa4-a97d-d965ccfc6d4b" outcome="Passed" testListId="8c84fa94-04c1-424b-9868-57a2d4851a1d" relativeResultsDirectory="05fc7dc8-a101-4c5d-a0a5-51e53808c59e" />
    <UnitTestResult executionId="30b38677-1e2f-4aa4-96a8-821299d02cef" testId="38838ed3-3816-6c57-d197-2f89b1e59e82" testName="TagEkyc.IntegrationTests.Tip88C1C6BA3ClientServerAcceptanceTests.All21ServerHttpResultsTraverseProductionAgentClient(outcome: PlaintextRetentionInvalid, expectedStatus: 422, expectedCode: &quot;RAW_EXPORT_SOURCE_PLAINTEXT_RETENTION_INVALID&quot;)" computerName="LEARNPC" duration="00:00:00.0085776" startTime="2026-09-24T00:22:56.0275756+07:00" endTime="2026-09-24T00:22:56.0275757+07:00" testType="13cdc9d9-ddb5-4fa4-a97d-d965ccfc6d4b" outcome="Passed" testListId="8c84fa94-04c1-424b-9868-57a2d4851a1d" relativeResultsDirectory="30b38677-1e2f-4aa4-96a8-821299d02cef" />
    <UnitTestResult executionId="7b3a7c4e-300e-45e2-88a1-efcdfc27a2f8" testId="69a7122c-11f9-01dc-3790-bbafb991aa6d" testName="TagEkyc.IntegrationTests.Tip88C1C6BA3ClientServerAcceptanceTests.All21ServerHttpResultsTraverseProductionAgentClient(outcome: RecaptureRequired, expectedStatus: 409, expectedCode: &quot;RECAPTURE_REQUIRED&quot;)" computerName="LEARNPC" duration="00:00:00.0048641" startTime="2026-09-24T00:22:55.9863235+07:00" endTime="2026-09-24T00:22:55.9863236+07:00" testType="13cdc9d9-ddb5-4fa4-a97d-d965ccfc6d4b" outcome="Passed" testListId="8c84fa94-04c1-424b-9868-57a2d4851a1d" relativeResultsDirectory="7b3a7c4e-300e-45e2-88a1-efcdfc27a2f8" />
    <UnitTestResult executionId="a52e543e-b582-4f47-bf13-830ace618e00" testId="9810a9cd-abcc-8a52-40ba-e026aafe820b" testName="TagEkyc.IntegrationTests.Tip88C1C6BA3ClientServerAcceptanceTests.All21ServerHttpResultsTraverseProductionAgentClient(outcome: ReservationBusy, expectedStatus: 409, expectedCode: &quot;RAW_EXPORT_SOURCE_RESERVATION_BUSY&quot;)" computerName="LEARNPC" duration="00:00:00.0044818" startTime="2026-09-24T00:22:55.9344091+07:00" endTime="2026-09-24T00:22:55.9344092+07:00" testType="13cdc9d9-ddb5-4fa4-a97d-d965ccfc6d4b" outcome="Passed" testListId="8c84fa94-04c1-424b-9868-57a2d4851a1d" relativeResultsDirectory="a52e543e-b582-4f47-bf13-830ace618e00" />
    <UnitTestResult executionId="cc314eb7-5ddf-4556-8c76-df8e605817ca" testId="1ab21edc-c75e-3f0c-d483-a5661321ce57" testName="TagEkyc.IntegrationTests.Tip88C1C6BA3ClientServerAcceptanceTests.All21ServerHttpResultsTraverseProductionAgentClient(outcome: Available, expectedStatus: 200, expectedCode: &quot;RAW_EXPORT_SOURCE_AVAILABLE&quot;)" computerName="LEARNPC" duration="00:00:00.0043133" startTime="2026-09-24T00:22:56.0319336+07:00" endTime="2026-09-24T00:22:56.0319338+07:00" testType="13cdc9d9-ddb5-4fa4-a97d-d965ccfc6d4b" outcome="Passed" testListId="8c84fa94-04c1-424b-9868-57a2d4851a1d" relativeResultsDirectory="cc314eb7-5ddf-4556-8c76-df8e605817ca" />
    <UnitTestResult executionId="1591235c-789b-4b2b-b676-5b6144431c5c" testId="5c3d5195-86ac-0ca8-c8bf-412cd2e53d0e" testName="TagEkyc.IntegrationTests.Tip88C1C6BA3ClientServerAcceptanceTests.All21ServerHttpResultsTraverseProductionAgentClient(outcome: ClaimRestartRequired, expectedStatus: 409, expectedCode: &quot;RAW_EXPORT_SOURCE_CLAIM_RESTART_REQUIRED&quot;)" computerName="LEARNPC" duration="00:00:00.0057875" startTime="2026-09-24T00:22:56.0188958+07:00" endTime="2026-09-24T00:22:56.0188960+07:00" testType="13cdc9d9-ddb5-4fa4-a97d-d965ccfc6d4b" outcome="Passed" testListId="8c84fa94-04c1-424b-9868-57a2d4851a1d" relativeResultsDirectory="1591235c-789b-4b2b-b676-5b6144431c5c" />
    <UnitTestResult executionId="43ae1096-b056-47f5-ba18-a410917eebbe" testId="7c6b1f97-6903-accf-7b45-0e1b6a27842c" testName="TagEkyc.IntegrationTests.Tip88C1C6BA3ClientServerAcceptanceTests.All21ServerHttpResultsTraverseProductionAgentClient(outcome: HistoricCommitmentKeyUnavailable, expectedStatus: 503, expectedCode: &quot;RAW_EXPORT_SOURCE_HISTORIC_COMMITMENT_KEY_UNAVAILA&quot;···)" computerName="LEARNPC" duration="00:00:00.0043755" startTime="2026-09-24T00:22:55.9651121+07:00" endTime="2026-09-24T00:22:55.9651122+07:00" testType="13cdc9d9-ddb5-4fa4-a97d-d965ccfc6d4b" outcome="Passed" testListId="8c84fa94-04c1-424b-9868-57a2d4851a1d" relativeResultsDirectory="43ae1096-b056-47f5-ba18-a410917eebbe" />
    <UnitTestResult executionId="bdd1b3eb-85b7-4025-afca-069c0d79addc" testId="569713f9-3dda-fe40-0bd1-6d010b258bac" testName="TagEkyc.IntegrationTests.Tip88C1C6BA1RawIngressBoundaryTests.RawIngressA3Outcome_MapsWithoutReadingBody(outcome: NotFoundOrNotAllowed, status: 403, code: &quot;NOT_FOUND_OR_NOT_ALLOWED&quot;)" computerName="LEARNPC" duration="00:00:00.0327409" startTime="2026-09-24T00:23:07.8618961+07:00" endTime="2026-09-24T00:23:07.8618962+07:00" testType="13cdc9d9-ddb5-4fa4-a97d-d965ccfc6d4b" outcome="Passed" testListId="8c84fa94-04c1-424b-9868-57a2d4851a1d" relativeResultsDirectory="bdd1b3eb-85b7-4025-afca-069c0d79addc" />
    <UnitTestResult executionId="197519bf-c4a2-4822-8770-ed283648706f" testId="f665e4fe-0a33-395f-bcef-28c14c605993" testName="TagEkyc.IntegrationTests.Tip88C1C6BA3ClientServerAcceptanceTests.All21ServerHttpResultsTraverseProductionAgentClient(outcome: NotFoundOrNotAllowed, expectedStatus: 403, expectedCode: &quot;NOT_FOUND_OR_NOT_ALLOWED&quot;)" computerName="LEARNPC" duration="00:00:00.0050913" startTime="2026-09-24T00:22:55.9862964+07:00" endTime="2026-09-24T00:22:55.9862965+07:00" testType="13cdc9d9-ddb5-4fa4-a97d-d965ccfc6d4b" outcome="Passed" testListId="8c84fa94-04c1-424b-9868-57a2d4851a1d" relativeResultsDirectory="197519bf-c4a2-4822-8770-ed283648706f" />
    <UnitTestResult executionId="ce70f1c2-b655-444f-ba38-22cd2fb15c6f" testId="4d3f2726-333c-8f54-733f-9013935d812f" testName="TagEkyc.IntegrationTests.Tip88C1C6BA3ClientServerAcceptanceTests.All21ServerHttpResultsTraverseProductionAgentClient(outcome: TemporarilyUnavailable, expectedStatus: 503, expectedCode: &quot;RAW_EXPORT_SOURCE_TEMPORARILY_UNAVAILABLE&quot;)" computerName="LEARNPC" duration="00:00:00.0045024" startTime="2026-09-24T00:22:56.0129961+07:00" endTime="2026-09-24T00:22:56.0129962+07:00" testType="13cdc9d9-ddb5-4fa4-a97d-d965ccfc6d4b" outcome="Passed" testListId="8c84fa94-04c1-424b-9868-57a2d4851a1d" relativeResultsDirectory="ce70f1c2-b655-444f-ba38-22cd2fb15c6f" />
    <UnitTestResult executionId="86786087-2b62-4d45-a26b-9f0a756f8c11" testId="1213e76e-c3f4-6ba6-81f4-9aecf6f0f2fa" testName="TagEkyc.IntegrationTests.Tip88C1C6BA1RawIngressBoundaryTests.RawIngressA3Outcome_MapsWithoutReadingBody(outcome: PlaintextRetentionInvalid, status: 422, code: &quot;RAW_EXPORT_SOURCE_PLAINTEXT_RETENTION_INVALID&quot;)" computerName="LEARNPC" duration="00:00:00.0205269" startTime="2026-09-24T00:23:07.9249395+07:00" endTime="2026-09-24T00:23:07.9249397+07:00" testType="13cdc9d9-ddb5-4fa4-a97d-d965ccfc6d4b" outcome="Passed" testListId="8c84fa94-04c1-424b-9868-57a2d4851a1d" relativeResultsDirectory="86786087-2b62-4d45-a26b-9f0a756f8c11" />
    <UnitTestResult executionId="13afccce-1f13-4eb8-9694-6262f80ff2a2" testId="44a8a986-0b38-cc4e-4036-8137e89a0a24" testName="TagEkyc.IntegrationTests.Tip88C1C6BA1RawIngressBoundaryTests.RawIngressA3Outcome_MapsWithoutReadingBody(outcome: ArtifactSizeLimitExceeded, status: 413, code: &quot;RAW_EXPORT_SOURCE_ARTIFACT_SIZE_LIMIT_EXCEEDED&quot;)" computerName="LEARNPC" duration="00:00:00.0201439" startTime="2026-09-24T00:23:07.9657328+07:00" endTime="2026-09-24T00:23:07.9657329+07:00" testType="13cdc9d9-ddb5-4fa4-a97d-d965ccfc6d4b" outcome="Passed" testListId="8c84fa94-04c1-424b-9868-57a2d4851a1d" relativeResultsDirectory="13afccce-1f13-4eb8-9694-6262f80ff2a2" />
    <UnitTestResult executionId="1e7779e9-5c29-4ea4-88be-a0c9553db40e" testId="01147e5d-439f-4ae9-9360-3ac35baba350" testName="TagEkyc.IntegrationTests.Tip88C1C6BA3ClientServerAcceptanceTests.All21ServerHttpResultsTraverseProductionAgentClient(outcome: EvaluationInProgress, expectedStatus: 409, expectedCode: &quot;RAW_EXPORT_SOURCE_CLAIM_EVALUATION_IN_PROGRESS&quot;)" computerName="LEARNPC" duration="00:00:00.0058365" startTime="2026-09-24T00:22:55.9403155+07:00" endTime="2026-09-24T00:22:55.9403157+07:00" testType="13cdc9d9-ddb5-4fa4-a97d-d965ccfc6d4b" outcome="Passed" testListId="8c84fa94-04c1-424b-9868-57a2d4851a1d" relativeResultsDirectory="1e7779e9-5c29-4ea4-88be-a0c9553db40e" />
    <UnitTestResult executionId="01cd01f3-eb02-4f21-b5ec-cf557fd87966" testId="4bb8c475-be1a-7c66-0f4b-dfcceee2ee46" testName="TagEkyc.IntegrationTests.Tip88C1C6BA1RawIngressBoundaryTests.RawIngressA3Outcome_MapsWithoutReadingBody(outcome: ClaimTokenInvalid, status: 403, code: &quot;RAW_EXPORT_SOURCE_CLAIM_TOKEN_INVALID&quot;)" computerName="LEARNPC" duration="00:00:00.0233188" startTime="2026-09-24T00:23:07.7128829+07:00" endTime="2026-09-24T00:23:07.7128830+07:00" testType="13cdc9d9-ddb5-4fa4-a97d-d965ccfc6d4b" outcome="Passed" testListId="8c84fa94-04c1-424b-9868-57a2d4851a1d" relativeResultsDirectory="01cd01f3-eb02-4f21-b5ec-cf557fd87966" />
    <UnitTestResult executionId="3161f1a4-1046-4b64-8cd2-3fbcba881b88" testId="50d4e1f5-1585-b80c-e16c-33aadf00e23f" testName="TagEkyc.IntegrationTests.Tip88C1C6BA3ClientServerAcceptanceTests.All21ServerHttpResultsTraverseProductionAgentClient(outcome: ContentCommitmentMismatch, expectedStatus: 422, expectedCode: &quot;CONTENT_COMMITMENT_MISMATCH&quot;)" computerName="LEARNPC" duration="00:00:00.0042992" startTime="2026-09-24T00:22:55.9494016+07:00" endTime="2026-09-24T00:22:55.9494018+07:00" testType="13cdc9d9-ddb5-4fa4-a97d-d965ccfc6d4b" outcome="Passed" testListId="8c84fa94-04c1-424b-9868-57a2d4851a1d" relativeResultsDirectory="3161f1a4-1046-4b64-8cd2-3fbcba881b88" />
    <UnitTestResult executionId="c8697b59-87ce-46be-80d8-4d6ddf2d52e1" testId="f8d0381a-7f9e-7c21-c0b7-7414d0379d69" testName="TagEkyc.IntegrationTests.Tip88C1C6BA3ClientServerAcceptanceTests.All21ServerHttpResultsTraverseProductionAgentClient(outcome: CapabilityUnavailable, expectedStatus: 503, expectedCode: &quot;RAW_EXPORT_SOURCE_CAPABILITY_UNAVAILABLE&quot;)" computerName="LEARNPC" duration="00:00:00.0111739" startTime="2026-09-24T00:22:55.9606745+07:00" endTime="2026-09-24T00:22:55.9606746+07:00" testType="13cdc9d9-ddb5-4fa4-a97d-d965ccfc6d4b" outcome="Passed" testListId="8c84fa94-04c1-424b-9868-57a2d4851a1d" relativeResultsDirectory="c8697b59-87ce-46be-80d8-4d6ddf2d52e1" />
    <UnitTestResult executionId="4ef7c3c0-8267-4840-aae1-d5e0185ce0a6" testId="e31aaa15-e790-c570-2feb-a7e4a05bc650" testName="TagEkyc.IntegrationTests.Tip88C1C6BA3ClientServerAcceptanceTests.All21ServerHttpResultsTraverseProductionAgentClient(outcome: CapacityUnavailable, expectedStatus: 503, expectedCode: &quot;RAW_EXPORT_SOURCE_CAPACITY_UNAVAILABLE&quot;)" computerName="LEARNPC" duration="00:00:00.0046269" startTime="2026-09-24T00:22:55.9450261+07:00" endTime="2026-09-24T00:22:55.9450262+07:00" testType="13cdc9d9-ddb5-4fa4-a97d-d965ccfc6d4b" outcome="Passed" testListId="8c84fa94-04c1-424b-9868-57a2d4851a1d" relativeResultsDirectory="4ef7c3c0-8267-4840-aae1-d5e0185ce0a6" />
    <UnitTestResult executionId="78ba0923-0c79-4f4e-8f13-cf13a081ca4e" testId="f26261d8-79fe-4cc0-9831-624507bcd6c3" testName="TagEkyc.IntegrationTests.Tip88C1C6BA3ClientServerAcceptanceTests.All21ServerHttpResultsTraverseProductionAgentClient(outcome: FingerprintConflict, expectedStatus: 409, expectedCode: &quot;RAW_EXPORT_SOURCE_FINGERPRINT_CONFLICT&quot;)" computerName="LEARNPC" duration="00:00:00.0047893" startTime="2026-09-24T00:22:56.0084216+07:00" endTime="2026-09-24T00:22:56.0084218+07:00" testType="13cdc9d9-ddb5-4fa4-a97d-d965ccfc6d4b" outcome="Passed" testListId="8c84fa94-04c1-424b-9868-57a2d4851a1d" relativeResultsDirectory="78ba0923-0c79-4f4e-8f13-cf13a081ca4e" />
    <UnitTestResult executionId="0ec9c7db-3661-4f42-bc82-ae1c259cfe92" testId="86de0940-0a76-48d4-9d3f-c1c5271d8ab4" testName="TagEkyc.IntegrationTests.Tip88C1C6BA1RawIngressBoundaryTests.RawIngressA3Outcome_MapsWithoutReadingBody(outcome: ClaimRestartRequired, status: 409, code: &quot;RAW_EXPORT_SOURCE_CLAIM_RESTART_REQUIRED&quot;)" computerName="LEARNPC" duration="00:00:00.0217670" startTime="2026-09-24T00:23:07.6449060+07:00" endTime="2026-09-24T00:23:07.6449062+07:00" testType="13cdc9d9-ddb5-4fa4-a97d-d965ccfc6d4b" outcome="Passed" testListId="8c84fa94-04c1-424b-9868-57a2d4851a1d" relativeResultsDirectory="0ec9c7db-3661-4f42-bc82-ae1c259cfe92" />
    <UnitTestResult executionId="1c1c3bda-a781-4f1f-b2a8-737fffd3c1ba" testId="69045bbb-a8b6-51c6-0ab0-36d2cf2e8be6" testName="TagEkyc.IntegrationTests.Tip88C1C6BA3ClientServerAcceptanceTests.All21ServerHttpResultsTraverseProductionAgentClient(outcome: TransportProtocolInvalid, expectedStatus: 400, expectedCode: &quot;RAW_EXPORT_SOURCE_TRANSPORT_PROTOCOL_INVALID&quot;)" computerName="LEARNPC" duration="00:00:00.0143035" startTime="2026-09-24T00:22:55.9247315+07:00" endTime="2026-09-24T00:22:55.9247317+07:00" testType="13cdc9d9-ddb5-4fa4-a97d-d965ccfc6d4b" outcome="Passed" testListId="8c84fa94-04c1-424b-9868-57a2d4851a1d" relativeResultsDirectory="1c1c3bda-a781-4f1f-b2a8-737fffd3c1ba" />
    <UnitTestResult executionId="a4cc21f7-6b8a-4056-a680-cd88e1be0db9" testId="f2db3e28-f302-317e-a4b7-7899a126fd2c" testName="TagEkyc.IntegrationTests.Tip88C1C6BA1RawIngressBoundaryTests.RawIngressA3Outcome_MapsWithoutReadingBody(outcome: TransportProtocolInvalid, status: 400, code: &quot;RAW_EXPORT_SOURCE_TRANSPORT_PROTOCOL_INVALID&quot;)" computerName="LEARNPC" duration="00:00:00.0314830" startTime="2026-09-24T00:23:07.5798921+07:00" endTime="2026-09-24T00:23:07.5798923+07:00" testType="13cdc9d9-ddb5-4fa4-a97d-d965ccfc6d4b" outcome="Passed" testListId="8c84fa94-04c1-424b-9868-57a2d4851a1d" relativeResultsDirectory="a4cc21f7-6b8a-4056-a680-cd88e1be0db9" />
    <UnitTestResult executionId="735f164d-aba5-4a83-947f-a784ceee76d0" testId="447aec9a-d508-8fad-c9e2-c704edf6691f" testName="TagEkyc.IntegrationTests.Tip88C1C6BA1RawIngressBoundaryTests.RawIngressA3Outcome_MapsWithoutReadingBody(outcome: ResumePending, status: 202, code: &quot;RAW_EXPORT_SOURCE_RESUME_PENDING&quot;)" computerName="LEARNPC" duration="00:00:00.0203537" startTime="2026-09-24T00:23:07.7333608+07:00" endTime="2026-09-24T00:23:07.7333610+07:00" testType="13cdc9d9-ddb5-4fa4-a97d-d965ccfc6d4b" outcome="Passed" testListId="8c84fa94-04c1-424b-9868-57a2d4851a1d" relativeResultsDirectory="735f164d-aba5-4a83-947f-a784ceee76d0" />
    <UnitTestResult executionId="def1629a-2a23-43ef-9797-7cc6f2b2363c" testId="2023d8a3-1b88-3867-b3c1-da5882deb0a0" testName="TagEkyc.IntegrationTests.Tip88C1C6BA3ClientServerAcceptanceTests.All21ServerHttpResultsTraverseProductionAgentClient(outcome: IdempotencyBusy, expectedStatus: 409, expectedCode: &quot;RAW_EXPORT_SOURCE_IDEMPOTENCY_BUSY&quot;)" computerName="LEARNPC" duration="00:00:00.1707376" startTime="2026-09-24T00:22:55.9105203+07:00" endTime="2026-09-24T00:22:55.9105896+07:00" testType="13cdc9d9-ddb5-4fa4-a97d-d965ccfc6d4b" outcome="Passed" testListId="8c84fa94-04c1-424b-9868-57a2d4851a1d" relativeResultsDirectory="def1629a-2a23-43ef-9797-7cc6f2b2363c" />
  </Results>
  <TestDefinitions>
    <UnitTest name="TagEkyc.IntegrationTests.Tip88C1C6BA3ClientServerAcceptanceTests.All21ServerHttpResultsTraverseProductionAgentClient(outcome: CapacityUnavailable, expectedStatus: 503, expectedCode: &quot;RAW_EXPORT_SOURCE_CAPACITY_UNAVAILABLE&quot;)" storage="d:\task\remote signing\tagekyc\tests\tagekyc.integrationtests\bin\debug\net8.0\tagekyc.integrationtests.dll" id="e31aaa15-e790-c570-2feb-a7e4a05bc650">
      <Execution id="4ef7c3c0-8267-4840-aae1-d5e0185ce0a6" />
      <TestMethod codeBase="D:\Task\Remote Signing\TagEkyc\tests\TagEkyc.IntegrationTests\bin\Debug\net8.0\TagEkyc.IntegrationTests.dll" adapterTypeName="executor://xunit/VsTestRunner2/netcoreapp" className="TagEkyc.IntegrationTests.Tip88C1C6BA3ClientServerAcceptanceTests" name="All21ServerHttpResultsTraverseProductionAgentClient" />
    </UnitTest>
    <UnitTest name="TagEkyc.IntegrationTests.Tip88C1C6BA1RawIngressBoundaryTests.RawIngressA3Outcome_MapsWithoutReadingBody(outcome: PlaintextRetentionInvalid, status: 422, code: &quot;RAW_EXPORT_SOURCE_PLAINTEXT_RETENTION_INVALID&quot;)" storage="d:\task\remote signing\tagekyc\tests\tagekyc.integrationtests\bin\debug\net8.0\tagekyc.integrationtests.dll" id="1213e76e-c3f4-6ba6-81f4-9aecf6f0f2fa">
      <Execution id="86786087-2b62-4d45-a26b-9f0a756f8c11" />
      <TestMethod codeBase="D:\Task\Remote Signing\TagEkyc\tests\TagEkyc.IntegrationTests\bin\Debug\net8.0\TagEkyc.IntegrationTests.dll" adapterTypeName="executor://xunit/VsTestRunner2/netcoreapp" className="TagEkyc.IntegrationTests.Tip88C1C6BA1RawIngressBoundaryTests" name="RawIngressA3Outcome_MapsWithoutReadingBody" />
    </UnitTest>
    <UnitTest name="TagEkyc.IntegrationTests.Tip88C1C6BA1RawIngressBoundaryTests.RawIngressA3Outcome_MapsWithoutReadingBody(outcome: IdempotencyBusy, status: 409, code: &quot;RAW_EXPORT_SOURCE_IDEMPOTENCY_BUSY&quot;)" storage="d:\task\remote signing\tagekyc\tests\tagekyc.integrationtests\bin\debug\net8.0\tagekyc.integrationtests.dll" id="bfc584f2-6661-7a80-c248-24bf328efa20">
      <Execution id="2dc1ecf7-59c4-4a9c-8a3b-6e0d64cfa494" />
      <TestMethod codeBase="D:\Task\Remote Signing\TagEkyc\tests\TagEkyc.IntegrationTests\bin\Debug\net8.0\TagEkyc.IntegrationTests.dll" adapterTypeName="executor://xunit/VsTestRunner2/netcoreapp" className="TagEkyc.IntegrationTests.Tip88C1C6BA1RawIngressBoundaryTests" name="RawIngressA3Outcome_MapsWithoutReadingBody" />
    </UnitTest>
    <UnitTest name="TagEkyc.IntegrationTests.Tip88C1C6BA1RawIngressBoundaryTests.RawIngressA3Outcome_MapsWithoutReadingBody(outcome: TransportProtocolInvalid, status: 400, code: &quot;RAW_EXPORT_SOURCE_TRANSPORT_PROTOCOL_INVALID&quot;)" storage="d:\task\remote signing\tagekyc\tests\tagekyc.integrationtests\bin\debug\net8.0\tagekyc.integrationtests.dll" id="f2db3e28-f302-317e-a4b7-7899a126fd2c">
      <Execution id="a4cc21f7-6b8a-4056-a680-cd88e1be0db9" />
      <TestMethod codeBase="D:\Task\Remote Signing\TagEkyc\tests\TagEkyc.IntegrationTests\bin\Debug\net8.0\TagEkyc.IntegrationTests.dll" adapterTypeName="executor://xunit/VsTestRunner2/netcoreapp" className="TagEkyc.IntegrationTests.Tip88C1C6BA1RawIngressBoundaryTests" name="RawIngressA3Outcome_MapsWithoutReadingBody" />
    </UnitTest>
    <UnitTest name="TagEkyc.IntegrationTests.Tip88C1C6BA3ClientServerAcceptanceTests.All21ServerHttpResultsTraverseProductionAgentClient(outcome: CapabilityUnavailable, expectedStatus: 503, expectedCode: &quot;RAW_EXPORT_SOURCE_CAPABILITY_UNAVAILABLE&quot;)" storage="d:\task\remote signing\tagekyc\tests\tagekyc.integrationtests\bin\debug\net8.0\tagekyc.integrationtests.dll" id="f8d0381a-7f9e-7c21-c0b7-7414d0379d69">
      <Execution id="c8697b59-87ce-46be-80d8-4d6ddf2d52e1" />
      <TestMethod codeBase="D:\Task\Remote Signing\TagEkyc\tests\TagEkyc.IntegrationTests\bin\Debug\net8.0\TagEkyc.IntegrationTests.dll" adapterTypeName="executor://xunit/VsTestRunner2/netcoreapp" className="TagEkyc.IntegrationTests.Tip88C1C6BA3ClientServerAcceptanceTests" name="All21ServerHttpResultsTraverseProductionAgentClient" />
    </UnitTest>
    <UnitTest name="TagEkyc.IntegrationTests.Tip88C1C6BA3ClientServerAcceptanceTests.All21ServerHttpResultsTraverseProductionAgentClient(outcome: TransportProtocolInvalid, expectedStatus: 400, expectedCode: &quot;RAW_EXPORT_SOURCE_TRANSPORT_PROTOCOL_INVALID&quot;)" storage="d:\task\remote signing\tagekyc\tests\tagekyc.integrationtests\bin\debug\net8.0\tagekyc.integrationtests.dll" id="69045bbb-a8b6-51c6-0ab0-36d2cf2e8be6">
      <Execution id="1c1c3bda-a781-4f1f-b2a8-737fffd3c1ba" />
      <TestMethod codeBase="D:\Task\Remote Signing\TagEkyc\tests\TagEkyc.IntegrationTests\bin\Debug\net8.0\TagEkyc.IntegrationTests.dll" adapterTypeName="executor://xunit/VsTestRunner2/netcoreapp" className="TagEkyc.IntegrationTests.Tip88C1C6BA3ClientServerAcceptanceTests" name="All21ServerHttpResultsTraverseProductionAgentClient" />
    </UnitTest>
    <UnitTest name="TagEkyc.IntegrationTests.Tip88C1C6BA3ClientServerAcceptanceTests.All21ServerHttpResultsTraverseProductionAgentClient(outcome: FingerprintConflict, expectedStatus: 409, expectedCode: &quot;RAW_EXPORT_SOURCE_FINGERPRINT_CONFLICT&quot;)" storage="d:\task\remote signing\tagekyc\tests\tagekyc.integrationtests\bin\debug\net8.0\tagekyc.integrationtests.dll" id="f26261d8-79fe-4cc0-9831-624507bcd6c3">
      <Execution id="78ba0923-0c79-4f4e-8f13-cf13a081ca4e" />
      <TestMethod codeBase="D:\Task\Remote Signing\TagEkyc\tests\TagEkyc.IntegrationTests\bin\Debug\net8.0\TagEkyc.IntegrationTests.dll" adapterTypeName="executor://xunit/VsTestRunner2/netcoreapp" className="TagEkyc.IntegrationTests.Tip88C1C6BA3ClientServerAcceptanceTests" name="All21ServerHttpResultsTraverseProductionAgentClient" />
    </UnitTest>
    <UnitTest name="TagEkyc.IntegrationTests.Tip88C1C6BA3ClientServerAcceptanceTests.All21ServerHttpResultsTraverseProductionAgentClient(outcome: ReservationBusy, expectedStatus: 409, expectedCode: &quot;RAW_EXPORT_SOURCE_RESERVATION_BUSY&quot;)" storage="d:\task\remote signing\tagekyc\tests\tagekyc.integrationtests\bin\debug\net8.0\tagekyc.integrationtests.dll" id="9810a9cd-abcc-8a52-40ba-e026aafe820b">
      <Execution id="a52e543e-b582-4f47-bf13-830ace618e00" />
      <TestMethod codeBase="D:\Task\Remote Signing\TagEkyc\tests\TagEkyc.IntegrationTests\bin\Debug\net8.0\TagEkyc.IntegrationTests.dll" adapterTypeName="executor://xunit/VsTestRunner2/netcoreapp" className="TagEkyc.IntegrationTests.Tip88C1C6BA3ClientServerAcceptanceTests" name="All21ServerHttpResultsTraverseProductionAgentClient" />
    </UnitTest>
    <UnitTest name="TagEkyc.IntegrationTests.Tip88C1C6BA3ClientServerAcceptanceTests.All21ServerHttpResultsTraverseProductionAgentClient(outcome: IdempotencyBusy, expectedStatus: 409, expectedCode: &quot;RAW_EXPORT_SOURCE_IDEMPOTENCY_BUSY&quot;)" storage="d:\task\remote signing\tagekyc\tests\tagekyc.integrationtests\bin\debug\net8.0\tagekyc.integrationtests.dll" id="2023d8a3-1b88-3867-b3c1-da5882deb0a0">
      <Execution id="def1629a-2a23-43ef-9797-7cc6f2b2363c" />
      <TestMethod codeBase="D:\Task\Remote Signing\TagEkyc\tests\TagEkyc.IntegrationTests\bin\Debug\net8.0\TagEkyc.IntegrationTests.dll" adapterTypeName="executor://xunit/VsTestRunner2/netcoreapp" className="TagEkyc.IntegrationTests.Tip88C1C6BA3ClientServerAcceptanceTests" name="All21ServerHttpResultsTraverseProductionAgentClient" />
    </UnitTest>
    <UnitTest name="TagEkyc.IntegrationTests.Tip88C1C6BA1RawIngressBoundaryTests.RawIngressA3Outcome_MapsWithoutReadingBody(outcome: HistoricCommitmentKeyUnavailable, status: 503, code: &quot;RAW_EXPORT_SOURCE_HISTORIC_COMMITMENT_KEY_UNAVAILA&quot;···)" storage="d:\task\remote signing\tagekyc\tests\tagekyc.integrationtests\bin\debug\net8.0\tagekyc.integrationtests.dll" id="2e949a77-4150-cce7-9f54-0a2c3a783469">
      <Execution id="6d3f30a0-41b6-4b08-a2f7-8a4bd6b662ce" />
      <TestMethod codeBase="D:\Task\Remote Signing\TagEkyc\tests\TagEkyc.IntegrationTests\bin\Debug\net8.0\TagEkyc.IntegrationTests.dll" adapterTypeName="executor://xunit/VsTestRunner2/netcoreapp" className="TagEkyc.IntegrationTests.Tip88C1C6BA1RawIngressBoundaryTests" name="RawIngressA3Outcome_MapsWithoutReadingBody" />
    </UnitTest>
    <UnitTest name="TagEkyc.IntegrationTests.Tip88C1C6BA3ClientServerAcceptanceTests.All21ServerHttpResultsTraverseProductionAgentClient(outcome: ClaimRestartRequired, expectedStatus: 409, expectedCode: &quot;RAW_EXPORT_SOURCE_CLAIM_RESTART_REQUIRED&quot;)" storage="d:\task\remote signing\tagekyc\tests\tagekyc.integrationtests\bin\debug\net8.0\tagekyc.integrationtests.dll" id="5c3d5195-86ac-0ca8-c8bf-412cd2e53d0e">
      <Execution id="1591235c-789b-4b2b-b676-5b6144431c5c" />
      <TestMethod codeBase="D:\Task\Remote Signing\TagEkyc\tests\TagEkyc.IntegrationTests\bin\Debug\net8.0\TagEkyc.IntegrationTests.dll" adapterTypeName="executor://xunit/VsTestRunner2/netcoreapp" className="TagEkyc.IntegrationTests.Tip88C1C6BA3ClientServerAcceptanceTests" name="All21ServerHttpResultsTraverseProductionAgentClient" />
    </UnitTest>
    <UnitTest name="TagEkyc.IntegrationTests.Tip88C1C6BA3ClientServerAcceptanceTests.All21ServerHttpResultsTraverseProductionAgentClient(outcome: NotFoundOrNotAllowed, expectedStatus: 403, expectedCode: &quot;NOT_FOUND_OR_NOT_ALLOWED&quot;)" storage="d:\task\remote signing\tagekyc\tests\tagekyc.integrationtests\bin\debug\net8.0\tagekyc.integrationtests.dll" id="f665e4fe-0a33-395f-bcef-28c14c605993">
      <Execution id="197519bf-c4a2-4822-8770-ed283648706f" />
      <TestMethod codeBase="D:\Task\Remote Signing\TagEkyc\tests\TagEkyc.IntegrationTests\bin\Debug\net8.0\TagEkyc.IntegrationTests.dll" adapterTypeName="executor://xunit/VsTestRunner2/netcoreapp" className="TagEkyc.IntegrationTests.Tip88C1C6BA3ClientServerAcceptanceTests" name="All21ServerHttpResultsTraverseProductionAgentClient" />
    </UnitTest>
    <UnitTest name="TagEkyc.IntegrationTests.Tip88C1C6BA1RawIngressBoundaryTests.RawIngressA3Outcome_MapsWithoutReadingBody(outcome: Available, status: 200, code: &quot;RAW_EXPORT_SOURCE_AVAILABLE&quot;)" storage="d:\task\remote signing\tagekyc\tests\tagekyc.integrationtests\bin\debug\net8.0\tagekyc.integrationtests.dll" id="3cecf18e-ba2b-9e1b-6268-ec299f20f05e">
      <Execution id="fb57a75d-0303-4880-8917-56c78cbfc322" />
      <TestMethod codeBase="D:\Task\Remote Signing\TagEkyc\tests\TagEkyc.IntegrationTests\bin\Debug\net8.0\TagEkyc.IntegrationTests.dll" adapterTypeName="executor://xunit/VsTestRunner2/netcoreapp" className="TagEkyc.IntegrationTests.Tip88C1C6BA1RawIngressBoundaryTests" name="RawIngressA3Outcome_MapsWithoutReadingBody" />
    </UnitTest>
    <UnitTest name="TagEkyc.IntegrationTests.Tip88C1C6BA1RawIngressBoundaryTests.RawIngressA3Outcome_MapsWithoutReadingBody(outcome: ResumePending, status: 202, code: &quot;RAW_EXPORT_SOURCE_RESUME_PENDING&quot;)" storage="d:\task\remote signing\tagekyc\tests\tagekyc.integrationtests\bin\debug\net8.0\tagekyc.integrationtests.dll" id="447aec9a-d508-8fad-c9e2-c704edf6691f">
      <Execution id="735f164d-aba5-4a83-947f-a784ceee76d0" />
      <TestMethod codeBase="D:\Task\Remote Signing\TagEkyc\tests\TagEkyc.IntegrationTests\bin\Debug\net8.0\TagEkyc.IntegrationTests.dll" adapterTypeName="executor://xunit/VsTestRunner2/netcoreapp" className="TagEkyc.IntegrationTests.Tip88C1C6BA1RawIngressBoundaryTests" name="RawIngressA3Outcome_MapsWithoutReadingBody" />
    </UnitTest>
    <UnitTest name="TagEkyc.IntegrationTests.Tip88C1C6BA3ClientServerAcceptanceTests.All21ServerHttpResultsTraverseProductionAgentClient(outcome: AlreadyAvailable, expectedStatus: 200, expectedCode: &quot;RAW_EXPORT_SOURCE_ALREADY_AVAILABLE&quot;)" storage="d:\task\remote signing\tagekyc\tests\tagekyc.integrationtests\bin\debug\net8.0\tagekyc.integrationtests.dll" id="be0ba722-ecce-c653-b0bf-02739939176d">
      <Execution id="3f3f4762-0e41-40fd-96ff-7de95e1c457c" />
      <TestMethod codeBase="D:\Task\Remote Signing\TagEkyc\tests\TagEkyc.IntegrationTests\bin\Debug\net8.0\TagEkyc.IntegrationTests.dll" adapterTypeName="executor://xunit/VsTestRunner2/netcoreapp" className="TagEkyc.IntegrationTests.Tip88C1C6BA3ClientServerAcceptanceTests" name="All21ServerHttpResultsTraverseProductionAgentClient" />
    </UnitTest>
    <UnitTest name="TagEkyc.IntegrationTests.Tip88C1C6BA1RawIngressBoundaryTests.RawIngressA3Outcome_MapsWithoutReadingBody(outcome: ReservationBusy, status: 409, code: &quot;RAW_EXPORT_SOURCE_RESERVATION_BUSY&quot;)" storage="d:\task\remote signing\tagekyc\tests\tagekyc.integrationtests\bin\debug\net8.0\tagekyc.integrationtests.dll" id="927a5e7e-a692-662a-f776-35473b93485c">
      <Execution id="75de2bfb-ef6d-4275-8d31-6a192ed89191" />
      <TestMethod codeBase="D:\Task\Remote Signing\TagEkyc\tests\TagEkyc.IntegrationTests\bin\Debug\net8.0\TagEkyc.IntegrationTests.dll" adapterTypeName="executor://xunit/VsTestRunner2/netcoreapp" className="TagEkyc.IntegrationTests.Tip88C1C6BA1RawIngressBoundaryTests" name="RawIngressA3Outcome_MapsWithoutReadingBody" />
    </UnitTest>
    <UnitTest name="TagEkyc.IntegrationTests.Tip88C1C6BA1RawIngressBoundaryTests.RawIngressA3Outcome_MapsWithoutReadingBody(outcome: TemporarilyUnavailable, status: 503, code: &quot;RAW_EXPORT_SOURCE_TEMPORARILY_UNAVAILABLE&quot;)" storage="d:\task\remote signing\tagekyc\tests\tagekyc.integrationtests\bin\debug\net8.0\tagekyc.integrationtests.dll" id="bf83e683-e4e4-a34a-9c97-1f78e5bd0fb4">
      <Execution id="8279c834-20a1-4dd1-af8e-80413caf130c" />
      <TestMethod codeBase="D:\Task\Remote Signing\TagEkyc\tests\TagEkyc.IntegrationTests\bin\Debug\net8.0\TagEkyc.IntegrationTests.dll" adapterTypeName="executor://xunit/VsTestRunner2/netcoreapp" className="TagEkyc.IntegrationTests.Tip88C1C6BA1RawIngressBoundaryTests" name="RawIngressA3Outcome_MapsWithoutReadingBody" />
    </UnitTest>
    <UnitTest name="TagEkyc.IntegrationTests.Tip88C1C6BA3ClientServerAcceptanceTests.All21ServerHttpResultsTraverseProductionAgentClient(outcome: ArtifactSizeLimitExceeded, expectedStatus: 413, expectedCode: &quot;RAW_EXPORT_SOURCE_ARTIFACT_SIZE_LIMIT_EXCEEDED&quot;)" storage="d:\task\remote signing\tagekyc\tests\tagekyc.integrationtests\bin\debug\net8.0\tagekyc.integrationtests.dll" id="e73a6476-9c00-0e7c-c644-5349e589047b">
      <Execution id="d463bb1a-cea2-4bff-a1bc-f0b9c5477947" />
      <TestMethod codeBase="D:\Task\Remote Signing\TagEkyc\tests\TagEkyc.IntegrationTests\bin\Debug\net8.0\TagEkyc.IntegrationTests.dll" adapterTypeName="executor://xunit/VsTestRunner2/netcoreapp" className="TagEkyc.IntegrationTests.Tip88C1C6BA3ClientServerAcceptanceTests" name="All21ServerHttpResultsTraverseProductionAgentClient" />
    </UnitTest>
    <UnitTest name="TagEkyc.IntegrationTests.Tip88C1C6BA1RawIngressBoundaryTests.RawIngressA3Outcome_MapsWithoutReadingBody(outcome: AlreadyAvailable, status: 200, code: &quot;RAW_EXPORT_SOURCE_ALREADY_AVAILABLE&quot;)" storage="d:\task\remote signing\tagekyc\tests\tagekyc.integrationtests\bin\debug\net8.0\tagekyc.integrationtests.dll" id="e7767f57-823d-514b-0a5f-44dd33f241ad">
      <Execution id="4dbcbf91-06d8-49f8-831f-f81bdbb78d21" />
      <TestMethod codeBase="D:\Task\Remote Signing\TagEkyc\tests\TagEkyc.IntegrationTests\bin\Debug\net8.0\TagEkyc.IntegrationTests.dll" adapterTypeName="executor://xunit/VsTestRunner2/netcoreapp" className="TagEkyc.IntegrationTests.Tip88C1C6BA1RawIngressBoundaryTests" name="RawIngressA3Outcome_MapsWithoutReadingBody" />
    </UnitTest>
    <UnitTest name="TagEkyc.IntegrationTests.Tip88C1C6BA3ClientServerAcceptanceTests.All21ServerHttpResultsTraverseProductionAgentClient(outcome: SourceRetentionNotAuthorized, expectedStatus: 403, expectedCode: &quot;SOURCE_RETENTION_NOT_AUTHORIZED&quot;)" storage="d:\task\remote signing\tagekyc\tests\tagekyc.integrationtests\bin\debug\net8.0\tagekyc.integrationtests.dll" id="35802e9f-7ca2-a42f-92f8-a518c32fe48a">
      <Execution id="009c58bf-180d-4ab0-a6d1-c9d0bc75deb0" />
      <TestMethod codeBase="D:\Task\Remote Signing\TagEkyc\tests\TagEkyc.IntegrationTests\bin\Debug\net8.0\TagEkyc.IntegrationTests.dll" adapterTypeName="executor://xunit/VsTestRunner2/netcoreapp" className="TagEkyc.IntegrationTests.Tip88C1C6BA3ClientServerAcceptanceTests" name="All21ServerHttpResultsTraverseProductionAgentClient" />
    </UnitTest>
    <UnitTest name="TagEkyc.IntegrationTests.Tip88C1C6BA3ClientServerAcceptanceTests.All21ServerHttpResultsTraverseProductionAgentClient(outcome: Available, expectedStatus: 200, expectedCode: &quot;RAW_EXPORT_SOURCE_AVAILABLE&quot;)" storage="d:\task\remote signing\tagekyc\tests\tagekyc.integrationtests\bin\debug\net8.0\tagekyc.integrationtests.dll" id="1ab21edc-c75e-3f0c-d483-a5661321ce57">
      <Execution id="cc314eb7-5ddf-4556-8c76-df8e605817ca" />
      <TestMethod codeBase="D:\Task\Remote Signing\TagEkyc\tests\TagEkyc.IntegrationTests\bin\Debug\net8.0\TagEkyc.IntegrationTests.dll" adapterTypeName="executor://xunit/VsTestRunner2/netcoreapp" className="TagEkyc.IntegrationTests.Tip88C1C6BA3ClientServerAcceptanceTests" name="All21ServerHttpResultsTraverseProductionAgentClient" />
    </UnitTest>
    <UnitTest name="TagEkyc.IntegrationTests.Tip88C1C6BA3ClientServerAcceptanceTests.All21ServerHttpResultsTraverseProductionAgentClient(outcome: ContentCommitmentMismatch, expectedStatus: 422, expectedCode: &quot;CONTENT_COMMITMENT_MISMATCH&quot;)" storage="d:\task\remote signing\tagekyc\tests\tagekyc.integrationtests\bin\debug\net8.0\tagekyc.integrationtests.dll" id="50d4e1f5-1585-b80c-e16c-33aadf00e23f">
      <Execution id="3161f1a4-1046-4b64-8cd2-3fbcba881b88" />
      <TestMethod codeBase="D:\Task\Remote Signing\TagEkyc\tests\TagEkyc.IntegrationTests\bin\Debug\net8.0\TagEkyc.IntegrationTests.dll" adapterTypeName="executor://xunit/VsTestRunner2/netcoreapp" className="TagEkyc.IntegrationTests.Tip88C1C6BA3ClientServerAcceptanceTests" name="All21ServerHttpResultsTraverseProductionAgentClient" />
    </UnitTest>
    <UnitTest name="TagEkyc.IntegrationTests.Tip88C1C6BA3ClientServerAcceptanceTests.All21ServerHttpResultsTraverseProductionAgentClient(outcome: ClaimTokenInvalid, expectedStatus: 403, expectedCode: &quot;RAW_EXPORT_SOURCE_CLAIM_TOKEN_INVALID&quot;)" storage="d:\task\remote signing\tagekyc\tests\tagekyc.integrationtests\bin\debug\net8.0\tagekyc.integrationtests.dll" id="faae9805-9f5a-17fa-e18c-3b157d1fa808">
      <Execution id="bb28ade0-99d4-4196-82da-e26abb375933" />
      <TestMethod codeBase="D:\Task\Remote Signing\TagEkyc\tests\TagEkyc.IntegrationTests\bin\Debug\net8.0\TagEkyc.IntegrationTests.dll" adapterTypeName="executor://xunit/VsTestRunner2/netcoreapp" className="TagEkyc.IntegrationTests.Tip88C1C6BA3ClientServerAcceptanceTests" name="All21ServerHttpResultsTraverseProductionAgentClient" />
    </UnitTest>
    <UnitTest name="TagEkyc.IntegrationTests.Tip88C1C6BA3ClientServerAcceptanceTests.All21ServerHttpResultsTraverseProductionAgentClient(outcome: HistoricCommitmentKeyUnavailable, expectedStatus: 503, expectedCode: &quot;RAW_EXPORT_SOURCE_HISTORIC_COMMITMENT_KEY_UNAVAILA&quot;···)" storage="d:\task\remote signing\tagekyc\tests\tagekyc.integrationtests\bin\debug\net8.0\tagekyc.integrationtests.dll" id="7c6b1f97-6903-accf-7b45-0e1b6a27842c">
      <Execution id="43ae1096-b056-47f5-ba18-a410917eebbe" />
      <TestMethod codeBase="D:\Task\Remote Signing\TagEkyc\tests\TagEkyc.IntegrationTests\bin\Debug\net8.0\TagEkyc.IntegrationTests.dll" adapterTypeName="executor://xunit/VsTestRunner2/netcoreapp" className="TagEkyc.IntegrationTests.Tip88C1C6BA3ClientServerAcceptanceTests" name="All21ServerHttpResultsTraverseProductionAgentClient" />
    </UnitTest>
    <UnitTest name="TagEkyc.IntegrationTests.Tip88C1C6BA3ClientServerAcceptanceTests.All21ServerHttpResultsTraverseProductionAgentClient(outcome: ResumePending, expectedStatus: 202, expectedCode: &quot;RAW_EXPORT_SOURCE_RESUME_PENDING&quot;)" storage="d:\task\remote signing\tagekyc\tests\tagekyc.integrationtests\bin\debug\net8.0\tagekyc.integrationtests.dll" id="603596fc-6979-0a1d-def4-296a8e86e67b">
      <Execution id="05fc7dc8-a101-4c5d-a0a5-51e53808c59e" />
      <TestMethod codeBase="D:\Task\Remote Signing\TagEkyc\tests\TagEkyc.IntegrationTests\bin\Debug\net8.0\TagEkyc.IntegrationTests.dll" adapterTypeName="executor://xunit/VsTestRunner2/netcoreapp" className="TagEkyc.IntegrationTests.Tip88C1C6BA3ClientServerAcceptanceTests" name="All21ServerHttpResultsTraverseProductionAgentClient" />
    </UnitTest>
    <UnitTest name="TagEkyc.IntegrationTests.Tip88C1C6BA1RawIngressBoundaryTests.RawIngressA3Outcome_MapsWithoutReadingBody(outcome: EvaluationInProgress, status: 409, code: &quot;RAW_EXPORT_SOURCE_CLAIM_EVALUATION_IN_PROGRESS&quot;)" storage="d:\task\remote signing\tagekyc\tests\tagekyc.integrationtests\bin\debug\net8.0\tagekyc.integrationtests.dll" id="4514e7f5-bd10-a416-2c56-b38ba487ac54">
      <Execution id="ab8cca96-57ec-4a8a-9fda-777eebdace5f" />
      <TestMethod codeBase="D:\Task\Remote Signing\TagEkyc\tests\TagEkyc.IntegrationTests\bin\Debug\net8.0\TagEkyc.IntegrationTests.dll" adapterTypeName="executor://xunit/VsTestRunner2/netcoreapp" className="TagEkyc.IntegrationTests.Tip88C1C6BA1RawIngressBoundaryTests" name="RawIngressA3Outcome_MapsWithoutReadingBody" />
    </UnitTest>
    <UnitTest name="TagEkyc.IntegrationTests.Tip88C1C6BA1RawIngressBoundaryTests.RawIngressA3Outcome_MapsWithoutReadingBody(outcome: FingerprintConflict, status: 409, code: &quot;RAW_EXPORT_SOURCE_FINGERPRINT_CONFLICT&quot;)" storage="d:\task\remote signing\tagekyc\tests\tagekyc.integrationtests\bin\debug\net8.0\tagekyc.integrationtests.dll" id="970a6224-d4d3-6010-9596-d0fcf8bbb135">
      <Execution id="a171fd5b-e87b-45d6-b2ae-6e9a48e5c8be" />
      <TestMethod codeBase="D:\Task\Remote Signing\TagEkyc\tests\TagEkyc.IntegrationTests\bin\Debug\net8.0\TagEkyc.IntegrationTests.dll" adapterTypeName="executor://xunit/VsTestRunner2/netcoreapp" className="TagEkyc.IntegrationTests.Tip88C1C6BA1RawIngressBoundaryTests" name="RawIngressA3Outcome_MapsWithoutReadingBody" />
    </UnitTest>
    <UnitTest name="TagEkyc.IntegrationTests.Tip88C1C6BA3ClientServerAcceptanceTests.All21ServerHttpResultsTraverseProductionAgentClient(outcome: RecaptureRequired, expectedStatus: 409, expectedCode: &quot;RECAPTURE_REQUIRED&quot;)" storage="d:\task\remote signing\tagekyc\tests\tagekyc.integrationtests\bin\debug\net8.0\tagekyc.integrationtests.dll" id="69a7122c-11f9-01dc-3790-bbafb991aa6d">
      <Execution id="7b3a7c4e-300e-45e2-88a1-efcdfc27a2f8" />
      <TestMethod codeBase="D:\Task\Remote Signing\TagEkyc\tests\TagEkyc.IntegrationTests\bin\Debug\net8.0\TagEkyc.IntegrationTests.dll" adapterTypeName="executor://xunit/VsTestRunner2/netcoreapp" className="TagEkyc.IntegrationTests.Tip88C1C6BA3ClientServerAcceptanceTests" name="All21ServerHttpResultsTraverseProductionAgentClient" />
    </UnitTest>
    <UnitTest name="TagEkyc.IntegrationTests.Tip88C1C6BA1RawIngressBoundaryTests.RawIngressA3Outcome_MapsWithoutReadingBody(outcome: CapabilityUnavailable, status: 503, code: &quot;RAW_EXPORT_SOURCE_CAPABILITY_UNAVAILABLE&quot;)" storage="d:\task\remote signing\tagekyc\tests\tagekyc.integrationtests\bin\debug\net8.0\tagekyc.integrationtests.dll" id="1944480b-a936-77b8-bead-048a78cde4f5">
      <Execution id="c986aa4e-eaa3-4d92-a3a7-febc3594de12" />
      <TestMethod codeBase="D:\Task\Remote Signing\TagEkyc\tests\TagEkyc.IntegrationTests\bin\Debug\net8.0\TagEkyc.IntegrationTests.dll" adapterTypeName="executor://xunit/VsTestRunner2/netcoreapp" className="TagEkyc.IntegrationTests.Tip88C1C6BA1RawIngressBoundaryTests" name="RawIngressA3Outcome_MapsWithoutReadingBody" />
    </UnitTest>
    <UnitTest name="TagEkyc.IntegrationTests.Tip88C1C6BA1RawIngressBoundaryTests.RawIngressA3Outcome_MapsWithoutReadingBody(outcome: ContentCommitmentMismatch, status: 422, code: &quot;CONTENT_COMMITMENT_MISMATCH&quot;)" storage="d:\task\remote signing\tagekyc\tests\tagekyc.integrationtests\bin\debug\net8.0\tagekyc.integrationtests.dll" id="1d886a94-aa55-d3df-a751-2b7a437ec0b4">
      <Execution id="e5fcce5d-bc16-49dd-b499-adda6032259f" />
      <TestMethod codeBase="D:\Task\Remote Signing\TagEkyc\tests\TagEkyc.IntegrationTests\bin\Debug\net8.0\TagEkyc.IntegrationTests.dll" adapterTypeName="executor://xunit/VsTestRunner2/netcoreapp" className="TagEkyc.IntegrationTests.Tip88C1C6BA1RawIngressBoundaryTests" name="RawIngressA3Outcome_MapsWithoutReadingBody" />
    </UnitTest>
    <UnitTest name="TagEkyc.IntegrationTests.Tip88C1C6BA3ClientServerAcceptanceTests.All21ServerHttpResultsTraverseProductionAgentClient(outcome: TemporarilyUnavailable, expectedStatus: 503, expectedCode: &quot;RAW_EXPORT_SOURCE_TEMPORARILY_UNAVAILABLE&quot;)" storage="d:\task\remote signing\tagekyc\tests\tagekyc.integrationtests\bin\debug\net8.0\tagekyc.integrationtests.dll" id="4d3f2726-333c-8f54-733f-9013935d812f">
      <Execution id="ce70f1c2-b655-444f-ba38-22cd2fb15c6f" />
      <TestMethod codeBase="D:\Task\Remote Signing\TagEkyc\tests\TagEkyc.IntegrationTests\bin\Debug\net8.0\TagEkyc.IntegrationTests.dll" adapterTypeName="executor://xunit/VsTestRunner2/netcoreapp" className="TagEkyc.IntegrationTests.Tip88C1C6BA3ClientServerAcceptanceTests" name="All21ServerHttpResultsTraverseProductionAgentClient" />
    </UnitTest>
    <UnitTest name="TagEkyc.IntegrationTests.Tip88C1C6BA1RawIngressBoundaryTests.RawIngressA3Outcome_MapsWithoutReadingBody(outcome: BindingInvalid, status: 403, code: &quot;RAW_EXPORT_SOURCE_BINDING_INVALID&quot;)" storage="d:\task\remote signing\tagekyc\tests\tagekyc.integrationtests\bin\debug\net8.0\tagekyc.integrationtests.dll" id="66c21ea4-beba-3be2-2449-8c8a6313ec60">
      <Execution id="f6457749-dc99-4fca-b945-23c8f6c7fe24" />
      <TestMethod codeBase="D:\Task\Remote Signing\TagEkyc\tests\TagEkyc.IntegrationTests\bin\Debug\net8.0\TagEkyc.IntegrationTests.dll" adapterTypeName="executor://xunit/VsTestRunner2/netcoreapp" className="TagEkyc.IntegrationTests.Tip88C1C6BA1RawIngressBoundaryTests" name="RawIngressA3Outcome_MapsWithoutReadingBody" />
    </UnitTest>
    <UnitTest name="TagEkyc.IntegrationTests.Tip88C1C6BA1RawIngressBoundaryTests.RawIngressA3Outcome_MapsWithoutReadingBody(outcome: RecaptureRequired, status: 409, code: &quot;RECAPTURE_REQUIRED&quot;)" storage="d:\task\remote signing\tagekyc\tests\tagekyc.integrationtests\bin\debug\net8.0\tagekyc.integrationtests.dll" id="a29a227f-5d8a-5d49-0616-17e7d77788d2">
      <Execution id="64cdd7b5-2daa-41fe-9d14-308e4e476504" />
      <TestMethod codeBase="D:\Task\Remote Signing\TagEkyc\tests\TagEkyc.IntegrationTests\bin\Debug\net8.0\TagEkyc.IntegrationTests.dll" adapterTypeName="executor://xunit/VsTestRunner2/netcoreapp" className="TagEkyc.IntegrationTests.Tip88C1C6BA1RawIngressBoundaryTests" name="RawIngressA3Outcome_MapsWithoutReadingBody" />
    </UnitTest>
    <UnitTest name="TagEkyc.IntegrationTests.Tip88C1C6BA1RawIngressBoundaryTests.RawIngressA3Outcome_MapsWithoutReadingBody(outcome: SourceRetentionNotAuthorized, status: 403, code: &quot;SOURCE_RETENTION_NOT_AUTHORIZED&quot;)" storage="d:\task\remote signing\tagekyc\tests\tagekyc.integrationtests\bin\debug\net8.0\tagekyc.integrationtests.dll" id="0fb030b9-2e2b-7184-4190-d333219794c4">
      <Execution id="c3d60fa9-4f8c-4710-afe1-3180ae4054bd" />
      <TestMethod codeBase="D:\Task\Remote Signing\TagEkyc\tests\TagEkyc.IntegrationTests\bin\Debug\net8.0\TagEkyc.IntegrationTests.dll" adapterTypeName="executor://xunit/VsTestRunner2/netcoreapp" className="TagEkyc.IntegrationTests.Tip88C1C6BA1RawIngressBoundaryTests" name="RawIngressA3Outcome_MapsWithoutReadingBody" />
    </UnitTest>
    <UnitTest name="TagEkyc.IntegrationTests.Tip88C1C6BA1RawIngressBoundaryTests.RawIngressA3Outcome_MapsWithoutReadingBody(outcome: ClaimTokenInvalid, status: 403, code: &quot;RAW_EXPORT_SOURCE_CLAIM_TOKEN_INVALID&quot;)" storage="d:\task\remote signing\tagekyc\tests\tagekyc.integrationtests\bin\debug\net8.0\tagekyc.integrationtests.dll" id="4bb8c475-be1a-7c66-0f4b-dfcceee2ee46">
      <Execution id="01cd01f3-eb02-4f21-b5ec-cf557fd87966" />
      <TestMethod codeBase="D:\Task\Remote Signing\TagEkyc\tests\TagEkyc.IntegrationTests\bin\Debug\net8.0\TagEkyc.IntegrationTests.dll" adapterTypeName="executor://xunit/VsTestRunner2/netcoreapp" className="TagEkyc.IntegrationTests.Tip88C1C6BA1RawIngressBoundaryTests" name="RawIngressA3Outcome_MapsWithoutReadingBody" />
    </UnitTest>
    <UnitTest name="TagEkyc.IntegrationTests.Tip88C1C6BA3ClientServerAcceptanceTests.All21ServerHttpResultsTraverseProductionAgentClient(outcome: PlaintextRetentionInvalid, expectedStatus: 422, expectedCode: &quot;RAW_EXPORT_SOURCE_PLAINTEXT_RETENTION_INVALID&quot;)" storage="d:\task\remote signing\tagekyc\tests\tagekyc.integrationtests\bin\debug\net8.0\tagekyc.integrationtests.dll" id="38838ed3-3816-6c57-d197-2f89b1e59e82">
      <Execution id="30b38677-1e2f-4aa4-96a8-821299d02cef" />
      <TestMethod codeBase="D:\Task\Remote Signing\TagEkyc\tests\TagEkyc.IntegrationTests\bin\Debug\net8.0\TagEkyc.IntegrationTests.dll" adapterTypeName="executor://xunit/VsTestRunner2/netcoreapp" className="TagEkyc.IntegrationTests.Tip88C1C6BA3ClientServerAcceptanceTests" name="All21ServerHttpResultsTraverseProductionAgentClient" />
    </UnitTest>
    <UnitTest name="TagEkyc.IntegrationTests.Tip88C1C6BA3ClientServerAcceptanceTests.All21ServerHttpResultsTraverseProductionAgentClient(outcome: EvaluationInProgress, expectedStatus: 409, expectedCode: &quot;RAW_EXPORT_SOURCE_CLAIM_EVALUATION_IN_PROGRESS&quot;)" storage="d:\task\remote signing\tagekyc\tests\tagekyc.integrationtests\bin\debug\net8.0\tagekyc.integrationtests.dll" id="01147e5d-439f-4ae9-9360-3ac35baba350">
      <Execution id="1e7779e9-5c29-4ea4-88be-a0c9553db40e" />
      <TestMethod codeBase="D:\Task\Remote Signing\TagEkyc\tests\TagEkyc.IntegrationTests\bin\Debug\net8.0\TagEkyc.IntegrationTests.dll" adapterTypeName="executor://xunit/VsTestRunner2/netcoreapp" className="TagEkyc.IntegrationTests.Tip88C1C6BA3ClientServerAcceptanceTests" name="All21ServerHttpResultsTraverseProductionAgentClient" />
    </UnitTest>
    <UnitTest name="TagEkyc.IntegrationTests.Tip88C1C6BA1RawIngressBoundaryTests.RawIngressA3Outcome_MapsWithoutReadingBody(outcome: CapacityUnavailable, status: 503, code: &quot;RAW_EXPORT_SOURCE_CAPACITY_UNAVAILABLE&quot;)" storage="d:\task\remote signing\tagekyc\tests\tagekyc.integrationtests\bin\debug\net8.0\tagekyc.integrationtests.dll" id="b932cc1f-c9d7-96cf-5761-8ae6b5bf0195">
      <Execution id="04abc897-1d36-4452-8bb2-5c8361968a75" />
      <TestMethod codeBase="D:\Task\Remote Signing\TagEkyc\tests\TagEkyc.IntegrationTests\bin\Debug\net8.0\TagEkyc.IntegrationTests.dll" adapterTypeName="executor://xunit/VsTestRunner2/netcoreapp" className="TagEkyc.IntegrationTests.Tip88C1C6BA1RawIngressBoundaryTests" name="RawIngressA3Outcome_MapsWithoutReadingBody" />
    </UnitTest>
    <UnitTest name="TagEkyc.IntegrationTests.Tip88C1C6BA1RawIngressBoundaryTests.RawIngressA3Outcome_MapsWithoutReadingBody(outcome: ClaimRestartRequired, status: 409, code: &quot;RAW_EXPORT_SOURCE_CLAIM_RESTART_REQUIRED&quot;)" storage="d:\task\remote signing\tagekyc\tests\tagekyc.integrationtests\bin\debug\net8.0\tagekyc.integrationtests.dll" id="86de0940-0a76-48d4-9d3f-c1c5271d8ab4">
      <Execution id="0ec9c7db-3661-4f42-bc82-ae1c259cfe92" />
      <TestMethod codeBase="D:\Task\Remote Signing\TagEkyc\tests\TagEkyc.IntegrationTests\bin\Debug\net8.0\TagEkyc.IntegrationTests.dll" adapterTypeName="executor://xunit/VsTestRunner2/netcoreapp" className="TagEkyc.IntegrationTests.Tip88C1C6BA1RawIngressBoundaryTests" name="RawIngressA3Outcome_MapsWithoutReadingBody" />
    </UnitTest>
    <UnitTest name="TagEkyc.IntegrationTests.Tip88C1C6BA1RawIngressBoundaryTests.RawIngressA3Outcome_MapsWithoutReadingBody(outcome: ArtifactSizeLimitExceeded, status: 413, code: &quot;RAW_EXPORT_SOURCE_ARTIFACT_SIZE_LIMIT_EXCEEDED&quot;)" storage="d:\task\remote signing\tagekyc\tests\tagekyc.integrationtests\bin\debug\net8.0\tagekyc.integrationtests.dll" id="44a8a986-0b38-cc4e-4036-8137e89a0a24">
      <Execution id="13afccce-1f13-4eb8-9694-6262f80ff2a2" />
      <TestMethod codeBase="D:\Task\Remote Signing\TagEkyc\tests\TagEkyc.IntegrationTests\bin\Debug\net8.0\TagEkyc.IntegrationTests.dll" adapterTypeName="executor://xunit/VsTestRunner2/netcoreapp" className="TagEkyc.IntegrationTests.Tip88C1C6BA1RawIngressBoundaryTests" name="RawIngressA3Outcome_MapsWithoutReadingBody" />
    </UnitTest>
    <UnitTest name="TagEkyc.IntegrationTests.Tip88C1C6BA3ClientServerAcceptanceTests.All21ServerHttpResultsTraverseProductionAgentClient(outcome: BindingInvalid, expectedStatus: 403, expectedCode: &quot;RAW_EXPORT_SOURCE_BINDING_INVALID&quot;)" storage="d:\task\remote signing\tagekyc\tests\tagekyc.integrationtests\bin\debug\net8.0\tagekyc.integrationtests.dll" id="47190e25-852f-8a68-be69-fc157e21a4c9">
      <Execution id="c629f508-048d-4c57-bd10-c5c0ca5de4de" />
      <TestMethod codeBase="D:\Task\Remote Signing\TagEkyc\tests\TagEkyc.IntegrationTests\bin\Debug\net8.0\TagEkyc.IntegrationTests.dll" adapterTypeName="executor://xunit/VsTestRunner2/netcoreapp" className="TagEkyc.IntegrationTests.Tip88C1C6BA3ClientServerAcceptanceTests" name="All21ServerHttpResultsTraverseProductionAgentClient" />
    </UnitTest>
    <UnitTest name="TagEkyc.IntegrationTests.Tip88C1C6BA1RawIngressBoundaryTests.RawIngressA3Outcome_MapsWithoutReadingBody(outcome: NotFoundOrNotAllowed, status: 403, code: &quot;NOT_FOUND_OR_NOT_ALLOWED&quot;)" storage="d:\task\remote signing\tagekyc\tests\tagekyc.integrationtests\bin\debug\net8.0\tagekyc.integrationtests.dll" id="569713f9-3dda-fe40-0bd1-6d010b258bac">
      <Execution id="bdd1b3eb-85b7-4025-afca-069c0d79addc" />
      <TestMethod codeBase="D:\Task\Remote Signing\TagEkyc\tests\TagEkyc.IntegrationTests\bin\Debug\net8.0\TagEkyc.IntegrationTests.dll" adapterTypeName="executor://xunit/VsTestRunner2/netcoreapp" className="TagEkyc.IntegrationTests.Tip88C1C6BA1RawIngressBoundaryTests" name="RawIngressA3Outcome_MapsWithoutReadingBody" />
    </UnitTest>
  </TestDefinitions>
  <TestEntries>
    <TestEntry testId="bf83e683-e4e4-a34a-9c97-1f78e5bd0fb4" executionId="8279c834-20a1-4dd1-af8e-80413caf130c" testListId="8c84fa94-04c1-424b-9868-57a2d4851a1d" />
    <TestEntry testId="e7767f57-823d-514b-0a5f-44dd33f241ad" executionId="4dbcbf91-06d8-49f8-831f-f81bdbb78d21" testListId="8c84fa94-04c1-424b-9868-57a2d4851a1d" />
    <TestEntry testId="b932cc1f-c9d7-96cf-5761-8ae6b5bf0195" executionId="04abc897-1d36-4452-8bb2-5c8361968a75" testListId="8c84fa94-04c1-424b-9868-57a2d4851a1d" />
    <TestEntry testId="35802e9f-7ca2-a42f-92f8-a518c32fe48a" executionId="009c58bf-180d-4ab0-a6d1-c9d0bc75deb0" testListId="8c84fa94-04c1-424b-9868-57a2d4851a1d" />
    <TestEntry testId="47190e25-852f-8a68-be69-fc157e21a4c9" executionId="c629f508-048d-4c57-bd10-c5c0ca5de4de" testListId="8c84fa94-04c1-424b-9868-57a2d4851a1d" />
    <TestEntry testId="3cecf18e-ba2b-9e1b-6268-ec299f20f05e" executionId="fb57a75d-0303-4880-8917-56c78cbfc322" testListId="8c84fa94-04c1-424b-9868-57a2d4851a1d" />
    <TestEntry testId="bfc584f2-6661-7a80-c248-24bf328efa20" executionId="2dc1ecf7-59c4-4a9c-8a3b-6e0d64cfa494" testListId="8c84fa94-04c1-424b-9868-57a2d4851a1d" />
    <TestEntry testId="927a5e7e-a692-662a-f776-35473b93485c" executionId="75de2bfb-ef6d-4275-8d31-6a192ed89191" testListId="8c84fa94-04c1-424b-9868-57a2d4851a1d" />
    <TestEntry testId="2e949a77-4150-cce7-9f54-0a2c3a783469" executionId="6d3f30a0-41b6-4b08-a2f7-8a4bd6b662ce" testListId="8c84fa94-04c1-424b-9868-57a2d4851a1d" />
    <TestEntry testId="1d886a94-aa55-d3df-a751-2b7a437ec0b4" executionId="e5fcce5d-bc16-49dd-b499-adda6032259f" testListId="8c84fa94-04c1-424b-9868-57a2d4851a1d" />
    <TestEntry testId="970a6224-d4d3-6010-9596-d0fcf8bbb135" executionId="a171fd5b-e87b-45d6-b2ae-6e9a48e5c8be" testListId="8c84fa94-04c1-424b-9868-57a2d4851a1d" />
    <TestEntry testId="a29a227f-5d8a-5d49-0616-17e7d77788d2" executionId="64cdd7b5-2daa-41fe-9d14-308e4e476504" testListId="8c84fa94-04c1-424b-9868-57a2d4851a1d" />
    <TestEntry testId="faae9805-9f5a-17fa-e18c-3b157d1fa808" executionId="bb28ade0-99d4-4196-82da-e26abb375933" testListId="8c84fa94-04c1-424b-9868-57a2d4851a1d" />
    <TestEntry testId="1944480b-a936-77b8-bead-048a78cde4f5" executionId="c986aa4e-eaa3-4d92-a3a7-febc3594de12" testListId="8c84fa94-04c1-424b-9868-57a2d4851a1d" />
    <TestEntry testId="66c21ea4-beba-3be2-2449-8c8a6313ec60" executionId="f6457749-dc99-4fca-b945-23c8f6c7fe24" testListId="8c84fa94-04c1-424b-9868-57a2d4851a1d" />
    <TestEntry testId="be0ba722-ecce-c653-b0bf-02739939176d" executionId="3f3f4762-0e41-40fd-96ff-7de95e1c457c" testListId="8c84fa94-04c1-424b-9868-57a2d4851a1d" />
    <TestEntry testId="0fb030b9-2e2b-7184-4190-d333219794c4" executionId="c3d60fa9-4f8c-4710-afe1-3180ae4054bd" testListId="8c84fa94-04c1-424b-9868-57a2d4851a1d" />
    <TestEntry testId="4514e7f5-bd10-a416-2c56-b38ba487ac54" executionId="ab8cca96-57ec-4a8a-9fda-777eebdace5f" testListId="8c84fa94-04c1-424b-9868-57a2d4851a1d" />
    <TestEntry testId="e73a6476-9c00-0e7c-c644-5349e589047b" executionId="d463bb1a-cea2-4bff-a1bc-f0b9c5477947" testListId="8c84fa94-04c1-424b-9868-57a2d4851a1d" />
    <TestEntry testId="603596fc-6979-0a1d-def4-296a8e86e67b" executionId="05fc7dc8-a101-4c5d-a0a5-51e53808c59e" testListId="8c84fa94-04c1-424b-9868-57a2d4851a1d" />
    <TestEntry testId="38838ed3-3816-6c57-d197-2f89b1e59e82" executionId="30b38677-1e2f-4aa4-96a8-821299d02cef" testListId="8c84fa94-04c1-424b-9868-57a2d4851a1d" />
    <TestEntry testId="69a7122c-11f9-01dc-3790-bbafb991aa6d" executionId="7b3a7c4e-300e-45e2-88a1-efcdfc27a2f8" testListId="8c84fa94-04c1-424b-9868-57a2d4851a1d" />
    <TestEntry testId="9810a9cd-abcc-8a52-40ba-e026aafe820b" executionId="a52e543e-b582-4f47-bf13-830ace618e00" testListId="8c84fa94-04c1-424b-9868-57a2d4851a1d" />
    <TestEntry testId="1ab21edc-c75e-3f0c-d483-a5661321ce57" executionId="cc314eb7-5ddf-4556-8c76-df8e605817ca" testListId="8c84fa94-04c1-424b-9868-57a2d4851a1d" />
    <TestEntry testId="5c3d5195-86ac-0ca8-c8bf-412cd2e53d0e" executionId="1591235c-789b-4b2b-b676-5b6144431c5c" testListId="8c84fa94-04c1-424b-9868-57a2d4851a1d" />
    <TestEntry testId="7c6b1f97-6903-accf-7b45-0e1b6a27842c" executionId="43ae1096-b056-47f5-ba18-a410917eebbe" testListId="8c84fa94-04c1-424b-9868-57a2d4851a1d" />
    <TestEntry testId="569713f9-3dda-fe40-0bd1-6d010b258bac" executionId="bdd1b3eb-85b7-4025-afca-069c0d79addc" testListId="8c84fa94-04c1-424b-9868-57a2d4851a1d" />
    <TestEntry testId="f665e4fe-0a33-395f-bcef-28c14c605993" executionId="197519bf-c4a2-4822-8770-ed283648706f" testListId="8c84fa94-04c1-424b-9868-57a2d4851a1d" />
    <TestEntry testId="4d3f2726-333c-8f54-733f-9013935d812f" executionId="ce70f1c2-b655-444f-ba38-22cd2fb15c6f" testListId="8c84fa94-04c1-424b-9868-57a2d4851a1d" />
    <TestEntry testId="1213e76e-c3f4-6ba6-81f4-9aecf6f0f2fa" executionId="86786087-2b62-4d45-a26b-9f0a756f8c11" testListId="8c84fa94-04c1-424b-9868-57a2d4851a1d" />
    <TestEntry testId="44a8a986-0b38-cc4e-4036-8137e89a0a24" executionId="13afccce-1f13-4eb8-9694-6262f80ff2a2" testListId="8c84fa94-04c1-424b-9868-57a2d4851a1d" />
    <TestEntry testId="01147e5d-439f-4ae9-9360-3ac35baba350" executionId="1e7779e9-5c29-4ea4-88be-a0c9553db40e" testListId="8c84fa94-04c1-424b-9868-57a2d4851a1d" />
    <TestEntry testId="4bb8c475-be1a-7c66-0f4b-dfcceee2ee46" executionId="01cd01f3-eb02-4f21-b5ec-cf557fd87966" testListId="8c84fa94-04c1-424b-9868-57a2d4851a1d" />
    <TestEntry testId="50d4e1f5-1585-b80c-e16c-33aadf00e23f" executionId="3161f1a4-1046-4b64-8cd2-3fbcba881b88" testListId="8c84fa94-04c1-424b-9868-57a2d4851a1d" />
    <TestEntry testId="f8d0381a-7f9e-7c21-c0b7-7414d0379d69" executionId="c8697b59-87ce-46be-80d8-4d6ddf2d52e1" testListId="8c84fa94-04c1-424b-9868-57a2d4851a1d" />
    <TestEntry testId="e31aaa15-e790-c570-2feb-a7e4a05bc650" executionId="4ef7c3c0-8267-4840-aae1-d5e0185ce0a6" testListId="8c84fa94-04c1-424b-9868-57a2d4851a1d" />
    <TestEntry testId="f26261d8-79fe-4cc0-9831-624507bcd6c3" executionId="78ba0923-0c79-4f4e-8f13-cf13a081ca4e" testListId="8c84fa94-04c1-424b-9868-57a2d4851a1d" />
    <TestEntry testId="86de0940-0a76-48d4-9d3f-c1c5271d8ab4" executionId="0ec9c7db-3661-4f42-bc82-ae1c259cfe92" testListId="8c84fa94-04c1-424b-9868-57a2d4851a1d" />
    <TestEntry testId="69045bbb-a8b6-51c6-0ab0-36d2cf2e8be6" executionId="1c1c3bda-a781-4f1f-b2a8-737fffd3c1ba" testListId="8c84fa94-04c1-424b-9868-57a2d4851a1d" />
    <TestEntry testId="f2db3e28-f302-317e-a4b7-7899a126fd2c" executionId="a4cc21f7-6b8a-4056-a680-cd88e1be0db9" testListId="8c84fa94-04c1-424b-9868-57a2d4851a1d" />
    <TestEntry testId="447aec9a-d508-8fad-c9e2-c704edf6691f" executionId="735f164d-aba5-4a83-947f-a784ceee76d0" testListId="8c84fa94-04c1-424b-9868-57a2d4851a1d" />
    <TestEntry testId="2023d8a3-1b88-3867-b3c1-da5882deb0a0" executionId="def1629a-2a23-43ef-9797-7cc6f2b2363c" testListId="8c84fa94-04c1-424b-9868-57a2d4851a1d" />
  </TestEntries>
  <TestLists>
    <TestList name="Results Not in a List" id="8c84fa94-04c1-424b-9868-57a2d4851a1d" />
    <TestList name="All Loaded Results" id="19431567-8539-422a-85d7-44ee4e166bda" />
  </TestLists>
  <ResultSummary outcome="Completed">
    <Counters total="42" executed="42" passed="42" failed="0" error="0" timeout="0" aborted="0" inconclusive="0" passedButRunAborted="0" notRunnable="0" notExecuted="0" disconnected="0" warning="0" completed="0" inProgress="0" pending="0" />
    <Output>
      <StdOut>[xUnit.net 00:00:00.00] xUnit.net VSTest Adapter v2.5.3.1+6b60a9e56a (64-bit .NET 8.0.22)&#xD;
[xUnit.net 00:00:00.27]   Discovering: TagEkyc.IntegrationTests&#xD;
[xUnit.net 00:00:00.44]   Discovered:  TagEkyc.IntegrationTests&#xD;
[xUnit.net 00:00:00.44]   Starting:    TagEkyc.IntegrationTests&#xD;
[xUnit.net 00:00:13.73]   Finished:    TagEkyc.IntegrationTests&#xD;
</StdOut>
    </Output>
  </ResultSummary>
</TestRun>