<?xml version="1.0" encoding="utf-8"?>
<TestRun id="d3138d4e-4d9a-43ae-9dc3-c72d79ee605c" name="3AVNN@LEARNPC 2026-09-23 19:45:24" runUser="LEARNPC\3AVNN" xmlns="http://microsoft.com/schemas/VisualStudio/TeamTest/2010">
  <Times creation="2026-09-23T19:45:24.9710695+07:00" queuing="2026-09-23T19:45:24.9710698+07:00" start="2026-09-23T19:45:24.1832014+07:00" finish="2026-09-23T19:45:24.9752742+07:00" />
  <TestSettings name="default" id="545a823c-210e-4e5f-a41a-d3946bd69728">
    <Deployment runDeploymentRoot="3AVNN_LEARNPC_2026-09-23_19_45_24" />
  </TestSettings>
  <Results>
    <UnitTestResult executionId="5c95da13-07b0-45c9-bff0-5599e437f19e" testId="9fe16a7c-bcc6-6a34-f2d3-dc7c1e30b8e4" testName="TagEkyc.UnitTests.RawExportControlPlaneApplicationTests.Scope_identity_and_exact_class_validation_precede_repository_access" computerName="LEARNPC" duration="00:00:00.0017714" startTime="2026-09-23T19:45:24.8782958+07:00" endTime="2026-09-23T19:45:24.8782959+07:00" testType="13cdc9d9-ddb5-4fa4-a97d-d965ccfc6d4b" outcome="Passed" testListId="8c84fa94-04c1-424b-9868-57a2d4851a1d" relativeResultsDirectory="5c95da13-07b0-45c9-bff0-5599e437f19e" />
    <UnitTestResult executionId="09ee3b3c-2e4e-4390-bb50-79e44e14a6c9" testId="54d7124f-df7c-c826-33ff-4645570e7289" testName="TagEkyc.UnitTests.RawExportControlPlaneApplicationTests.Existing_authorization_and_job_repositories_are_the_only_write_boundaries" computerName="LEARNPC" duration="00:00:00.0250340" startTime="2026-09-23T19:45:24.8756035+07:00" endTime="2026-09-23T19:45:24.8756278+07:00" testType="13cdc9d9-ddb5-4fa4-a97d-d965ccfc6d4b" outcome="Passed" testListId="8c84fa94-04c1-424b-9868-57a2d4851a1d" relativeResultsDirectory="09ee3b3c-2e4e-4390-bb50-79e44e14a6c9" />
  </Results>
  <TestDefinitions>
    <UnitTest name="TagEkyc.UnitTests.RawExportControlPlaneApplicationTests.Existing_authorization_and_job_repositories_are_the_only_write_boundaries" storage="d:\task\remote signing\tagekyc\tests\tagekyc.unittests\bin\debug\net8.0\tagekyc.unittests.dll" id="54d7124f-df7c-c826-33ff-4645570e7289">
      <Execution id="09ee3b3c-2e4e-4390-bb50-79e44e14a6c9" />
      <TestMethod codeBase="D:\Task\Remote Signing\TagEkyc\tests\TagEkyc.UnitTests\bin\Debug\net8.0\TagEkyc.UnitTests.dll" adapterTypeName="executor://xunit/VsTestRunner2/netcoreapp" className="TagEkyc.UnitTests.RawExportControlPlaneApplicationTests" name="Existing_authorization_and_job_repositories_are_the_only_write_boundaries" />
    </UnitTest>
    <UnitTest name="TagEkyc.UnitTests.RawExportControlPlaneApplicationTests.Scope_identity_and_exact_class_validation_precede_repository_access" storage="d:\task\remote signing\tagekyc\tests\tagekyc.unittests\bin\debug\net8.0\tagekyc.unittests.dll" id="9fe16a7c-bcc6-6a34-f2d3-dc7c1e30b8e4">
      <Execution id="5c95da13-07b0-45c9-bff0-5599e437f19e" />
      <TestMethod codeBase="D:\Task\Remote Signing\TagEkyc\tests\TagEkyc.UnitTests\bin\Debug\net8.0\TagEkyc.UnitTests.dll" adapterTypeName="executor://xunit/VsTestRunner2/netcoreapp" className="TagEkyc.UnitTests.RawExportControlPlaneApplicationTests" name="Scope_identity_and_exact_class_validation_precede_repository_access" />
    </UnitTest>
  </TestDefinitions>
  <TestEntries>
    <TestEntry testId="9fe16a7c-bcc6-6a34-f2d3-dc7c1e30b8e4" executionId="5c95da13-07b0-45c9-bff0-5599e437f19e" testListId="8c84fa94-04c1-424b-9868-57a2d4851a1d" />
    <TestEntry testId="54d7124f-df7c-c826-33ff-4645570e7289" executionId="09ee3b3c-2e4e-4390-bb50-79e44e14a6c9" testListId="8c84fa94-04c1-424b-9868-57a2d4851a1d" />
  </TestEntries>
  <TestLists>
    <TestList name="Results Not in a List" id="8c84fa94-04c1-424b-9868-57a2d4851a1d" />
    <TestList name="All Loaded Results" id="19431567-8539-422a-85d7-44ee4e166bda" />
  </TestLists>
  <ResultSummary outcome="Completed">
    <Counters total="2" executed="2" passed="2" failed="0" error="0" timeout="0" aborted="0" inconclusive="0" passedButRunAborted="0" notRunnable="0" notExecuted="0" disconnected="0" warning="0" completed="0" inProgress="0" pending="0" />
    <Output>
      <StdOut>[xUnit.net 00:00:00.00] xUnit.net VSTest Adapter v2.5.3.1+6b60a9e56a (64-bit .NET 8.0.22)&#xD;
[xUnit.net 00:00:00.20]   Discovering: TagEkyc.UnitTests&#xD;
[xUnit.net 00:00:00.27]   Discovered:  TagEkyc.UnitTests&#xD;
[xUnit.net 00:00:00.27]   Starting:    TagEkyc.UnitTests&#xD;
[xUnit.net 00:00:00.33]   Finished:    TagEkyc.UnitTests&#xD;
</StdOut>
    </Output>
  </ResultSummary>
</TestRun>