LAB_PROOF_UTC=2026-10-03T01:31:49Z
SERVICE_STATES_BEGIN
PRODUCTION_API=active
PRODUCTION_BROKER=active
DEVELOPMENT_API=active
SERVICE_STATES_END
CONFIGURATION_POSTURE_BEGIN
Assembly.Topology=DurableWorker
ObjectCustody.Topology=Disabled
RuntimeOwners=Lifecycle,Reconciler,Writer
DeploymentRevision=1be2891b9857a1017630985660ef967eac5eb055-assembly-reconciler-candidate-v01
CONFIGURATION_POSTURE_END
API_PRINCIPAL_BEGIN
tagekyc_api_login|tagekyc_api_login|tagekyc_application_persistence,tagekyc_runtime
API_PRINCIPAL_END
RECONCILER_PRINCIPAL_BEGIN
tagekyc_raw_export_reconciler_login|tagekyc_raw_export_reconciler_login|tagekyc_raw_export_reconciler
RECONCILER_PRINCIPAL_END
HEALTH_BEGIN
{"status":"ok","service":"TagEkyc.Api"}
HTTP_STATUS=200
HEALTH_END
READINESS_BEGIN
{"status":"not-ready","codes":["PROD_RAW_EXPORT_CONTROL_PLANE_FUNCTION_ACL_INVALID","PROD_RAW_EXPORT_JOB_SCHEMA_INVALID","PROD_RAW_EXPORT_PACKAGE_DELIVERY_PUBLIC_ACCESS_PROHIBITED","PROD_RAW_EXPORT_RECIPIENT_MANAGEMENT_CATALOG_INVALID"]}
HTTP_STATUS=503
READINESS_END
SITE_READINESS_BEGIN
{"state":"NotRequired","code":null,"validUntilUtc":null}
HTTP_STATUS=200
SITE_READINESS_END
CURRENT_START=Sat 2026-10-03 01:27:32 UTC
ROOT_RECONCILER_RESOLUTION_ERRORS=0
SERVICE_STABLE_AFTER_12S=active
LISTENER_9444_COUNT=1
