<?xml version="1.0" encoding="utf-8"?>
<TestRun id="ba6b0326-f166-4548-986e-d354fc2dbf5a" name="3AVNN@LEARNPC 2026-10-01 11:42:52" runUser="LEARNPC\3AVNN" xmlns="http://microsoft.com/schemas/VisualStudio/TeamTest/2010">
  <Times creation="2026-10-01T11:42:52.0223317+07:00" queuing="2026-10-01T11:42:52.0223322+07:00" start="2026-10-01T11:42:51.0333807+07:00" finish="2026-10-01T11:42:52.6082479+07:00" />
  <TestSettings name="default" id="86ce0fb7-b3bc-436a-8ded-a0c427d260af">
    <Deployment runDeploymentRoot="3AVNN_LEARNPC_2026-10-01_11_42_52" />
  </TestSettings>
  <Results>
    <UnitTestResult executionId="0ec32709-5f17-42c0-a524-a3ef16e0e4ab" testId="9f8e3891-df21-2c90-9eac-d0e778978be6" testName="TagEkyc.IntegrationTests.OpenBaoProductionClaimProviderTests.Missing_security_metadata_is_readiness_RED(omittedProperty: &quot;exportable&quot;)" computerName="LEARNPC" duration="00:00:00.0002258" startTime="2026-10-01T11:42:51.9997850+07:00" endTime="2026-10-01T11:42:51.9997851+07:00" testType="13cdc9d9-ddb5-4fa4-a97d-d965ccfc6d4b" outcome="Passed" testListId="8c84fa94-04c1-424b-9868-57a2d4851a1d" relativeResultsDirectory="0ec32709-5f17-42c0-a524-a3ef16e0e4ab" />
    <UnitTestResult executionId="cbe33eea-e017-4df8-bad0-f11095888574" testId="336d1eb1-abec-03c2-ab8a-3eb4bb0f40e9" testName="TagEkyc.IntegrationTests.ProductionCompositionCorrectionTests.Provisioning_category_scope_boundary_covers_exact_site_credentials(category: CaptureAgent, scope: &quot;operator.site-qualification.enroll&quot;, expected: False)" computerName="LEARNPC" duration="00:00:00.0000095" startTime="2026-10-01T11:42:52.5048124+07:00" endTime="2026-10-01T11:42:52.5048125+07:00" testType="13cdc9d9-ddb5-4fa4-a97d-d965ccfc6d4b" outcome="Passed" testListId="8c84fa94-04c1-424b-9868-57a2d4851a1d" relativeResultsDirectory="cbe33eea-e017-4df8-bad0-f11095888574" />
    <UnitTestResult executionId="1d94be6b-c3b2-4304-a594-db3e68f6078a" testId="39249a5e-9a82-7739-d7ff-4c7206306332" testName="TagEkyc.IntegrationTests.OpenBaoProductionClaimProviderTests.Wrong_key_metadata_is_readiness_RED(type: &quot;hmac&quot;, exportable: False, plaintextBackup: True, hasVersion: True)" computerName="LEARNPC" duration="00:00:00.0057271" startTime="2026-10-01T11:42:51.9426075+07:00" endTime="2026-10-01T11:42:51.9426211+07:00" testType="13cdc9d9-ddb5-4fa4-a97d-d965ccfc6d4b" outcome="Passed" testListId="8c84fa94-04c1-424b-9868-57a2d4851a1d" relativeResultsDirectory="1d94be6b-c3b2-4304-a594-db3e68f6078a" />
    <UnitTestResult executionId="c309d25f-2029-4655-9af7-29eea2f54477" testId="9f16228b-2bae-b48a-9656-54e89c3fd776" testName="TagEkyc.IntegrationTests.OpenBaoProductionClaimProviderTests.Malformed_or_wrong_version_OpenBao_HMAC_is_rejected(value: null)" computerName="LEARNPC" duration="00:00:00.0000137" startTime="2026-10-01T11:42:52.0002062+07:00" endTime="2026-10-01T11:42:52.0002063+07:00" testType="13cdc9d9-ddb5-4fa4-a97d-d965ccfc6d4b" outcome="Passed" testListId="8c84fa94-04c1-424b-9868-57a2d4851a1d" relativeResultsDirectory="c309d25f-2029-4655-9af7-29eea2f54477" />
    <UnitTestResult executionId="7b45d62f-2967-49d9-8d10-9f1f5484b3e2" testId="687f02aa-7b15-f68e-6e97-94cbf7e9ea07" testName="TagEkyc.IntegrationTests.OpenBaoProductionClaimProviderTests.Active_selector_must_resolve_to_an_active_catalog_entry(arm: &quot;expired&quot;)" computerName="LEARNPC" duration="00:00:00.0001532" startTime="2026-10-01T11:42:52.0021057+07:00" endTime="2026-10-01T11:42:52.0021057+07:00" testType="13cdc9d9-ddb5-4fa4-a97d-d965ccfc6d4b" outcome="Passed" testListId="8c84fa94-04c1-424b-9868-57a2d4851a1d" relativeResultsDirectory="7b45d62f-2967-49d9-8d10-9f1f5484b3e2" />
    <UnitTestResult executionId="20fa4e1b-b811-4bf6-a9ea-14b8c08e13ff" testId="4436eb5c-487f-e7e4-2939-6aeb2bbfbb3e" testName="TagEkyc.IntegrationTests.ProductionCompositionCorrectionTests.Production_program_reaches_build_and_serves_health_with_fixture_profile_fail_closed_in_readiness" computerName="LEARNPC" duration="00:00:00.0658685" startTime="2026-10-01T11:42:52.5022549+07:00" endTime="2026-10-01T11:42:52.5022551+07:00" testType="13cdc9d9-ddb5-4fa4-a97d-d965ccfc6d4b" outcome="Passed" testListId="8c84fa94-04c1-424b-9868-57a2d4851a1d" relativeResultsDirectory="20fa4e1b-b811-4bf6-a9ea-14b8c08e13ff" />
    <UnitTestResult executionId="811feeef-76dd-47ed-9ef2-9bd194ea1b37" testId="6a2a476b-baf8-228f-bdef-7f1348764f98" testName="TagEkyc.IntegrationTests.OpenBaoProductionClaimProviderTests.Malformed_or_wrong_version_OpenBao_HMAC_is_rejected(value: &quot;vault:v2:AAAAAAAAAAAAAAAAAAAAAAAAAAAAAAAAAAAAAAAAA&quot;···)" computerName="LEARNPC" duration="00:00:00.0002709" startTime="2026-10-01T11:42:52.0001447+07:00" endTime="2026-10-01T11:42:52.0001447+07:00" testType="13cdc9d9-ddb5-4fa4-a97d-d965ccfc6d4b" outcome="Passed" testListId="8c84fa94-04c1-424b-9868-57a2d4851a1d" relativeResultsDirectory="811feeef-76dd-47ed-9ef2-9bd194ea1b37" />
    <UnitTestResult executionId="ffab4f0f-aa62-4ae5-9fcd-61b6f2f14a85" testId="a616d050-0a13-d32f-e302-e666df69c494" testName="TagEkyc.IntegrationTests.OpenBaoProductionClaimProviderTests.Wrong_key_metadata_is_readiness_RED(type: &quot;hmac&quot;, exportable: False, plaintextBackup: False, hasVersion: False)" computerName="LEARNPC" duration="00:00:00.0003575" startTime="2026-10-01T11:42:51.9446778+07:00" endTime="2026-10-01T11:42:51.9446779+07:00" testType="13cdc9d9-ddb5-4fa4-a97d-d965ccfc6d4b" outcome="Passed" testListId="8c84fa94-04c1-424b-9868-57a2d4851a1d" relativeResultsDirectory="ffab4f0f-aa62-4ae5-9fcd-61b6f2f14a85" />
    <UnitTestResult executionId="75d8ea76-c6b8-4372-9526-8aaac9ab0d82" testId="97e38191-8e3d-8346-3808-e0405c8b5a55" testName="TagEkyc.IntegrationTests.ProductionCompositionCorrectionTests.Production_broker_with_fixture_custody_profile_fails_closed_at_custody_arm" computerName="LEARNPC" duration="00:00:00.0001758" startTime="2026-10-01T11:42:52.5212706+07:00" endTime="2026-10-01T11:42:52.5212707+07:00" testType="13cdc9d9-ddb5-4fa4-a97d-d965ccfc6d4b" outcome="Passed" testListId="8c84fa94-04c1-424b-9868-57a2d4851a1d" relativeResultsDirectory="75d8ea76-c6b8-4372-9526-8aaac9ab0d82" />
    <UnitTestResult executionId="87d394bf-fba4-4eb1-83de-863f784408f8" testId="06e75008-3fdd-0cde-000e-2194ee7fa912" testName="TagEkyc.IntegrationTests.ProductionCompositionCorrectionTests.Production_recipient_factory_rejects_direct_connection_strings" computerName="LEARNPC" duration="00:00:00.0025369" startTime="2026-10-01T11:42:52.4343014+07:00" endTime="2026-10-01T11:42:52.4343016+07:00" testType="13cdc9d9-ddb5-4fa4-a97d-d965ccfc6d4b" outcome="Passed" testListId="8c84fa94-04c1-424b-9868-57a2d4851a1d" relativeResultsDirectory="87d394bf-fba4-4eb1-83de-863f784408f8" />
    <UnitTestResult executionId="e0bf3da0-473d-456d-90a0-1d6beac2fd5f" testId="58e67411-e13a-f5a8-2401-a5bb33c6c0e0" testName="TagEkyc.IntegrationTests.ProductionCompositionCorrectionTests.Production_broker_with_fixture_content_commitment_fails_closed_at_commitment_arm" computerName="LEARNPC" duration="00:00:00.0006558" startTime="2026-10-01T11:42:52.5098006+07:00" endTime="2026-10-01T11:42:52.5098007+07:00" testType="13cdc9d9-ddb5-4fa4-a97d-d965ccfc6d4b" outcome="Passed" testListId="8c84fa94-04c1-424b-9868-57a2d4851a1d" relativeResultsDirectory="e0bf3da0-473d-456d-90a0-1d6beac2fd5f" />
    <UnitTestResult executionId="6b97dbd8-25c9-4870-bdc6-fd810be2d4ad" testId="95fd4edf-b09c-68c8-f7f3-d3c8d6df723e" testName="TagEkyc.IntegrationTests.ProductionCompositionCorrectionTests.Production_readiness_maps_bad_claim_provider_CA_to_stable_503_code(arm: &quot;missing&quot;)" computerName="LEARNPC" duration="00:00:00.2959237" startTime="2026-10-01T11:42:52.2320460+07:00" endTime="2026-10-01T11:42:52.2320467+07:00" testType="13cdc9d9-ddb5-4fa4-a97d-d965ccfc6d4b" outcome="Passed" testListId="8c84fa94-04c1-424b-9868-57a2d4851a1d" relativeResultsDirectory="6b97dbd8-25c9-4870-bdc6-fd810be2d4ad" />
    <UnitTestResult executionId="0809fd9f-5a1c-4451-9fef-db7ec76e650d" testId="073b6a96-772e-5d07-4812-3f5caf697552" testName="TagEkyc.IntegrationTests.ProductionCompositionCorrectionTests.Production_api_composition_registers_existing_runtime_owners_without_fixture_fallback" computerName="LEARNPC" duration="00:00:00.0063584" startTime="2026-10-01T11:42:52.4307242+07:00" endTime="2026-10-01T11:42:52.4307243+07:00" testType="13cdc9d9-ddb5-4fa4-a97d-d965ccfc6d4b" outcome="Passed" testListId="8c84fa94-04c1-424b-9868-57a2d4851a1d" relativeResultsDirectory="0809fd9f-5a1c-4451-9fef-db7ec76e650d" />
    <UnitTestResult executionId="2f45edde-3def-4087-ba1e-97481a39f9b6" testId="baf12313-dff8-5e11-b71a-de1fb03c78fb" testName="TagEkyc.IntegrationTests.OpenBaoProductionClaimProviderTests.Wrong_key_metadata_is_readiness_RED(type: &quot;aes256-gcm96&quot;, exportable: False, plaintextBackup: False, hasVersion: True)" computerName="LEARNPC" duration="00:00:00.0000171" startTime="2026-10-01T11:42:51.9449125+07:00" endTime="2026-10-01T11:42:51.9449126+07:00" testType="13cdc9d9-ddb5-4fa4-a97d-d965ccfc6d4b" outcome="Passed" testListId="8c84fa94-04c1-424b-9868-57a2d4851a1d" relativeResultsDirectory="2f45edde-3def-4087-ba1e-97481a39f9b6" />
    <UnitTestResult executionId="0608dfab-c754-4d05-8515-c47f729731cb" testId="f6fc5eb0-6bc6-1de5-b2e9-0f9edd9d378c" testName="TagEkyc.IntegrationTests.OpenBaoProductionClaimProviderTests.Shared_AppRole_key_or_KEK_credential_is_readiness_RED(arm: &quot;role&quot;)" computerName="LEARNPC" duration="00:00:00.0001479" startTime="2026-10-01T11:42:51.9607100+07:00" endTime="2026-10-01T11:42:51.9607101+07:00" testType="13cdc9d9-ddb5-4fa4-a97d-d965ccfc6d4b" outcome="Passed" testListId="8c84fa94-04c1-424b-9868-57a2d4851a1d" relativeResultsDirectory="0608dfab-c754-4d05-8515-c47f729731cb" />
    <UnitTestResult executionId="94b843cd-09eb-4b85-98e4-e0314f98dbe5" testId="c3073589-237d-eefd-8744-071f9cd36a2a" testName="TagEkyc.IntegrationTests.OpenBaoProductionClaimProviderTests.Missing_security_metadata_is_readiness_RED(omittedProperty: &quot;allow_plaintext_backup&quot;)" computerName="LEARNPC" duration="00:00:00.0000297" startTime="2026-10-01T11:42:52.0000626+07:00" endTime="2026-10-01T11:42:52.0000628+07:00" testType="13cdc9d9-ddb5-4fa4-a97d-d965ccfc6d4b" outcome="Passed" testListId="8c84fa94-04c1-424b-9868-57a2d4851a1d" relativeResultsDirectory="94b843cd-09eb-4b85-98e4-e0314f98dbe5" />
    <UnitTestResult executionId="b767bec2-fe8f-4ddc-822a-631a979a20b6" testId="35da3392-a083-8558-cd39-4059ffb4cc74" testName="TagEkyc.IntegrationTests.ProductionCompositionCorrectionTests.Missing_runtime_owner_configuration_keeps_prepared_graph_lazy" computerName="LEARNPC" duration="00:00:00.0002105" startTime="2026-10-01T11:42:52.5580644+07:00" endTime="2026-10-01T11:42:52.5580645+07:00" testType="13cdc9d9-ddb5-4fa4-a97d-d965ccfc6d4b" outcome="Passed" testListId="8c84fa94-04c1-424b-9868-57a2d4851a1d" relativeResultsDirectory="b767bec2-fe8f-4ddc-822a-631a979a20b6" />
    <UnitTestResult executionId="6d729866-298c-4146-966d-a782cef479ba" testId="043ddacb-e539-2410-f317-fff5e6bd9ae6" testName="TagEkyc.IntegrationTests.OpenBaoProductionClaimProviderTests.Inactive_subject_selector_is_ProviderFailure" computerName="LEARNPC" duration="00:00:00.0023398" startTime="2026-10-01T11:42:52.0021604+07:00" endTime="2026-10-01T11:42:52.0021605+07:00" testType="13cdc9d9-ddb5-4fa4-a97d-d965ccfc6d4b" outcome="Passed" testListId="8c84fa94-04c1-424b-9868-57a2d4851a1d" relativeResultsDirectory="6d729866-298c-4146-966d-a782cef479ba" />
    <UnitTestResult executionId="3d746071-8e74-44f1-b49e-24f9ad338b27" testId="6af56aea-a7bc-b7ef-720a-6f8d6f3de6ad" testName="TagEkyc.IntegrationTests.OpenBaoProductionClaimProviderTests.Shared_AppRole_key_or_KEK_credential_is_readiness_RED(arm: &quot;key&quot;)" computerName="LEARNPC" duration="00:00:00.0170884" startTime="2026-10-01T11:42:51.9598040+07:00" endTime="2026-10-01T11:42:51.9598047+07:00" testType="13cdc9d9-ddb5-4fa4-a97d-d965ccfc6d4b" outcome="Passed" testListId="8c84fa94-04c1-424b-9868-57a2d4851a1d" relativeResultsDirectory="3d746071-8e74-44f1-b49e-24f9ad338b27" />
    <UnitTestResult executionId="212ffe38-9fb4-441a-8b98-7fabdf2b95a7" testId="7f872d99-838d-fce2-8ce3-dbdf6c7b5e0a" testName="TagEkyc.IntegrationTests.ProductionCompositionCorrectionTests.Production_broker_rejects_pre_registered_unknown_claim_provider(arm: &quot;subject&quot;)" computerName="LEARNPC" duration="00:00:00.0014813" startTime="2026-10-01T11:42:52.4358703+07:00" endTime="2026-10-01T11:42:52.4358706+07:00" testType="13cdc9d9-ddb5-4fa4-a97d-d965ccfc6d4b" outcome="Passed" testListId="8c84fa94-04c1-424b-9868-57a2d4851a1d" relativeResultsDirectory="212ffe38-9fb4-441a-8b98-7fabdf2b95a7" />
    <UnitTestResult executionId="ed8a6c46-3bbc-45f8-afad-37d9a0682eaa" testId="7fec0327-80ca-e8e8-0af7-0552b68c5121" testName="TagEkyc.IntegrationTests.ProductionCompositionCorrectionTests.Production_broker_with_fixture_subject_token_fails_closed_at_subject_arm" computerName="LEARNPC" duration="00:00:00.0018331" startTime="2026-10-01T11:42:52.5207871+07:00" endTime="2026-10-01T11:42:52.5207873+07:00" testType="13cdc9d9-ddb5-4fa4-a97d-d965ccfc6d4b" outcome="Failed" testListId="8c84fa94-04c1-424b-9868-57a2d4851a1d" relativeResultsDirectory="ed8a6c46-3bbc-45f8-afad-37d9a0682eaa">
      <Output>
        <ErrorInfo>
          <Message>Assert.Equal() Failure: Strings differ&#xD;
                           ↓ (pos 16)&#xD;
Expected: "PROD_RAW_EXPORT_SUBJECT_REF_TOKEN_FIXTURE"···&#xD;
Actual:   "PROD_RAW_EXPORT_CLAIM_PROVIDERS_MISSING"&#xD;
                           ↑ (pos 16)</Message>
          <StackTrace>   at TagEkyc.IntegrationTests.ProductionCompositionCorrectionTests.Production_broker_with_fixture_subject_token_fails_closed_at_subject_arm() in D:\Task\Remote Signing\TagEkyc\tests\TagEkyc.IntegrationTests\ProductionCompositionCorrectionTests.cs:line 154&#xD;
   at System.RuntimeMethodHandle.InvokeMethod(Object target, Void** arguments, Signature sig, Boolean isConstructor)&#xD;
   at System.Reflection.MethodBaseInvoker.InvokeWithNoArgs(Object obj, BindingFlags invokeAttr)</StackTrace>
        </ErrorInfo>
      </Output>
    </UnitTestResult>
    <UnitTestResult executionId="6121be4a-b05c-4aed-b02d-af17fddd12a0" testId="7e4e486d-99ba-b962-ccef-2a06ccedb620" testName="TagEkyc.IntegrationTests.ProductionCompositionCorrectionTests.Production_readiness_maps_bad_claim_provider_CA_to_stable_503_code(arm: &quot;malformed&quot;)" computerName="LEARNPC" duration="00:00:00.0729294" startTime="2026-10-01T11:42:52.3054060+07:00" endTime="2026-10-01T11:42:52.3054063+07:00" testType="13cdc9d9-ddb5-4fa4-a97d-d965ccfc6d4b" outcome="Passed" testListId="8c84fa94-04c1-424b-9868-57a2d4851a1d" relativeResultsDirectory="6121be4a-b05c-4aed-b02d-af17fddd12a0" />
    <UnitTestResult executionId="38ac5aca-9213-4b63-8db4-b2882eb1749d" testId="70c2ac20-0d22-de48-3172-d947dbecf25d" testName="TagEkyc.IntegrationTests.OpenBaoProductionClaimProviderTests.Malformed_or_wrong_version_OpenBao_HMAC_is_rejected(value: &quot;vault:v1:AQID&quot;)" computerName="LEARNPC" duration="00:00:00.0001198" startTime="2026-10-01T11:42:52.0001785+07:00" endTime="2026-10-01T11:42:52.0001786+07:00" testType="13cdc9d9-ddb5-4fa4-a97d-d965ccfc6d4b" outcome="Passed" testListId="8c84fa94-04c1-424b-9868-57a2d4851a1d" relativeResultsDirectory="38ac5aca-9213-4b63-8db4-b2882eb1749d" />
    <UnitTestResult executionId="b1e7d909-e825-4f4e-a448-e6281af9cf98" testId="ace66ea2-aac1-20f5-673a-d9461591d68d" testName="TagEkyc.IntegrationTests.ProductionCompositionCorrectionTests.Development_custody_registration_keeps_fixture_catalogs_and_provider" computerName="LEARNPC" duration="00:00:00.0005076" startTime="2026-10-01T11:42:52.5052321+07:00" endTime="2026-10-01T11:42:52.5052322+07:00" testType="13cdc9d9-ddb5-4fa4-a97d-d965ccfc6d4b" outcome="Passed" testListId="8c84fa94-04c1-424b-9868-57a2d4851a1d" relativeResultsDirectory="b1e7d909-e825-4f4e-a448-e6281af9cf98" />
    <UnitTestResult executionId="6d9ce033-fcb5-4d74-b406-cb8c4e4fe292" testId="f699b39d-9f25-c4ab-53f6-62dac0c0cfed" testName="TagEkyc.IntegrationTests.OpenBaoProductionClaimProviderTests.Wrong_content_selector_is_ProviderFailure(keyId: &quot;content-v1&quot;, keyVersion: 2)" computerName="LEARNPC" duration="00:00:00.0003048" startTime="2026-10-01T11:42:52.0019734+07:00" endTime="2026-10-01T11:42:52.0019737+07:00" testType="13cdc9d9-ddb5-4fa4-a97d-d965ccfc6d4b" outcome="Passed" testListId="8c84fa94-04c1-424b-9868-57a2d4851a1d" relativeResultsDirectory="6d9ce033-fcb5-4d74-b406-cb8c4e4fe292" />
    <UnitTestResult executionId="991a939a-b2b0-4453-9adb-b0b07151ed66" testId="3fb7944c-e11f-6c5b-04f0-e2eaa8386298" testName="TagEkyc.IntegrationTests.ProductionCompositionCorrectionTests.Existing_managed_key_generator_always_round_trips_fixed_length_prefix" computerName="LEARNPC" duration="00:00:00.0013646" startTime="2026-10-01T11:42:52.5212155+07:00" endTime="2026-10-01T11:42:52.5212155+07:00" testType="13cdc9d9-ddb5-4fa4-a97d-d965ccfc6d4b" outcome="Passed" testListId="8c84fa94-04c1-424b-9868-57a2d4851a1d" relativeResultsDirectory="991a939a-b2b0-4453-9adb-b0b07151ed66" />
    <UnitTestResult executionId="b7fd8523-a439-46e5-b2b3-aee6092c4795" testId="256c687f-a455-7ed9-3ac0-334b458b816e" testName="TagEkyc.IntegrationTests.OpenBaoProductionClaimProviderTests.Production_graph_contains_only_OpenBao_claim_providers" computerName="LEARNPC" duration="00:00:00.0022624" startTime="2026-10-01T11:42:52.0022033+07:00" endTime="2026-10-01T11:42:52.0022033+07:00" testType="13cdc9d9-ddb5-4fa4-a97d-d965ccfc6d4b" outcome="Passed" testListId="8c84fa94-04c1-424b-9868-57a2d4851a1d" relativeResultsDirectory="b7fd8523-a439-46e5-b2b3-aee6092c4795" />
    <UnitTestResult executionId="8246ddb0-06b3-424e-8114-cf8c44d5e384" testId="79b5747f-f255-b082-f067-7ccea752c3c7" testName="TagEkyc.IntegrationTests.ProductionCompositionCorrectionTests.Production_custody_registration_excludes_fixtures_while_readiness_rejects_fixture_profile" computerName="LEARNPC" duration="00:00:00.0009112" startTime="2026-10-01T11:42:52.4316912+07:00" endTime="2026-10-01T11:42:52.4316913+07:00" testType="13cdc9d9-ddb5-4fa4-a97d-d965ccfc6d4b" outcome="Passed" testListId="8c84fa94-04c1-424b-9868-57a2d4851a1d" relativeResultsDirectory="8246ddb0-06b3-424e-8114-cf8c44d5e384" />
    <UnitTestResult executionId="2ba7f9f2-9929-4821-98d2-d239cb214970" testId="d9d0ce30-37ed-cf54-707b-107aefb050c7" testName="TagEkyc.IntegrationTests.OpenBaoProductionClaimProviderTests.Exact_OpenBao_HMAC_shape_yields_the_existing_32_byte_contract" computerName="LEARNPC" duration="00:00:00.0065937" startTime="2026-10-01T11:42:52.0001101+07:00" endTime="2026-10-01T11:42:52.0001101+07:00" testType="13cdc9d9-ddb5-4fa4-a97d-d965ccfc6d4b" outcome="Passed" testListId="8c84fa94-04c1-424b-9868-57a2d4851a1d" relativeResultsDirectory="2ba7f9f2-9929-4821-98d2-d239cb214970" />
    <UnitTestResult executionId="4d48351f-4c27-40b7-b309-3404ff56457e" testId="6f89ae80-1ec4-f8e1-66c6-12f3585c14f6" testName="TagEkyc.IntegrationTests.OpenBaoProductionClaimProviderTests.Missing_security_metadata_is_readiness_RED(omittedProperty: &quot;derived&quot;)" computerName="LEARNPC" duration="00:00:00.0182146" startTime="2026-10-01T11:42:51.9790045+07:00" endTime="2026-10-01T11:42:51.9790046+07:00" testType="13cdc9d9-ddb5-4fa4-a97d-d965ccfc6d4b" outcome="Passed" testListId="8c84fa94-04c1-424b-9868-57a2d4851a1d" relativeResultsDirectory="4d48351f-4c27-40b7-b309-3404ff56457e" />
    <UnitTestResult executionId="c00a6776-ee56-41e5-a976-83e5c53b26c7" testId="4113efee-1359-b421-8bb3-caf91ed2d63a" testName="TagEkyc.IntegrationTests.OpenBaoProductionClaimProviderTests.Caller_cancellation_is_propagated_before_provider_access" computerName="LEARNPC" duration="00:00:00.0019708" startTime="2026-10-01T11:42:52.0022414+07:00" endTime="2026-10-01T11:42:52.0022414+07:00" testType="13cdc9d9-ddb5-4fa4-a97d-d965ccfc6d4b" outcome="Passed" testListId="8c84fa94-04c1-424b-9868-57a2d4851a1d" relativeResultsDirectory="c00a6776-ee56-41e5-a976-83e5c53b26c7" />
    <UnitTestResult executionId="7d6c8fda-fa4c-4fc6-9c6c-c8e8d8d51399" testId="b7dac6e6-06b5-a4d0-18b0-7bc6294d2e29" testName="TagEkyc.IntegrationTests.OpenBaoProductionClaimProviderTests.Active_selector_must_resolve_to_an_active_catalog_entry(arm: &quot;missing-id&quot;)" computerName="LEARNPC" duration="00:00:00.0007163" startTime="2026-10-01T11:42:52.0020407+07:00" endTime="2026-10-01T11:42:52.0020408+07:00" testType="13cdc9d9-ddb5-4fa4-a97d-d965ccfc6d4b" outcome="Passed" testListId="8c84fa94-04c1-424b-9868-57a2d4851a1d" relativeResultsDirectory="7d6c8fda-fa4c-4fc6-9c6c-c8e8d8d51399" />
    <UnitTestResult executionId="aafe494c-7f5d-44fa-8929-a8b218192e73" testId="28e6270c-b031-f830-e655-dc2d41ed6ba3" testName="TagEkyc.IntegrationTests.OpenBaoProductionClaimProviderTests.Malformed_or_wrong_version_OpenBao_HMAC_is_rejected(value: &quot;&quot;)" computerName="LEARNPC" duration="00:00:00.0000086" startTime="2026-10-01T11:42:52.0002597+07:00" endTime="2026-10-01T11:42:52.0002597+07:00" testType="13cdc9d9-ddb5-4fa4-a97d-d965ccfc6d4b" outcome="Passed" testListId="8c84fa94-04c1-424b-9868-57a2d4851a1d" relativeResultsDirectory="aafe494c-7f5d-44fa-8929-a8b218192e73" />
    <UnitTestResult executionId="ae2aabe7-840f-4de1-b416-43cc90aa655d" testId="4d47f762-de8c-36ad-c33d-e93ea02a56ae" testName="TagEkyc.IntegrationTests.OpenBaoProductionClaimProviderTests.Wrong_key_metadata_is_readiness_RED(type: &quot;hmac&quot;, exportable: True, plaintextBackup: False, hasVersion: True)" computerName="LEARNPC" duration="00:00:00.0000347" startTime="2026-10-01T11:42:51.9448888+07:00" endTime="2026-10-01T11:42:51.9448889+07:00" testType="13cdc9d9-ddb5-4fa4-a97d-d965ccfc6d4b" outcome="Passed" testListId="8c84fa94-04c1-424b-9868-57a2d4851a1d" relativeResultsDirectory="ae2aabe7-840f-4de1-b416-43cc90aa655d" />
    <UnitTestResult executionId="229d7d47-06bb-4d4f-a9a3-be0104a26eae" testId="00e9e768-9704-ce28-e5cf-dea15b979ed8" testName="TagEkyc.IntegrationTests.OpenBaoProductionClaimProviderTests.Wrong_content_selector_is_ProviderFailure(keyId: &quot;unknown&quot;, keyVersion: 1)" computerName="LEARNPC" duration="00:00:00.0029424" startTime="2026-10-01T11:42:52.0002947+07:00" endTime="2026-10-01T11:42:52.0002948+07:00" testType="13cdc9d9-ddb5-4fa4-a97d-d965ccfc6d4b" outcome="Passed" testListId="8c84fa94-04c1-424b-9868-57a2d4851a1d" relativeResultsDirectory="229d7d47-06bb-4d4f-a9a3-be0104a26eae" />
    <UnitTestResult executionId="b9a2d25d-633b-4958-bf25-04a346188ca0" testId="9ec261f7-a3fa-5688-e939-437dbbca1555" testName="TagEkyc.IntegrationTests.ProductionCompositionCorrectionTests.Provisioning_category_scope_boundary_covers_exact_site_credentials(category: CaptureAgent, scope: &quot;capture.raw-export.site-qualification&quot;, expected: True)" computerName="LEARNPC" duration="00:00:00.0003054" startTime="2026-10-01T11:42:52.5047831+07:00" endTime="2026-10-01T11:42:52.5047833+07:00" testType="13cdc9d9-ddb5-4fa4-a97d-d965ccfc6d4b" outcome="Passed" testListId="8c84fa94-04c1-424b-9868-57a2d4851a1d" relativeResultsDirectory="b9a2d25d-633b-4958-bf25-04a346188ca0" />
    <UnitTestResult executionId="e205028a-f241-4f98-827a-e033cae40a73" testId="edfa2e98-b249-825a-668d-b637c26ce7a3" testName="TagEkyc.IntegrationTests.ProductionCompositionCorrectionTests.Provisioning_category_scope_boundary_covers_exact_site_credentials(category: OperatorAdmin, scope: &quot;capture.raw-export.site-qualification&quot;, expected: False)" computerName="LEARNPC" duration="00:00:00.0000028" startTime="2026-10-01T11:42:52.5048321+07:00" endTime="2026-10-01T11:42:52.5048322+07:00" testType="13cdc9d9-ddb5-4fa4-a97d-d965ccfc6d4b" outcome="Passed" testListId="8c84fa94-04c1-424b-9868-57a2d4851a1d" relativeResultsDirectory="e205028a-f241-4f98-827a-e033cae40a73" />
    <UnitTestResult executionId="5a4a9b00-d606-478a-8c81-5c358b2d2cc8" testId="9fbc6d68-bba9-aff3-4a4a-82565a3cd7d9" testName="TagEkyc.IntegrationTests.ProductionCompositionCorrectionTests.Provisioning_category_scope_boundary_covers_exact_site_credentials(category: OperatorAdmin, scope: &quot;operator.site-qualification.enroll&quot;, expected: True)" computerName="LEARNPC" duration="00:00:00.0019157" startTime="2026-10-01T11:42:52.5042863+07:00" endTime="2026-10-01T11:42:52.5042867+07:00" testType="13cdc9d9-ddb5-4fa4-a97d-d965ccfc6d4b" outcome="Passed" testListId="8c84fa94-04c1-424b-9868-57a2d4851a1d" relativeResultsDirectory="5a4a9b00-d606-478a-8c81-5c358b2d2cc8" />
    <UnitTestResult executionId="2d376b42-4165-456d-be05-75c6bfd5bae9" testId="d80bd303-b641-427c-9d99-f89ec4069ae3" testName="TagEkyc.IntegrationTests.OpenBaoProductionClaimProviderTests.Shared_AppRole_key_or_KEK_credential_is_readiness_RED(arm: &quot;kek-role&quot;)" computerName="LEARNPC" duration="00:00:00.0006742" startTime="2026-10-01T11:42:51.9605161+07:00" endTime="2026-10-01T11:42:51.9605162+07:00" testType="13cdc9d9-ddb5-4fa4-a97d-d965ccfc6d4b" outcome="Passed" testListId="8c84fa94-04c1-424b-9868-57a2d4851a1d" relativeResultsDirectory="2d376b42-4165-456d-be05-75c6bfd5bae9" />
    <UnitTestResult executionId="d7e310c9-ad15-4d7b-b62b-31e29f22aa27" testId="7579dcea-cf7c-6781-ca4d-c6e69b9e7c72" testName="TagEkyc.IntegrationTests.ProductionCompositionCorrectionTests.Production_readiness_maps_bad_claim_provider_CA_to_stable_503_code(arm: &quot;unreadable-directory&quot;)" computerName="LEARNPC" duration="00:00:00.1182192" startTime="2026-10-01T11:42:52.4237704+07:00" endTime="2026-10-01T11:42:52.4237706+07:00" testType="13cdc9d9-ddb5-4fa4-a97d-d965ccfc6d4b" outcome="Passed" testListId="8c84fa94-04c1-424b-9868-57a2d4851a1d" relativeResultsDirectory="d7e310c9-ad15-4d7b-b62b-31e29f22aa27" />
    <UnitTestResult executionId="a3b08ae4-0120-4c83-9873-6ed6c02e519a" testId="e120280c-8fd6-1d2c-2d93-829699e097c2" testName="TagEkyc.IntegrationTests.OpenBaoProductionClaimProviderTests.Malformed_or_wrong_version_OpenBao_HMAC_is_rejected(value: &quot;vault:v1:not-base64&quot;)" computerName="LEARNPC" duration="00:00:00.0000861" startTime="2026-10-01T11:42:52.0002309+07:00" endTime="2026-10-01T11:42:52.0002310+07:00" testType="13cdc9d9-ddb5-4fa4-a97d-d965ccfc6d4b" outcome="Passed" testListId="8c84fa94-04c1-424b-9868-57a2d4851a1d" relativeResultsDirectory="a3b08ae4-0120-4c83-9873-6ed6c02e519a" />
    <UnitTestResult executionId="9d6c4b36-318c-4964-99fc-459a78b5103c" testId="f8b90d91-52b8-709d-9bdc-fef8bf3be8d6" testName="TagEkyc.IntegrationTests.ProductionCompositionCorrectionTests.Recipient_package_composition_registers_exact_three_role_factory" computerName="LEARNPC" duration="00:00:00.0037642" startTime="2026-10-01T11:42:52.5090975+07:00" endTime="2026-10-01T11:42:52.5090976+07:00" testType="13cdc9d9-ddb5-4fa4-a97d-d965ccfc6d4b" outcome="Passed" testListId="8c84fa94-04c1-424b-9868-57a2d4851a1d" relativeResultsDirectory="9d6c4b36-318c-4964-99fc-459a78b5103c" />
    <UnitTestResult executionId="92bcb62d-db60-483a-b4da-ad06e3154615" testId="578539e7-6c2e-1d87-270f-abce79ca7666" testName="TagEkyc.IntegrationTests.ProductionCompositionCorrectionTests.Production_broker_database_options_reject_direct_connection_string" computerName="LEARNPC" duration="00:00:00.0003904" startTime="2026-10-01T11:42:52.5102471+07:00" endTime="2026-10-01T11:42:52.5102472+07:00" testType="13cdc9d9-ddb5-4fa4-a97d-d965ccfc6d4b" outcome="Passed" testListId="8c84fa94-04c1-424b-9868-57a2d4851a1d" relativeResultsDirectory="92bcb62d-db60-483a-b4da-ad06e3154615" />
    <UnitTestResult executionId="5341e0ae-c6de-4643-814f-6234d8d6154a" testId="f72b51f2-03eb-cd13-f8de-acc687a13617" testName="TagEkyc.IntegrationTests.ProductionCompositionCorrectionTests.Production_broker_rejects_pre_registered_unknown_claim_provider(arm: &quot;content&quot;)" computerName="LEARNPC" duration="00:00:00.0002671" startTime="2026-10-01T11:42:52.4361889+07:00" endTime="2026-10-01T11:42:52.4361890+07:00" testType="13cdc9d9-ddb5-4fa4-a97d-d965ccfc6d4b" outcome="Passed" testListId="8c84fa94-04c1-424b-9868-57a2d4851a1d" relativeResultsDirectory="5341e0ae-c6de-4643-814f-6234d8d6154a" />
    <UnitTestResult executionId="991661e3-ad03-4a11-b0bf-f837a3a09d7b" testId="e864bcad-77ef-7150-9d59-a2096ebf4faa" testName="TagEkyc.IntegrationTests.OpenBaoProductionClaimProviderTests.Missing_catalog_is_readiness_RED" computerName="LEARNPC" duration="00:00:00.0006617" startTime="2026-10-01T11:42:52.0022774+07:00" endTime="2026-10-01T11:42:52.0022775+07:00" testType="13cdc9d9-ddb5-4fa4-a97d-d965ccfc6d4b" outcome="Passed" testListId="8c84fa94-04c1-424b-9868-57a2d4851a1d" relativeResultsDirectory="991661e3-ad03-4a11-b0bf-f837a3a09d7b" />
    <UnitTestResult executionId="34b26ddb-e6d7-49dd-8f35-99795168b0e8" testId="87317a4b-ede9-63d6-2451-0a7a62444943" testName="TagEkyc.IntegrationTests.ProductionCompositionCorrectionTests.Development_broker_composition_registers_fixture_claim_services_and_exact_login" computerName="LEARNPC" duration="00:00:00.0381522" startTime="2026-10-01T11:42:52.5578087+07:00" endTime="2026-10-01T11:42:52.5578089+07:00" testType="13cdc9d9-ddb5-4fa4-a97d-d965ccfc6d4b" outcome="Passed" testListId="8c84fa94-04c1-424b-9868-57a2d4851a1d" relativeResultsDirectory="34b26ddb-e6d7-49dd-8f35-99795168b0e8" />
    <UnitTestResult executionId="e2e8f926-97a3-40f4-a272-07129f89ecc6" testId="fb7067aa-8e16-6004-46f2-6bec0a14e52e" testName="TagEkyc.IntegrationTests.ProductionCompositionCorrectionTests.Production_runtime_owner_composition_rejects_direct_connection_strings" computerName="LEARNPC" duration="00:00:00.0004038" startTime="2026-10-01T11:42:52.5212470+07:00" endTime="2026-10-01T11:42:52.5212471+07:00" testType="13cdc9d9-ddb5-4fa4-a97d-d965ccfc6d4b" outcome="Passed" testListId="8c84fa94-04c1-424b-9868-57a2d4851a1d" relativeResultsDirectory="e2e8f926-97a3-40f4-a272-07129f89ecc6" />
    <UnitTestResult executionId="789bfec5-de52-4ba4-8127-f5f0a18ed899" testId="f0726ede-c6bb-27e3-3ccf-c8db9dbc1be1" testName="TagEkyc.IntegrationTests.ProductionCompositionCorrectionTests.Production_claim_registration_contains_only_OpenBao_providers_and_missing_catalog_is_readiness_RED" computerName="LEARNPC" duration="00:00:00.0005844" startTime="2026-10-01T11:42:52.5108264+07:00" endTime="2026-10-01T11:42:52.5108265+07:00" testType="13cdc9d9-ddb5-4fa4-a97d-d965ccfc6d4b" outcome="Passed" testListId="8c84fa94-04c1-424b-9868-57a2d4851a1d" relativeResultsDirectory="789bfec5-de52-4ba4-8127-f5f0a18ed899" />
    <UnitTestResult executionId="86fd5af1-3ce6-4a86-acb4-4315a2b40854" testId="bdc0940c-9b66-844d-2020-c8510a6b43dc" testName="TagEkyc.IntegrationTests.OpenBaoProductionClaimProviderTests.Active_selector_must_resolve_to_an_active_catalog_entry(arm: &quot;wrong-version&quot;)" computerName="LEARNPC" duration="00:00:00.0004336" startTime="2026-10-01T11:42:52.0020736+07:00" endTime="2026-10-01T11:42:52.0020737+07:00" testType="13cdc9d9-ddb5-4fa4-a97d-d965ccfc6d4b" outcome="Passed" testListId="8c84fa94-04c1-424b-9868-57a2d4851a1d" relativeResultsDirectory="86fd5af1-3ce6-4a86-acb4-4315a2b40854" />
  </Results>
  <TestDefinitions>
    <UnitTest name="TagEkyc.IntegrationTests.OpenBaoProductionClaimProviderTests.Malformed_or_wrong_version_OpenBao_HMAC_is_rejected(value: &quot;&quot;)" storage="d:\task\remote signing\tagekyc\tests\tagekyc.integrationtests\bin\debug\net8.0\tagekyc.integrationtests.dll" id="28e6270c-b031-f830-e655-dc2d41ed6ba3">
      <Execution id="aafe494c-7f5d-44fa-8929-a8b218192e73" />
      <TestMethod codeBase="D:\Task\Remote Signing\TagEkyc\tests\TagEkyc.IntegrationTests\bin\Debug\net8.0\TagEkyc.IntegrationTests.dll" adapterTypeName="executor://xunit/VsTestRunner2/netcoreapp" className="TagEkyc.IntegrationTests.OpenBaoProductionClaimProviderTests" name="Malformed_or_wrong_version_OpenBao_HMAC_is_rejected" />
    </UnitTest>
    <UnitTest name="TagEkyc.IntegrationTests.OpenBaoProductionClaimProviderTests.Wrong_content_selector_is_ProviderFailure(keyId: &quot;unknown&quot;, keyVersion: 1)" storage="d:\task\remote signing\tagekyc\tests\tagekyc.integrationtests\bin\debug\net8.0\tagekyc.integrationtests.dll" id="00e9e768-9704-ce28-e5cf-dea15b979ed8">
      <Execution id="229d7d47-06bb-4d4f-a9a3-be0104a26eae" />
      <TestMethod codeBase="D:\Task\Remote Signing\TagEkyc\tests\TagEkyc.IntegrationTests\bin\Debug\net8.0\TagEkyc.IntegrationTests.dll" adapterTypeName="executor://xunit/VsTestRunner2/netcoreapp" className="TagEkyc.IntegrationTests.OpenBaoProductionClaimProviderTests" name="Wrong_content_selector_is_ProviderFailure" />
    </UnitTest>
    <UnitTest name="TagEkyc.IntegrationTests.OpenBaoProductionClaimProviderTests.Wrong_key_metadata_is_readiness_RED(type: &quot;hmac&quot;, exportable: True, plaintextBackup: False, hasVersion: True)" storage="d:\task\remote signing\tagekyc\tests\tagekyc.integrationtests\bin\debug\net8.0\tagekyc.integrationtests.dll" id="4d47f762-de8c-36ad-c33d-e93ea02a56ae">
      <Execution id="ae2aabe7-840f-4de1-b416-43cc90aa655d" />
      <TestMethod codeBase="D:\Task\Remote Signing\TagEkyc\tests\TagEkyc.IntegrationTests\bin\Debug\net8.0\TagEkyc.IntegrationTests.dll" adapterTypeName="executor://xunit/VsTestRunner2/netcoreapp" className="TagEkyc.IntegrationTests.OpenBaoProductionClaimProviderTests" name="Wrong_key_metadata_is_readiness_RED" />
    </UnitTest>
    <UnitTest name="TagEkyc.IntegrationTests.OpenBaoProductionClaimProviderTests.Active_selector_must_resolve_to_an_active_catalog_entry(arm: &quot;missing-id&quot;)" storage="d:\task\remote signing\tagekyc\tests\tagekyc.integrationtests\bin\debug\net8.0\tagekyc.integrationtests.dll" id="b7dac6e6-06b5-a4d0-18b0-7bc6294d2e29">
      <Execution id="7d6c8fda-fa4c-4fc6-9c6c-c8e8d8d51399" />
      <TestMethod codeBase="D:\Task\Remote Signing\TagEkyc\tests\TagEkyc.IntegrationTests\bin\Debug\net8.0\TagEkyc.IntegrationTests.dll" adapterTypeName="executor://xunit/VsTestRunner2/netcoreapp" className="TagEkyc.IntegrationTests.OpenBaoProductionClaimProviderTests" name="Active_selector_must_resolve_to_an_active_catalog_entry" />
    </UnitTest>
    <UnitTest name="TagEkyc.IntegrationTests.ProductionCompositionCorrectionTests.Production_broker_with_fixture_content_commitment_fails_closed_at_commitment_arm" storage="d:\task\remote signing\tagekyc\tests\tagekyc.integrationtests\bin\debug\net8.0\tagekyc.integrationtests.dll" id="58e67411-e13a-f5a8-2401-a5bb33c6c0e0">
      <Execution id="e0bf3da0-473d-456d-90a0-1d6beac2fd5f" />
      <TestMethod codeBase="D:\Task\Remote Signing\TagEkyc\tests\TagEkyc.IntegrationTests\bin\Debug\net8.0\TagEkyc.IntegrationTests.dll" adapterTypeName="executor://xunit/VsTestRunner2/netcoreapp" className="TagEkyc.IntegrationTests.ProductionCompositionCorrectionTests" name="Production_broker_with_fixture_content_commitment_fails_closed_at_commitment_arm" />
    </UnitTest>
    <UnitTest name="TagEkyc.IntegrationTests.OpenBaoProductionClaimProviderTests.Missing_catalog_is_readiness_RED" storage="d:\task\remote signing\tagekyc\tests\tagekyc.integrationtests\bin\debug\net8.0\tagekyc.integrationtests.dll" id="e864bcad-77ef-7150-9d59-a2096ebf4faa">
      <Execution id="991661e3-ad03-4a11-b0bf-f837a3a09d7b" />
      <TestMethod codeBase="D:\Task\Remote Signing\TagEkyc\tests\TagEkyc.IntegrationTests\bin\Debug\net8.0\TagEkyc.IntegrationTests.dll" adapterTypeName="executor://xunit/VsTestRunner2/netcoreapp" className="TagEkyc.IntegrationTests.OpenBaoProductionClaimProviderTests" name="Missing_catalog_is_readiness_RED" />
    </UnitTest>
    <UnitTest name="TagEkyc.IntegrationTests.OpenBaoProductionClaimProviderTests.Missing_security_metadata_is_readiness_RED(omittedProperty: &quot;allow_plaintext_backup&quot;)" storage="d:\task\remote signing\tagekyc\tests\tagekyc.integrationtests\bin\debug\net8.0\tagekyc.integrationtests.dll" id="c3073589-237d-eefd-8744-071f9cd36a2a">
      <Execution id="94b843cd-09eb-4b85-98e4-e0314f98dbe5" />
      <TestMethod codeBase="D:\Task\Remote Signing\TagEkyc\tests\TagEkyc.IntegrationTests\bin\Debug\net8.0\TagEkyc.IntegrationTests.dll" adapterTypeName="executor://xunit/VsTestRunner2/netcoreapp" className="TagEkyc.IntegrationTests.OpenBaoProductionClaimProviderTests" name="Missing_security_metadata_is_readiness_RED" />
    </UnitTest>
    <UnitTest name="TagEkyc.IntegrationTests.OpenBaoProductionClaimProviderTests.Malformed_or_wrong_version_OpenBao_HMAC_is_rejected(value: &quot;vault:v2:AAAAAAAAAAAAAAAAAAAAAAAAAAAAAAAAAAAAAAAAA&quot;···)" storage="d:\task\remote signing\tagekyc\tests\tagekyc.integrationtests\bin\debug\net8.0\tagekyc.integrationtests.dll" id="6a2a476b-baf8-228f-bdef-7f1348764f98">
      <Execution id="811feeef-76dd-47ed-9ef2-9bd194ea1b37" />
      <TestMethod codeBase="D:\Task\Remote Signing\TagEkyc\tests\TagEkyc.IntegrationTests\bin\Debug\net8.0\TagEkyc.IntegrationTests.dll" adapterTypeName="executor://xunit/VsTestRunner2/netcoreapp" className="TagEkyc.IntegrationTests.OpenBaoProductionClaimProviderTests" name="Malformed_or_wrong_version_OpenBao_HMAC_is_rejected" />
    </UnitTest>
    <UnitTest name="TagEkyc.IntegrationTests.ProductionCompositionCorrectionTests.Production_broker_with_fixture_custody_profile_fails_closed_at_custody_arm" storage="d:\task\remote signing\tagekyc\tests\tagekyc.integrationtests\bin\debug\net8.0\tagekyc.integrationtests.dll" id="97e38191-8e3d-8346-3808-e0405c8b5a55">
      <Execution id="75d8ea76-c6b8-4372-9526-8aaac9ab0d82" />
      <TestMethod codeBase="D:\Task\Remote Signing\TagEkyc\tests\TagEkyc.IntegrationTests\bin\Debug\net8.0\TagEkyc.IntegrationTests.dll" adapterTypeName="executor://xunit/VsTestRunner2/netcoreapp" className="TagEkyc.IntegrationTests.ProductionCompositionCorrectionTests" name="Production_broker_with_fixture_custody_profile_fails_closed_at_custody_arm" />
    </UnitTest>
    <UnitTest name="TagEkyc.IntegrationTests.ProductionCompositionCorrectionTests.Provisioning_category_scope_boundary_covers_exact_site_credentials(category: CaptureAgent, scope: &quot;capture.raw-export.site-qualification&quot;, expected: True)" storage="d:\task\remote signing\tagekyc\tests\tagekyc.integrationtests\bin\debug\net8.0\tagekyc.integrationtests.dll" id="9ec261f7-a3fa-5688-e939-437dbbca1555">
      <Execution id="b9a2d25d-633b-4958-bf25-04a346188ca0" />
      <TestMethod codeBase="D:\Task\Remote Signing\TagEkyc\tests\TagEkyc.IntegrationTests\bin\Debug\net8.0\TagEkyc.IntegrationTests.dll" adapterTypeName="executor://xunit/VsTestRunner2/netcoreapp" className="TagEkyc.IntegrationTests.ProductionCompositionCorrectionTests" name="Provisioning_category_scope_boundary_covers_exact_site_credentials" />
    </UnitTest>
    <UnitTest name="TagEkyc.IntegrationTests.OpenBaoProductionClaimProviderTests.Shared_AppRole_key_or_KEK_credential_is_readiness_RED(arm: &quot;key&quot;)" storage="d:\task\remote signing\tagekyc\tests\tagekyc.integrationtests\bin\debug\net8.0\tagekyc.integrationtests.dll" id="6af56aea-a7bc-b7ef-720a-6f8d6f3de6ad">
      <Execution id="3d746071-8e74-44f1-b49e-24f9ad338b27" />
      <TestMethod codeBase="D:\Task\Remote Signing\TagEkyc\tests\TagEkyc.IntegrationTests\bin\Debug\net8.0\TagEkyc.IntegrationTests.dll" adapterTypeName="executor://xunit/VsTestRunner2/netcoreapp" className="TagEkyc.IntegrationTests.OpenBaoProductionClaimProviderTests" name="Shared_AppRole_key_or_KEK_credential_is_readiness_RED" />
    </UnitTest>
    <UnitTest name="TagEkyc.IntegrationTests.OpenBaoProductionClaimProviderTests.Wrong_key_metadata_is_readiness_RED(type: &quot;hmac&quot;, exportable: False, plaintextBackup: True, hasVersion: True)" storage="d:\task\remote signing\tagekyc\tests\tagekyc.integrationtests\bin\debug\net8.0\tagekyc.integrationtests.dll" id="39249a5e-9a82-7739-d7ff-4c7206306332">
      <Execution id="1d94be6b-c3b2-4304-a594-db3e68f6078a" />
      <TestMethod codeBase="D:\Task\Remote Signing\TagEkyc\tests\TagEkyc.IntegrationTests\bin\Debug\net8.0\TagEkyc.IntegrationTests.dll" adapterTypeName="executor://xunit/VsTestRunner2/netcoreapp" className="TagEkyc.IntegrationTests.OpenBaoProductionClaimProviderTests" name="Wrong_key_metadata_is_readiness_RED" />
    </UnitTest>
    <UnitTest name="TagEkyc.IntegrationTests.ProductionCompositionCorrectionTests.Production_program_reaches_build_and_serves_health_with_fixture_profile_fail_closed_in_readiness" storage="d:\task\remote signing\tagekyc\tests\tagekyc.integrationtests\bin\debug\net8.0\tagekyc.integrationtests.dll" id="4436eb5c-487f-e7e4-2939-6aeb2bbfbb3e">
      <Execution id="20fa4e1b-b811-4bf6-a9ea-14b8c08e13ff" />
      <TestMethod codeBase="D:\Task\Remote Signing\TagEkyc\tests\TagEkyc.IntegrationTests\bin\Debug\net8.0\TagEkyc.IntegrationTests.dll" adapterTypeName="executor://xunit/VsTestRunner2/netcoreapp" className="TagEkyc.IntegrationTests.ProductionCompositionCorrectionTests" name="Production_program_reaches_build_and_serves_health_with_fixture_profile_fail_closed_in_readiness" />
    </UnitTest>
    <UnitTest name="TagEkyc.IntegrationTests.ProductionCompositionCorrectionTests.Production_broker_database_options_reject_direct_connection_string" storage="d:\task\remote signing\tagekyc\tests\tagekyc.integrationtests\bin\debug\net8.0\tagekyc.integrationtests.dll" id="578539e7-6c2e-1d87-270f-abce79ca7666">
      <Execution id="92bcb62d-db60-483a-b4da-ad06e3154615" />
      <TestMethod codeBase="D:\Task\Remote Signing\TagEkyc\tests\TagEkyc.IntegrationTests\bin\Debug\net8.0\TagEkyc.IntegrationTests.dll" adapterTypeName="executor://xunit/VsTestRunner2/netcoreapp" className="TagEkyc.IntegrationTests.ProductionCompositionCorrectionTests" name="Production_broker_database_options_reject_direct_connection_string" />
    </UnitTest>
    <UnitTest name="TagEkyc.IntegrationTests.ProductionCompositionCorrectionTests.Production_readiness_maps_bad_claim_provider_CA_to_stable_503_code(arm: &quot;unreadable-directory&quot;)" storage="d:\task\remote signing\tagekyc\tests\tagekyc.integrationtests\bin\debug\net8.0\tagekyc.integrationtests.dll" id="7579dcea-cf7c-6781-ca4d-c6e69b9e7c72">
      <Execution id="d7e310c9-ad15-4d7b-b62b-31e29f22aa27" />
      <TestMethod codeBase="D:\Task\Remote Signing\TagEkyc\tests\TagEkyc.IntegrationTests\bin\Debug\net8.0\TagEkyc.IntegrationTests.dll" adapterTypeName="executor://xunit/VsTestRunner2/netcoreapp" className="TagEkyc.IntegrationTests.ProductionCompositionCorrectionTests" name="Production_readiness_maps_bad_claim_provider_CA_to_stable_503_code" />
    </UnitTest>
    <UnitTest name="TagEkyc.IntegrationTests.ProductionCompositionCorrectionTests.Production_broker_with_fixture_subject_token_fails_closed_at_subject_arm" storage="d:\task\remote signing\tagekyc\tests\tagekyc.integrationtests\bin\debug\net8.0\tagekyc.integrationtests.dll" id="7fec0327-80ca-e8e8-0af7-0552b68c5121">
      <Execution id="ed8a6c46-3bbc-45f8-afad-37d9a0682eaa" />
      <TestMethod codeBase="D:\Task\Remote Signing\TagEkyc\tests\TagEkyc.IntegrationTests\bin\Debug\net8.0\TagEkyc.IntegrationTests.dll" adapterTypeName="executor://xunit/VsTestRunner2/netcoreapp" className="TagEkyc.IntegrationTests.ProductionCompositionCorrectionTests" name="Production_broker_with_fixture_subject_token_fails_closed_at_subject_arm" />
    </UnitTest>
    <UnitTest name="TagEkyc.IntegrationTests.OpenBaoProductionClaimProviderTests.Missing_security_metadata_is_readiness_RED(omittedProperty: &quot;derived&quot;)" storage="d:\task\remote signing\tagekyc\tests\tagekyc.integrationtests\bin\debug\net8.0\tagekyc.integrationtests.dll" id="6f89ae80-1ec4-f8e1-66c6-12f3585c14f6">
      <Execution id="4d48351f-4c27-40b7-b309-3404ff56457e" />
      <TestMethod codeBase="D:\Task\Remote Signing\TagEkyc\tests\TagEkyc.IntegrationTests\bin\Debug\net8.0\TagEkyc.IntegrationTests.dll" adapterTypeName="executor://xunit/VsTestRunner2/netcoreapp" className="TagEkyc.IntegrationTests.OpenBaoProductionClaimProviderTests" name="Missing_security_metadata_is_readiness_RED" />
    </UnitTest>
    <UnitTest name="TagEkyc.IntegrationTests.OpenBaoProductionClaimProviderTests.Shared_AppRole_key_or_KEK_credential_is_readiness_RED(arm: &quot;role&quot;)" storage="d:\task\remote signing\tagekyc\tests\tagekyc.integrationtests\bin\debug\net8.0\tagekyc.integrationtests.dll" id="f6fc5eb0-6bc6-1de5-b2e9-0f9edd9d378c">
      <Execution id="0608dfab-c754-4d05-8515-c47f729731cb" />
      <TestMethod codeBase="D:\Task\Remote Signing\TagEkyc\tests\TagEkyc.IntegrationTests\bin\Debug\net8.0\TagEkyc.IntegrationTests.dll" adapterTypeName="executor://xunit/VsTestRunner2/netcoreapp" className="TagEkyc.IntegrationTests.OpenBaoProductionClaimProviderTests" name="Shared_AppRole_key_or_KEK_credential_is_readiness_RED" />
    </UnitTest>
    <UnitTest name="TagEkyc.IntegrationTests.OpenBaoProductionClaimProviderTests.Wrong_key_metadata_is_readiness_RED(type: &quot;hmac&quot;, exportable: False, plaintextBackup: False, hasVersion: False)" storage="d:\task\remote signing\tagekyc\tests\tagekyc.integrationtests\bin\debug\net8.0\tagekyc.integrationtests.dll" id="a616d050-0a13-d32f-e302-e666df69c494">
      <Execution id="ffab4f0f-aa62-4ae5-9fcd-61b6f2f14a85" />
      <TestMethod codeBase="D:\Task\Remote Signing\TagEkyc\tests\TagEkyc.IntegrationTests\bin\Debug\net8.0\TagEkyc.IntegrationTests.dll" adapterTypeName="executor://xunit/VsTestRunner2/netcoreapp" className="TagEkyc.IntegrationTests.OpenBaoProductionClaimProviderTests" name="Wrong_key_metadata_is_readiness_RED" />
    </UnitTest>
    <UnitTest name="TagEkyc.IntegrationTests.OpenBaoProductionClaimProviderTests.Shared_AppRole_key_or_KEK_credential_is_readiness_RED(arm: &quot;kek-role&quot;)" storage="d:\task\remote signing\tagekyc\tests\tagekyc.integrationtests\bin\debug\net8.0\tagekyc.integrationtests.dll" id="d80bd303-b641-427c-9d99-f89ec4069ae3">
      <Execution id="2d376b42-4165-456d-be05-75c6bfd5bae9" />
      <TestMethod codeBase="D:\Task\Remote Signing\TagEkyc\tests\TagEkyc.IntegrationTests\bin\Debug\net8.0\TagEkyc.IntegrationTests.dll" adapterTypeName="executor://xunit/VsTestRunner2/netcoreapp" className="TagEkyc.IntegrationTests.OpenBaoProductionClaimProviderTests" name="Shared_AppRole_key_or_KEK_credential_is_readiness_RED" />
    </UnitTest>
    <UnitTest name="TagEkyc.IntegrationTests.OpenBaoProductionClaimProviderTests.Inactive_subject_selector_is_ProviderFailure" storage="d:\task\remote signing\tagekyc\tests\tagekyc.integrationtests\bin\debug\net8.0\tagekyc.integrationtests.dll" id="043ddacb-e539-2410-f317-fff5e6bd9ae6">
      <Execution id="6d729866-298c-4146-966d-a782cef479ba" />
      <TestMethod codeBase="D:\Task\Remote Signing\TagEkyc\tests\TagEkyc.IntegrationTests\bin\Debug\net8.0\TagEkyc.IntegrationTests.dll" adapterTypeName="executor://xunit/VsTestRunner2/netcoreapp" className="TagEkyc.IntegrationTests.OpenBaoProductionClaimProviderTests" name="Inactive_subject_selector_is_ProviderFailure" />
    </UnitTest>
    <UnitTest name="TagEkyc.IntegrationTests.ProductionCompositionCorrectionTests.Development_broker_composition_registers_fixture_claim_services_and_exact_login" storage="d:\task\remote signing\tagekyc\tests\tagekyc.integrationtests\bin\debug\net8.0\tagekyc.integrationtests.dll" id="87317a4b-ede9-63d6-2451-0a7a62444943">
      <Execution id="34b26ddb-e6d7-49dd-8f35-99795168b0e8" />
      <TestMethod codeBase="D:\Task\Remote Signing\TagEkyc\tests\TagEkyc.IntegrationTests\bin\Debug\net8.0\TagEkyc.IntegrationTests.dll" adapterTypeName="executor://xunit/VsTestRunner2/netcoreapp" className="TagEkyc.IntegrationTests.ProductionCompositionCorrectionTests" name="Development_broker_composition_registers_fixture_claim_services_and_exact_login" />
    </UnitTest>
    <UnitTest name="TagEkyc.IntegrationTests.ProductionCompositionCorrectionTests.Production_broker_rejects_pre_registered_unknown_claim_provider(arm: &quot;content&quot;)" storage="d:\task\remote signing\tagekyc\tests\tagekyc.integrationtests\bin\debug\net8.0\tagekyc.integrationtests.dll" id="f72b51f2-03eb-cd13-f8de-acc687a13617">
      <Execution id="5341e0ae-c6de-4643-814f-6234d8d6154a" />
      <TestMethod codeBase="D:\Task\Remote Signing\TagEkyc\tests\TagEkyc.IntegrationTests\bin\Debug\net8.0\TagEkyc.IntegrationTests.dll" adapterTypeName="executor://xunit/VsTestRunner2/netcoreapp" className="TagEkyc.IntegrationTests.ProductionCompositionCorrectionTests" name="Production_broker_rejects_pre_registered_unknown_claim_provider" />
    </UnitTest>
    <UnitTest name="TagEkyc.IntegrationTests.OpenBaoProductionClaimProviderTests.Production_graph_contains_only_OpenBao_claim_providers" storage="d:\task\remote signing\tagekyc\tests\tagekyc.integrationtests\bin\debug\net8.0\tagekyc.integrationtests.dll" id="256c687f-a455-7ed9-3ac0-334b458b816e">
      <Execution id="b7fd8523-a439-46e5-b2b3-aee6092c4795" />
      <TestMethod codeBase="D:\Task\Remote Signing\TagEkyc\tests\TagEkyc.IntegrationTests\bin\Debug\net8.0\TagEkyc.IntegrationTests.dll" adapterTypeName="executor://xunit/VsTestRunner2/netcoreapp" className="TagEkyc.IntegrationTests.OpenBaoProductionClaimProviderTests" name="Production_graph_contains_only_OpenBao_claim_providers" />
    </UnitTest>
    <UnitTest name="TagEkyc.IntegrationTests.ProductionCompositionCorrectionTests.Production_broker_rejects_pre_registered_unknown_claim_provider(arm: &quot;subject&quot;)" storage="d:\task\remote signing\tagekyc\tests\tagekyc.integrationtests\bin\debug\net8.0\tagekyc.integrationtests.dll" id="7f872d99-838d-fce2-8ce3-dbdf6c7b5e0a">
      <Execution id="212ffe38-9fb4-441a-8b98-7fabdf2b95a7" />
      <TestMethod codeBase="D:\Task\Remote Signing\TagEkyc\tests\TagEkyc.IntegrationTests\bin\Debug\net8.0\TagEkyc.IntegrationTests.dll" adapterTypeName="executor://xunit/VsTestRunner2/netcoreapp" className="TagEkyc.IntegrationTests.ProductionCompositionCorrectionTests" name="Production_broker_rejects_pre_registered_unknown_claim_provider" />
    </UnitTest>
    <UnitTest name="TagEkyc.IntegrationTests.ProductionCompositionCorrectionTests.Provisioning_category_scope_boundary_covers_exact_site_credentials(category: OperatorAdmin, scope: &quot;operator.site-qualification.enroll&quot;, expected: True)" storage="d:\task\remote signing\tagekyc\tests\tagekyc.integrationtests\bin\debug\net8.0\tagekyc.integrationtests.dll" id="9fbc6d68-bba9-aff3-4a4a-82565a3cd7d9">
      <Execution id="5a4a9b00-d606-478a-8c81-5c358b2d2cc8" />
      <TestMethod codeBase="D:\Task\Remote Signing\TagEkyc\tests\TagEkyc.IntegrationTests\bin\Debug\net8.0\TagEkyc.IntegrationTests.dll" adapterTypeName="executor://xunit/VsTestRunner2/netcoreapp" className="TagEkyc.IntegrationTests.ProductionCompositionCorrectionTests" name="Provisioning_category_scope_boundary_covers_exact_site_credentials" />
    </UnitTest>
    <UnitTest name="TagEkyc.IntegrationTests.ProductionCompositionCorrectionTests.Production_claim_registration_contains_only_OpenBao_providers_and_missing_catalog_is_readiness_RED" storage="d:\task\remote signing\tagekyc\tests\tagekyc.integrationtests\bin\debug\net8.0\tagekyc.integrationtests.dll" id="f0726ede-c6bb-27e3-3ccf-c8db9dbc1be1">
      <Execution id="789bfec5-de52-4ba4-8127-f5f0a18ed899" />
      <TestMethod codeBase="D:\Task\Remote Signing\TagEkyc\tests\TagEkyc.IntegrationTests\bin\Debug\net8.0\TagEkyc.IntegrationTests.dll" adapterTypeName="executor://xunit/VsTestRunner2/netcoreapp" className="TagEkyc.IntegrationTests.ProductionCompositionCorrectionTests" name="Production_claim_registration_contains_only_OpenBao_providers_and_missing_catalog_is_readiness_RED" />
    </UnitTest>
    <UnitTest name="TagEkyc.IntegrationTests.OpenBaoProductionClaimProviderTests.Active_selector_must_resolve_to_an_active_catalog_entry(arm: &quot;wrong-version&quot;)" storage="d:\task\remote signing\tagekyc\tests\tagekyc.integrationtests\bin\debug\net8.0\tagekyc.integrationtests.dll" id="bdc0940c-9b66-844d-2020-c8510a6b43dc">
      <Execution id="86fd5af1-3ce6-4a86-acb4-4315a2b40854" />
      <TestMethod codeBase="D:\Task\Remote Signing\TagEkyc\tests\TagEkyc.IntegrationTests\bin\Debug\net8.0\TagEkyc.IntegrationTests.dll" adapterTypeName="executor://xunit/VsTestRunner2/netcoreapp" className="TagEkyc.IntegrationTests.OpenBaoProductionClaimProviderTests" name="Active_selector_must_resolve_to_an_active_catalog_entry" />
    </UnitTest>
    <UnitTest name="TagEkyc.IntegrationTests.OpenBaoProductionClaimProviderTests.Malformed_or_wrong_version_OpenBao_HMAC_is_rejected(value: &quot;vault:v1:not-base64&quot;)" storage="d:\task\remote signing\tagekyc\tests\tagekyc.integrationtests\bin\debug\net8.0\tagekyc.integrationtests.dll" id="e120280c-8fd6-1d2c-2d93-829699e097c2">
      <Execution id="a3b08ae4-0120-4c83-9873-6ed6c02e519a" />
      <TestMethod codeBase="D:\Task\Remote Signing\TagEkyc\tests\TagEkyc.IntegrationTests\bin\Debug\net8.0\TagEkyc.IntegrationTests.dll" adapterTypeName="executor://xunit/VsTestRunner2/netcoreapp" className="TagEkyc.IntegrationTests.OpenBaoProductionClaimProviderTests" name="Malformed_or_wrong_version_OpenBao_HMAC_is_rejected" />
    </UnitTest>
    <UnitTest name="TagEkyc.IntegrationTests.OpenBaoProductionClaimProviderTests.Missing_security_metadata_is_readiness_RED(omittedProperty: &quot;exportable&quot;)" storage="d:\task\remote signing\tagekyc\tests\tagekyc.integrationtests\bin\debug\net8.0\tagekyc.integrationtests.dll" id="9f8e3891-df21-2c90-9eac-d0e778978be6">
      <Execution id="0ec32709-5f17-42c0-a524-a3ef16e0e4ab" />
      <TestMethod codeBase="D:\Task\Remote Signing\TagEkyc\tests\TagEkyc.IntegrationTests\bin\Debug\net8.0\TagEkyc.IntegrationTests.dll" adapterTypeName="executor://xunit/VsTestRunner2/netcoreapp" className="TagEkyc.IntegrationTests.OpenBaoProductionClaimProviderTests" name="Missing_security_metadata_is_readiness_RED" />
    </UnitTest>
    <UnitTest name="TagEkyc.IntegrationTests.ProductionCompositionCorrectionTests.Production_api_composition_registers_existing_runtime_owners_without_fixture_fallback" storage="d:\task\remote signing\tagekyc\tests\tagekyc.integrationtests\bin\debug\net8.0\tagekyc.integrationtests.dll" id="073b6a96-772e-5d07-4812-3f5caf697552">
      <Execution id="0809fd9f-5a1c-4451-9fef-db7ec76e650d" />
      <TestMethod codeBase="D:\Task\Remote Signing\TagEkyc\tests\TagEkyc.IntegrationTests\bin\Debug\net8.0\TagEkyc.IntegrationTests.dll" adapterTypeName="executor://xunit/VsTestRunner2/netcoreapp" className="TagEkyc.IntegrationTests.ProductionCompositionCorrectionTests" name="Production_api_composition_registers_existing_runtime_owners_without_fixture_fallback" />
    </UnitTest>
    <UnitTest name="TagEkyc.IntegrationTests.OpenBaoProductionClaimProviderTests.Active_selector_must_resolve_to_an_active_catalog_entry(arm: &quot;expired&quot;)" storage="d:\task\remote signing\tagekyc\tests\tagekyc.integrationtests\bin\debug\net8.0\tagekyc.integrationtests.dll" id="687f02aa-7b15-f68e-6e97-94cbf7e9ea07">
      <Execution id="7b45d62f-2967-49d9-8d10-9f1f5484b3e2" />
      <TestMethod codeBase="D:\Task\Remote Signing\TagEkyc\tests\TagEkyc.IntegrationTests\bin\Debug\net8.0\TagEkyc.IntegrationTests.dll" adapterTypeName="executor://xunit/VsTestRunner2/netcoreapp" className="TagEkyc.IntegrationTests.OpenBaoProductionClaimProviderTests" name="Active_selector_must_resolve_to_an_active_catalog_entry" />
    </UnitTest>
    <UnitTest name="TagEkyc.IntegrationTests.OpenBaoProductionClaimProviderTests.Wrong_content_selector_is_ProviderFailure(keyId: &quot;content-v1&quot;, keyVersion: 2)" storage="d:\task\remote signing\tagekyc\tests\tagekyc.integrationtests\bin\debug\net8.0\tagekyc.integrationtests.dll" id="f699b39d-9f25-c4ab-53f6-62dac0c0cfed">
      <Execution id="6d9ce033-fcb5-4d74-b406-cb8c4e4fe292" />
      <TestMethod codeBase="D:\Task\Remote Signing\TagEkyc\tests\TagEkyc.IntegrationTests\bin\Debug\net8.0\TagEkyc.IntegrationTests.dll" adapterTypeName="executor://xunit/VsTestRunner2/netcoreapp" className="TagEkyc.IntegrationTests.OpenBaoProductionClaimProviderTests" name="Wrong_content_selector_is_ProviderFailure" />
    </UnitTest>
    <UnitTest name="TagEkyc.IntegrationTests.OpenBaoProductionClaimProviderTests.Exact_OpenBao_HMAC_shape_yields_the_existing_32_byte_contract" storage="d:\task\remote signing\tagekyc\tests\tagekyc.integrationtests\bin\debug\net8.0\tagekyc.integrationtests.dll" id="d9d0ce30-37ed-cf54-707b-107aefb050c7">
      <Execution id="2ba7f9f2-9929-4821-98d2-d239cb214970" />
      <TestMethod codeBase="D:\Task\Remote Signing\TagEkyc\tests\TagEkyc.IntegrationTests\bin\Debug\net8.0\TagEkyc.IntegrationTests.dll" adapterTypeName="executor://xunit/VsTestRunner2/netcoreapp" className="TagEkyc.IntegrationTests.OpenBaoProductionClaimProviderTests" name="Exact_OpenBao_HMAC_shape_yields_the_existing_32_byte_contract" />
    </UnitTest>
    <UnitTest name="TagEkyc.IntegrationTests.ProductionCompositionCorrectionTests.Production_runtime_owner_composition_rejects_direct_connection_strings" storage="d:\task\remote signing\tagekyc\tests\tagekyc.integrationtests\bin\debug\net8.0\tagekyc.integrationtests.dll" id="fb7067aa-8e16-6004-46f2-6bec0a14e52e">
      <Execution id="e2e8f926-97a3-40f4-a272-07129f89ecc6" />
      <TestMethod codeBase="D:\Task\Remote Signing\TagEkyc\tests\TagEkyc.IntegrationTests\bin\Debug\net8.0\TagEkyc.IntegrationTests.dll" adapterTypeName="executor://xunit/VsTestRunner2/netcoreapp" className="TagEkyc.IntegrationTests.ProductionCompositionCorrectionTests" name="Production_runtime_owner_composition_rejects_direct_connection_strings" />
    </UnitTest>
    <UnitTest name="TagEkyc.IntegrationTests.ProductionCompositionCorrectionTests.Development_custody_registration_keeps_fixture_catalogs_and_provider" storage="d:\task\remote signing\tagekyc\tests\tagekyc.integrationtests\bin\debug\net8.0\tagekyc.integrationtests.dll" id="ace66ea2-aac1-20f5-673a-d9461591d68d">
      <Execution id="b1e7d909-e825-4f4e-a448-e6281af9cf98" />
      <TestMethod codeBase="D:\Task\Remote Signing\TagEkyc\tests\TagEkyc.IntegrationTests\bin\Debug\net8.0\TagEkyc.IntegrationTests.dll" adapterTypeName="executor://xunit/VsTestRunner2/netcoreapp" className="TagEkyc.IntegrationTests.ProductionCompositionCorrectionTests" name="Development_custody_registration_keeps_fixture_catalogs_and_provider" />
    </UnitTest>
    <UnitTest name="TagEkyc.IntegrationTests.ProductionCompositionCorrectionTests.Production_readiness_maps_bad_claim_provider_CA_to_stable_503_code(arm: &quot;malformed&quot;)" storage="d:\task\remote signing\tagekyc\tests\tagekyc.integrationtests\bin\debug\net8.0\tagekyc.integrationtests.dll" id="7e4e486d-99ba-b962-ccef-2a06ccedb620">
      <Execution id="6121be4a-b05c-4aed-b02d-af17fddd12a0" />
      <TestMethod codeBase="D:\Task\Remote Signing\TagEkyc\tests\TagEkyc.IntegrationTests\bin\Debug\net8.0\TagEkyc.IntegrationTests.dll" adapterTypeName="executor://xunit/VsTestRunner2/netcoreapp" className="TagEkyc.IntegrationTests.ProductionCompositionCorrectionTests" name="Production_readiness_maps_bad_claim_provider_CA_to_stable_503_code" />
    </UnitTest>
    <UnitTest name="TagEkyc.IntegrationTests.ProductionCompositionCorrectionTests.Missing_runtime_owner_configuration_keeps_prepared_graph_lazy" storage="d:\task\remote signing\tagekyc\tests\tagekyc.integrationtests\bin\debug\net8.0\tagekyc.integrationtests.dll" id="35da3392-a083-8558-cd39-4059ffb4cc74">
      <Execution id="b767bec2-fe8f-4ddc-822a-631a979a20b6" />
      <TestMethod codeBase="D:\Task\Remote Signing\TagEkyc\tests\TagEkyc.IntegrationTests\bin\Debug\net8.0\TagEkyc.IntegrationTests.dll" adapterTypeName="executor://xunit/VsTestRunner2/netcoreapp" className="TagEkyc.IntegrationTests.ProductionCompositionCorrectionTests" name="Missing_runtime_owner_configuration_keeps_prepared_graph_lazy" />
    </UnitTest>
    <UnitTest name="TagEkyc.IntegrationTests.ProductionCompositionCorrectionTests.Provisioning_category_scope_boundary_covers_exact_site_credentials(category: OperatorAdmin, scope: &quot;capture.raw-export.site-qualification&quot;, expected: False)" storage="d:\task\remote signing\tagekyc\tests\tagekyc.integrationtests\bin\debug\net8.0\tagekyc.integrationtests.dll" id="edfa2e98-b249-825a-668d-b637c26ce7a3">
      <Execution id="e205028a-f241-4f98-827a-e033cae40a73" />
      <TestMethod codeBase="D:\Task\Remote Signing\TagEkyc\tests\TagEkyc.IntegrationTests\bin\Debug\net8.0\TagEkyc.IntegrationTests.dll" adapterTypeName="executor://xunit/VsTestRunner2/netcoreapp" className="TagEkyc.IntegrationTests.ProductionCompositionCorrectionTests" name="Provisioning_category_scope_boundary_covers_exact_site_credentials" />
    </UnitTest>
    <UnitTest name="TagEkyc.IntegrationTests.OpenBaoProductionClaimProviderTests.Malformed_or_wrong_version_OpenBao_HMAC_is_rejected(value: &quot;vault:v1:AQID&quot;)" storage="d:\task\remote signing\tagekyc\tests\tagekyc.integrationtests\bin\debug\net8.0\tagekyc.integrationtests.dll" id="70c2ac20-0d22-de48-3172-d947dbecf25d">
      <Execution id="38ac5aca-9213-4b63-8db4-b2882eb1749d" />
      <TestMethod codeBase="D:\Task\Remote Signing\TagEkyc\tests\TagEkyc.IntegrationTests\bin\Debug\net8.0\TagEkyc.IntegrationTests.dll" adapterTypeName="executor://xunit/VsTestRunner2/netcoreapp" className="TagEkyc.IntegrationTests.OpenBaoProductionClaimProviderTests" name="Malformed_or_wrong_version_OpenBao_HMAC_is_rejected" />
    </UnitTest>
    <UnitTest name="TagEkyc.IntegrationTests.ProductionCompositionCorrectionTests.Production_custody_registration_excludes_fixtures_while_readiness_rejects_fixture_profile" storage="d:\task\remote signing\tagekyc\tests\tagekyc.integrationtests\bin\debug\net8.0\tagekyc.integrationtests.dll" id="79b5747f-f255-b082-f067-7ccea752c3c7">
      <Execution id="8246ddb0-06b3-424e-8114-cf8c44d5e384" />
      <TestMethod codeBase="D:\Task\Remote Signing\TagEkyc\tests\TagEkyc.IntegrationTests\bin\Debug\net8.0\TagEkyc.IntegrationTests.dll" adapterTypeName="executor://xunit/VsTestRunner2/netcoreapp" className="TagEkyc.IntegrationTests.ProductionCompositionCorrectionTests" name="Production_custody_registration_excludes_fixtures_while_readiness_rejects_fixture_profile" />
    </UnitTest>
    <UnitTest name="TagEkyc.IntegrationTests.ProductionCompositionCorrectionTests.Existing_managed_key_generator_always_round_trips_fixed_length_prefix" storage="d:\task\remote signing\tagekyc\tests\tagekyc.integrationtests\bin\debug\net8.0\tagekyc.integrationtests.dll" id="3fb7944c-e11f-6c5b-04f0-e2eaa8386298">
      <Execution id="991a939a-b2b0-4453-9adb-b0b07151ed66" />
      <TestMethod codeBase="D:\Task\Remote Signing\TagEkyc\tests\TagEkyc.IntegrationTests\bin\Debug\net8.0\TagEkyc.IntegrationTests.dll" adapterTypeName="executor://xunit/VsTestRunner2/netcoreapp" className="TagEkyc.IntegrationTests.ProductionCompositionCorrectionTests" name="Existing_managed_key_generator_always_round_trips_fixed_length_prefix" />
    </UnitTest>
    <UnitTest name="TagEkyc.IntegrationTests.ProductionCompositionCorrectionTests.Recipient_package_composition_registers_exact_three_role_factory" storage="d:\task\remote signing\tagekyc\tests\tagekyc.integrationtests\bin\debug\net8.0\tagekyc.integrationtests.dll" id="f8b90d91-52b8-709d-9bdc-fef8bf3be8d6">
      <Execution id="9d6c4b36-318c-4964-99fc-459a78b5103c" />
      <TestMethod codeBase="D:\Task\Remote Signing\TagEkyc\tests\TagEkyc.IntegrationTests\bin\Debug\net8.0\TagEkyc.IntegrationTests.dll" adapterTypeName="executor://xunit/VsTestRunner2/netcoreapp" className="TagEkyc.IntegrationTests.ProductionCompositionCorrectionTests" name="Recipient_package_composition_registers_exact_three_role_factory" />
    </UnitTest>
    <UnitTest name="TagEkyc.IntegrationTests.ProductionCompositionCorrectionTests.Production_readiness_maps_bad_claim_provider_CA_to_stable_503_code(arm: &quot;missing&quot;)" storage="d:\task\remote signing\tagekyc\tests\tagekyc.integrationtests\bin\debug\net8.0\tagekyc.integrationtests.dll" id="95fd4edf-b09c-68c8-f7f3-d3c8d6df723e">
      <Execution id="6b97dbd8-25c9-4870-bdc6-fd810be2d4ad" />
      <TestMethod codeBase="D:\Task\Remote Signing\TagEkyc\tests\TagEkyc.IntegrationTests\bin\Debug\net8.0\TagEkyc.IntegrationTests.dll" adapterTypeName="executor://xunit/VsTestRunner2/netcoreapp" className="TagEkyc.IntegrationTests.ProductionCompositionCorrectionTests" name="Production_readiness_maps_bad_claim_provider_CA_to_stable_503_code" />
    </UnitTest>
    <UnitTest name="TagEkyc.IntegrationTests.OpenBaoProductionClaimProviderTests.Wrong_key_metadata_is_readiness_RED(type: &quot;aes256-gcm96&quot;, exportable: False, plaintextBackup: False, hasVersion: True)" storage="d:\task\remote signing\tagekyc\tests\tagekyc.integrationtests\bin\debug\net8.0\tagekyc.integrationtests.dll" id="baf12313-dff8-5e11-b71a-de1fb03c78fb">
      <Execution id="2f45edde-3def-4087-ba1e-97481a39f9b6" />
      <TestMethod codeBase="D:\Task\Remote Signing\TagEkyc\tests\TagEkyc.IntegrationTests\bin\Debug\net8.0\TagEkyc.IntegrationTests.dll" adapterTypeName="executor://xunit/VsTestRunner2/netcoreapp" className="TagEkyc.IntegrationTests.OpenBaoProductionClaimProviderTests" name="Wrong_key_metadata_is_readiness_RED" />
    </UnitTest>
    <UnitTest name="TagEkyc.IntegrationTests.ProductionCompositionCorrectionTests.Production_recipient_factory_rejects_direct_connection_strings" storage="d:\task\remote signing\tagekyc\tests\tagekyc.integrationtests\bin\debug\net8.0\tagekyc.integrationtests.dll" id="06e75008-3fdd-0cde-000e-2194ee7fa912">
      <Execution id="87d394bf-fba4-4eb1-83de-863f784408f8" />
      <TestMethod codeBase="D:\Task\Remote Signing\TagEkyc\tests\TagEkyc.IntegrationTests\bin\Debug\net8.0\TagEkyc.IntegrationTests.dll" adapterTypeName="executor://xunit/VsTestRunner2/netcoreapp" className="TagEkyc.IntegrationTests.ProductionCompositionCorrectionTests" name="Production_recipient_factory_rejects_direct_connection_strings" />
    </UnitTest>
    <UnitTest name="TagEkyc.IntegrationTests.OpenBaoProductionClaimProviderTests.Caller_cancellation_is_propagated_before_provider_access" storage="d:\task\remote signing\tagekyc\tests\tagekyc.integrationtests\bin\debug\net8.0\tagekyc.integrationtests.dll" id="4113efee-1359-b421-8bb3-caf91ed2d63a">
      <Execution id="c00a6776-ee56-41e5-a976-83e5c53b26c7" />
      <TestMethod codeBase="D:\Task\Remote Signing\TagEkyc\tests\TagEkyc.IntegrationTests\bin\Debug\net8.0\TagEkyc.IntegrationTests.dll" adapterTypeName="executor://xunit/VsTestRunner2/netcoreapp" className="TagEkyc.IntegrationTests.OpenBaoProductionClaimProviderTests" name="Caller_cancellation_is_propagated_before_provider_access" />
    </UnitTest>
    <UnitTest name="TagEkyc.IntegrationTests.OpenBaoProductionClaimProviderTests.Malformed_or_wrong_version_OpenBao_HMAC_is_rejected(value: null)" storage="d:\task\remote signing\tagekyc\tests\tagekyc.integrationtests\bin\debug\net8.0\tagekyc.integrationtests.dll" id="9f16228b-2bae-b48a-9656-54e89c3fd776">
      <Execution id="c309d25f-2029-4655-9af7-29eea2f54477" />
      <TestMethod codeBase="D:\Task\Remote Signing\TagEkyc\tests\TagEkyc.IntegrationTests\bin\Debug\net8.0\TagEkyc.IntegrationTests.dll" adapterTypeName="executor://xunit/VsTestRunner2/netcoreapp" className="TagEkyc.IntegrationTests.OpenBaoProductionClaimProviderTests" name="Malformed_or_wrong_version_OpenBao_HMAC_is_rejected" />
    </UnitTest>
    <UnitTest name="TagEkyc.IntegrationTests.ProductionCompositionCorrectionTests.Provisioning_category_scope_boundary_covers_exact_site_credentials(category: CaptureAgent, scope: &quot;operator.site-qualification.enroll&quot;, expected: False)" storage="d:\task\remote signing\tagekyc\tests\tagekyc.integrationtests\bin\debug\net8.0\tagekyc.integrationtests.dll" id="336d1eb1-abec-03c2-ab8a-3eb4bb0f40e9">
      <Execution id="cbe33eea-e017-4df8-bad0-f11095888574" />
      <TestMethod codeBase="D:\Task\Remote Signing\TagEkyc\tests\TagEkyc.IntegrationTests\bin\Debug\net8.0\TagEkyc.IntegrationTests.dll" adapterTypeName="executor://xunit/VsTestRunner2/netcoreapp" className="TagEkyc.IntegrationTests.ProductionCompositionCorrectionTests" name="Provisioning_category_scope_boundary_covers_exact_site_credentials" />
    </UnitTest>
  </TestDefinitions>
  <TestEntries>
    <TestEntry testId="9f8e3891-df21-2c90-9eac-d0e778978be6" executionId="0ec32709-5f17-42c0-a524-a3ef16e0e4ab" testListId="8c84fa94-04c1-424b-9868-57a2d4851a1d" />
    <TestEntry testId="336d1eb1-abec-03c2-ab8a-3eb4bb0f40e9" executionId="cbe33eea-e017-4df8-bad0-f11095888574" testListId="8c84fa94-04c1-424b-9868-57a2d4851a1d" />
    <TestEntry testId="39249a5e-9a82-7739-d7ff-4c7206306332" executionId="1d94be6b-c3b2-4304-a594-db3e68f6078a" testListId="8c84fa94-04c1-424b-9868-57a2d4851a1d" />
    <TestEntry testId="9f16228b-2bae-b48a-9656-54e89c3fd776" executionId="c309d25f-2029-4655-9af7-29eea2f54477" testListId="8c84fa94-04c1-424b-9868-57a2d4851a1d" />
    <TestEntry testId="687f02aa-7b15-f68e-6e97-94cbf7e9ea07" executionId="7b45d62f-2967-49d9-8d10-9f1f5484b3e2" testListId="8c84fa94-04c1-424b-9868-57a2d4851a1d" />
    <TestEntry testId="4436eb5c-487f-e7e4-2939-6aeb2bbfbb3e" executionId="20fa4e1b-b811-4bf6-a9ea-14b8c08e13ff" testListId="8c84fa94-04c1-424b-9868-57a2d4851a1d" />
    <TestEntry testId="6a2a476b-baf8-228f-bdef-7f1348764f98" executionId="811feeef-76dd-47ed-9ef2-9bd194ea1b37" testListId="8c84fa94-04c1-424b-9868-57a2d4851a1d" />
    <TestEntry testId="a616d050-0a13-d32f-e302-e666df69c494" executionId="ffab4f0f-aa62-4ae5-9fcd-61b6f2f14a85" testListId="8c84fa94-04c1-424b-9868-57a2d4851a1d" />
    <TestEntry testId="97e38191-8e3d-8346-3808-e0405c8b5a55" executionId="75d8ea76-c6b8-4372-9526-8aaac9ab0d82" testListId="8c84fa94-04c1-424b-9868-57a2d4851a1d" />
    <TestEntry testId="06e75008-3fdd-0cde-000e-2194ee7fa912" executionId="87d394bf-fba4-4eb1-83de-863f784408f8" testListId="8c84fa94-04c1-424b-9868-57a2d4851a1d" />
    <TestEntry testId="58e67411-e13a-f5a8-2401-a5bb33c6c0e0" executionId="e0bf3da0-473d-456d-90a0-1d6beac2fd5f" testListId="8c84fa94-04c1-424b-9868-57a2d4851a1d" />
    <TestEntry testId="95fd4edf-b09c-68c8-f7f3-d3c8d6df723e" executionId="6b97dbd8-25c9-4870-bdc6-fd810be2d4ad" testListId="8c84fa94-04c1-424b-9868-57a2d4851a1d" />
    <TestEntry testId="073b6a96-772e-5d07-4812-3f5caf697552" executionId="0809fd9f-5a1c-4451-9fef-db7ec76e650d" testListId="8c84fa94-04c1-424b-9868-57a2d4851a1d" />
    <TestEntry testId="baf12313-dff8-5e11-b71a-de1fb03c78fb" executionId="2f45edde-3def-4087-ba1e-97481a39f9b6" testListId="8c84fa94-04c1-424b-9868-57a2d4851a1d" />
    <TestEntry testId="f6fc5eb0-6bc6-1de5-b2e9-0f9edd9d378c" executionId="0608dfab-c754-4d05-8515-c47f729731cb" testListId="8c84fa94-04c1-424b-9868-57a2d4851a1d" />
    <TestEntry testId="c3073589-237d-eefd-8744-071f9cd36a2a" executionId="94b843cd-09eb-4b85-98e4-e0314f98dbe5" testListId="8c84fa94-04c1-424b-9868-57a2d4851a1d" />
    <TestEntry testId="35da3392-a083-8558-cd39-4059ffb4cc74" executionId="b767bec2-fe8f-4ddc-822a-631a979a20b6" testListId="8c84fa94-04c1-424b-9868-57a2d4851a1d" />
    <TestEntry testId="043ddacb-e539-2410-f317-fff5e6bd9ae6" executionId="6d729866-298c-4146-966d-a782cef479ba" testListId="8c84fa94-04c1-424b-9868-57a2d4851a1d" />
    <TestEntry testId="6af56aea-a7bc-b7ef-720a-6f8d6f3de6ad" executionId="3d746071-8e74-44f1-b49e-24f9ad338b27" testListId="8c84fa94-04c1-424b-9868-57a2d4851a1d" />
    <TestEntry testId="7f872d99-838d-fce2-8ce3-dbdf6c7b5e0a" executionId="212ffe38-9fb4-441a-8b98-7fabdf2b95a7" testListId="8c84fa94-04c1-424b-9868-57a2d4851a1d" />
    <TestEntry testId="7fec0327-80ca-e8e8-0af7-0552b68c5121" executionId="ed8a6c46-3bbc-45f8-afad-37d9a0682eaa" testListId="8c84fa94-04c1-424b-9868-57a2d4851a1d" />
    <TestEntry testId="7e4e486d-99ba-b962-ccef-2a06ccedb620" executionId="6121be4a-b05c-4aed-b02d-af17fddd12a0" testListId="8c84fa94-04c1-424b-9868-57a2d4851a1d" />
    <TestEntry testId="70c2ac20-0d22-de48-3172-d947dbecf25d" executionId="38ac5aca-9213-4b63-8db4-b2882eb1749d" testListId="8c84fa94-04c1-424b-9868-57a2d4851a1d" />
    <TestEntry testId="ace66ea2-aac1-20f5-673a-d9461591d68d" executionId="b1e7d909-e825-4f4e-a448-e6281af9cf98" testListId="8c84fa94-04c1-424b-9868-57a2d4851a1d" />
    <TestEntry testId="f699b39d-9f25-c4ab-53f6-62dac0c0cfed" executionId="6d9ce033-fcb5-4d74-b406-cb8c4e4fe292" testListId="8c84fa94-04c1-424b-9868-57a2d4851a1d" />
    <TestEntry testId="3fb7944c-e11f-6c5b-04f0-e2eaa8386298" executionId="991a939a-b2b0-4453-9adb-b0b07151ed66" testListId="8c84fa94-04c1-424b-9868-57a2d4851a1d" />
    <TestEntry testId="256c687f-a455-7ed9-3ac0-334b458b816e" executionId="b7fd8523-a439-46e5-b2b3-aee6092c4795" testListId="8c84fa94-04c1-424b-9868-57a2d4851a1d" />
    <TestEntry testId="79b5747f-f255-b082-f067-7ccea752c3c7" executionId="8246ddb0-06b3-424e-8114-cf8c44d5e384" testListId="8c84fa94-04c1-424b-9868-57a2d4851a1d" />
    <TestEntry testId="d9d0ce30-37ed-cf54-707b-107aefb050c7" executionId="2ba7f9f2-9929-4821-98d2-d239cb214970" testListId="8c84fa94-04c1-424b-9868-57a2d4851a1d" />
    <TestEntry testId="6f89ae80-1ec4-f8e1-66c6-12f3585c14f6" executionId="4d48351f-4c27-40b7-b309-3404ff56457e" testListId="8c84fa94-04c1-424b-9868-57a2d4851a1d" />
    <TestEntry testId="4113efee-1359-b421-8bb3-caf91ed2d63a" executionId="c00a6776-ee56-41e5-a976-83e5c53b26c7" testListId="8c84fa94-04c1-424b-9868-57a2d4851a1d" />
    <TestEntry testId="b7dac6e6-06b5-a4d0-18b0-7bc6294d2e29" executionId="7d6c8fda-fa4c-4fc6-9c6c-c8e8d8d51399" testListId="8c84fa94-04c1-424b-9868-57a2d4851a1d" />
    <TestEntry testId="28e6270c-b031-f830-e655-dc2d41ed6ba3" executionId="aafe494c-7f5d-44fa-8929-a8b218192e73" testListId="8c84fa94-04c1-424b-9868-57a2d4851a1d" />
    <TestEntry testId="4d47f762-de8c-36ad-c33d-e93ea02a56ae" executionId="ae2aabe7-840f-4de1-b416-43cc90aa655d" testListId="8c84fa94-04c1-424b-9868-57a2d4851a1d" />
    <TestEntry testId="00e9e768-9704-ce28-e5cf-dea15b979ed8" executionId="229d7d47-06bb-4d4f-a9a3-be0104a26eae" testListId="8c84fa94-04c1-424b-9868-57a2d4851a1d" />
    <TestEntry testId="9ec261f7-a3fa-5688-e939-437dbbca1555" executionId="b9a2d25d-633b-4958-bf25-04a346188ca0" testListId="8c84fa94-04c1-424b-9868-57a2d4851a1d" />
    <TestEntry testId="edfa2e98-b249-825a-668d-b637c26ce7a3" executionId="e205028a-f241-4f98-827a-e033cae40a73" testListId="8c84fa94-04c1-424b-9868-57a2d4851a1d" />
    <TestEntry testId="9fbc6d68-bba9-aff3-4a4a-82565a3cd7d9" executionId="5a4a9b00-d606-478a-8c81-5c358b2d2cc8" testListId="8c84fa94-04c1-424b-9868-57a2d4851a1d" />
    <TestEntry testId="d80bd303-b641-427c-9d99-f89ec4069ae3" executionId="2d376b42-4165-456d-be05-75c6bfd5bae9" testListId="8c84fa94-04c1-424b-9868-57a2d4851a1d" />
    <TestEntry testId="7579dcea-cf7c-6781-ca4d-c6e69b9e7c72" executionId="d7e310c9-ad15-4d7b-b62b-31e29f22aa27" testListId="8c84fa94-04c1-424b-9868-57a2d4851a1d" />
    <TestEntry testId="e120280c-8fd6-1d2c-2d93-829699e097c2" executionId="a3b08ae4-0120-4c83-9873-6ed6c02e519a" testListId="8c84fa94-04c1-424b-9868-57a2d4851a1d" />
    <TestEntry testId="f8b90d91-52b8-709d-9bdc-fef8bf3be8d6" executionId="9d6c4b36-318c-4964-99fc-459a78b5103c" testListId="8c84fa94-04c1-424b-9868-57a2d4851a1d" />
    <TestEntry testId="578539e7-6c2e-1d87-270f-abce79ca7666" executionId="92bcb62d-db60-483a-b4da-ad06e3154615" testListId="8c84fa94-04c1-424b-9868-57a2d4851a1d" />
    <TestEntry testId="f72b51f2-03eb-cd13-f8de-acc687a13617" executionId="5341e0ae-c6de-4643-814f-6234d8d6154a" testListId="8c84fa94-04c1-424b-9868-57a2d4851a1d" />
    <TestEntry testId="e864bcad-77ef-7150-9d59-a2096ebf4faa" executionId="991661e3-ad03-4a11-b0bf-f837a3a09d7b" testListId="8c84fa94-04c1-424b-9868-57a2d4851a1d" />
    <TestEntry testId="87317a4b-ede9-63d6-2451-0a7a62444943" executionId="34b26ddb-e6d7-49dd-8f35-99795168b0e8" testListId="8c84fa94-04c1-424b-9868-57a2d4851a1d" />
    <TestEntry testId="fb7067aa-8e16-6004-46f2-6bec0a14e52e" executionId="e2e8f926-97a3-40f4-a272-07129f89ecc6" testListId="8c84fa94-04c1-424b-9868-57a2d4851a1d" />
    <TestEntry testId="f0726ede-c6bb-27e3-3ccf-c8db9dbc1be1" executionId="789bfec5-de52-4ba4-8127-f5f0a18ed899" testListId="8c84fa94-04c1-424b-9868-57a2d4851a1d" />
    <TestEntry testId="bdc0940c-9b66-844d-2020-c8510a6b43dc" executionId="86fd5af1-3ce6-4a86-acb4-4315a2b40854" testListId="8c84fa94-04c1-424b-9868-57a2d4851a1d" />
  </TestEntries>
  <TestLists>
    <TestList name="Results Not in a List" id="8c84fa94-04c1-424b-9868-57a2d4851a1d" />
    <TestList name="All Loaded Results" id="19431567-8539-422a-85d7-44ee4e166bda" />
  </TestLists>
  <ResultSummary outcome="Failed">
    <Counters total="49" executed="49" passed="48" failed="1" error="0" timeout="0" aborted="0" inconclusive="0" passedButRunAborted="0" notRunnable="0" notExecuted="0" disconnected="0" warning="0" completed="0" inProgress="0" pending="0" />
    <Output>
      <StdOut>[xUnit.net 00:00:00.00] xUnit.net VSTest Adapter v2.5.3.1+6b60a9e56a (64-bit .NET 8.0.22)&#xD;
[xUnit.net 00:00:00.37]   Discovering: TagEkyc.IntegrationTests&#xD;
[xUnit.net 00:00:00.53]   Discovered:  TagEkyc.IntegrationTests&#xD;
[xUnit.net 00:00:00.54]   Starting:    TagEkyc.IntegrationTests&#xD;
warn: Microsoft.AspNetCore.HttpsPolicy.HttpsRedirectionMiddleware[3]&#xD;
      Failed to determine the https port for redirect.&#xD;
warn: Microsoft.AspNetCore.HttpsPolicy.HttpsRedirectionMiddleware[3]&#xD;
      Failed to determine the https port for redirect.&#xD;
warn: Microsoft.AspNetCore.HttpsPolicy.HttpsRedirectionMiddleware[3]&#xD;
      Failed to determine the https port for redirect.&#xD;
warn: Microsoft.AspNetCore.HttpsPolicy.HttpsRedirectionMiddleware[3]&#xD;
      Failed to determine the https port for redirect.&#xD;
[xUnit.net 00:00:01.15]       Assert.Equal() Failure: Strings differ&#xD;
[xUnit.net 00:00:01.15]                                  ↓ (pos 16)&#xD;
[xUnit.net 00:00:01.15]       Expected: "PROD_RAW_EXPORT_SUBJECT_REF_TOKEN_FIXTURE"···&#xD;
[xUnit.net 00:00:01.15]       Actual:   "PROD_RAW_EXPORT_CLAIM_PROVIDERS_MISSING"&#xD;
[xUnit.net 00:00:01.15]                                  ↑ (pos 16)&#xD;
[xUnit.net 00:00:01.15]       Stack Trace:&#xD;
[xUnit.net 00:00:01.15]         D:\Task\Remote Signing\TagEkyc\tests\TagEkyc.IntegrationTests\ProductionCompositionCorrectionTests.cs(154,0): at TagEkyc.IntegrationTests.ProductionCompositionCorrectionTests.Production_broker_with_fixture_subject_token_fails_closed_at_subject_arm()&#xD;
[xUnit.net 00:00:01.15]            at System.RuntimeMethodHandle.InvokeMethod(Object target, Void** arguments, Signature sig, Boolean isConstructor)&#xD;
[xUnit.net 00:00:01.15]            at System.Reflection.MethodBaseInvoker.InvokeWithNoArgs(Object obj, BindingFlags invokeAttr)&#xD;
[xUnit.net 00:00:01.19]   Finished:    TagEkyc.IntegrationTests&#xD;
</StdOut>
    </Output>
    <RunInfos>
      <RunInfo computerName="LEARNPC" outcome="Error" timestamp="2026-10-01T11:42:52.5195239+07:00">
        <Text>[xUnit.net 00:00:01.15]     TagEkyc.IntegrationTests.ProductionCompositionCorrectionTests.Production_broker_with_fixture_subject_token_fails_closed_at_subject_arm [FAIL]</Text>
      </RunInfo>
    </RunInfos>
  </ResultSummary>
</TestRun>